
> avatar@0.1.0 test
> jest --coverage --coverageReporters=text

FAIL src/components/Layout/MainLayout.test.tsx
  ● MainLayout Component › renders children

    Element type is invalid: expected a string (for built-in components) or a class/function (for composite components) but got: undefined. You likely forgot to export your component from the file it's defined in, or you might have mixed up default and named imports.

    Check the render method of `Sidebar`.

      10 |
      11 | const renderLayout = (children: React.ReactNode = <div>Test Content</div>) =>
    > 12 |   render(
         |         ^
      13 |     <UserProvider>
      14 |       <MainLayout>{children}</MainLayout>
      15 |     </UserProvider>,

      at createFiberFromTypeAndProps (node_modules/react-dom/cjs/react-dom-client.development.js:5021:28)
      at createFiberFromElement (node_modules/react-dom/cjs/react-dom-client.development.js:5035:14)
      at reconcileChildFibersImpl (node_modules/react-dom/cjs/react-dom-client.development.js:6920:31)
      at node_modules/react-dom/cjs/react-dom-client.development.js:7098:33
      at reconcileChildren (node_modules/react-dom/cjs/react-dom-client.development.js:9701:13)
      at beginWork (node_modules/react-dom/cjs/react-dom-client.development.js:12049:13)
      at runWithFiberInDEV (node_modules/react-dom/cjs/react-dom-client.development.js:874:13)
      at performUnitOfWork (node_modules/react-dom/cjs/react-dom-client.development.js:17641:22)
      at workLoopSync (node_modules/react-dom/cjs/react-dom-client.development.js:17469:41)
      at renderRootSync (node_modules/react-dom/cjs/react-dom-client.development.js:17450:11)
      at performWorkOnRoot (node_modules/react-dom/cjs/react-dom-client.development.js:16583:35)
      at performWorkOnRootViaSchedulerTask (node_modules/react-dom/cjs/react-dom-client.development.js:18957:7)
      at flushActQueue (node_modules/react/cjs/react.development.js:590:34)
      at process.env.NODE_ENV.exports.act (node_modules/react/cjs/react.development.js:884:10)
      at node_modules/@testing-library/react/dist/act-compat.js:46:25
      at renderRoot (node_modules/@testing-library/react/dist/pure.js:189:26)
      at render (node_modules/@testing-library/react/dist/pure.js:291:10)
      at renderLayout (src/components/Layout/MainLayout.test.tsx:12:9)
      at Object.renderLayout (src/components/Layout/MainLayout.test.tsx:20:5)

  ● MainLayout Component › renders sidebar on non-creation pages

    Element type is invalid: expected a string (for built-in components) or a class/function (for composite components) but got: undefined. You likely forgot to export your component from the file it's defined in, or you might have mixed up default and named imports.

    Check the render method of `Sidebar`.

      10 |
      11 | const renderLayout = (children: React.ReactNode = <div>Test Content</div>) =>
    > 12 |   render(
         |         ^
      13 |     <UserProvider>
      14 |       <MainLayout>{children}</MainLayout>
      15 |     </UserProvider>,

      at createFiberFromTypeAndProps (node_modules/react-dom/cjs/react-dom-client.development.js:5021:28)
      at createFiberFromElement (node_modules/react-dom/cjs/react-dom-client.development.js:5035:14)
      at reconcileChildFibersImpl (node_modules/react-dom/cjs/react-dom-client.development.js:6920:31)
      at node_modules/react-dom/cjs/react-dom-client.development.js:7098:33
      at reconcileChildren (node_modules/react-dom/cjs/react-dom-client.development.js:9701:13)
      at beginWork (node_modules/react-dom/cjs/react-dom-client.development.js:12049:13)
      at runWithFiberInDEV (node_modules/react-dom/cjs/react-dom-client.development.js:874:13)
      at performUnitOfWork (node_modules/react-dom/cjs/react-dom-client.development.js:17641:22)
      at workLoopSync (node_modules/react-dom/cjs/react-dom-client.development.js:17469:41)
      at renderRootSync (node_modules/react-dom/cjs/react-dom-client.development.js:17450:11)
      at performWorkOnRoot (node_modules/react-dom/cjs/react-dom-client.development.js:16583:35)
      at performWorkOnRootViaSchedulerTask (node_modules/react-dom/cjs/react-dom-client.development.js:18957:7)
      at flushActQueue (node_modules/react/cjs/react.development.js:590:34)
      at process.env.NODE_ENV.exports.act (node_modules/react/cjs/react.development.js:884:10)
      at node_modules/@testing-library/react/dist/act-compat.js:46:25
      at renderRoot (node_modules/@testing-library/react/dist/pure.js:189:26)
      at render (node_modules/@testing-library/react/dist/pure.js:291:10)
      at renderLayout (src/components/Layout/MainLayout.test.tsx:12:9)
      at Object.renderLayout (src/components/Layout/MainLayout.test.tsx:25:5)

FAIL src/components/Wizard/variants/ContextualTour.test.tsx
  ● ContextualTour Component › renders tour content when active step is valid and element is found

    expect(jest.fn()).toHaveBeenCalledWith(...expected)

    Expected: "[data-tour=\"quick-start\"]"

    Number of calls: 0

      75 |     
      76 |     // Verify that querySelector was called with the correct selector
    > 77 |     expect(document.querySelector).toHaveBeenCalledWith('[data-tour="quick-start"]')
         |                                    ^
      78 |     
      79 |     // If we could force the component to think it's visible, it should render
      80 |     // For now, we'll test that the component doesn't crash and makes the right calls

      at Object.toHaveBeenCalledWith (src/components/Wizard/variants/ContextualTour.test.tsx:77:36)

FAIL src/components/Dashboard/Dashboard.test.tsx
  ● Dashboard Component › renders greeting message

    Element type is invalid: expected a string (for built-in components) or a class/function (for composite components) but got: undefined. You likely forgot to export your component from the file it's defined in, or you might have mixed up default and named imports.

    Check the render method of `Dashboard`.

      19 | describe('Dashboard Component', () => {
      20 |   it('renders greeting message', () => {
    > 21 |     render(<Dashboard />)
         |           ^
      22 |     expect(screen.getByText(/we missed you/)).toBeInTheDocument()
      23 |   })
      24 |

      at createFiberFromTypeAndProps (node_modules/react-dom/cjs/react-dom-client.development.js:5021:28)
      at createFiberFromElement (node_modules/react-dom/cjs/react-dom-client.development.js:5035:14)
      at reconcileChildFibersImpl (node_modules/react-dom/cjs/react-dom-client.development.js:6920:31)
      at node_modules/react-dom/cjs/react-dom-client.development.js:7098:33
      at reconcileChildren (node_modules/react-dom/cjs/react-dom-client.development.js:9701:13)
      at beginWork (node_modules/react-dom/cjs/react-dom-client.development.js:12049:13)
      at runWithFiberInDEV (node_modules/react-dom/cjs/react-dom-client.development.js:874:13)
      at performUnitOfWork (node_modules/react-dom/cjs/react-dom-client.development.js:17641:22)
      at workLoopSync (node_modules/react-dom/cjs/react-dom-client.development.js:17469:41)
      at renderRootSync (node_modules/react-dom/cjs/react-dom-client.development.js:17450:11)
      at performWorkOnRoot (node_modules/react-dom/cjs/react-dom-client.development.js:16583:35)
      at performWorkOnRootViaSchedulerTask (node_modules/react-dom/cjs/react-dom-client.development.js:18957:7)
      at flushActQueue (node_modules/react/cjs/react.development.js:590:34)
      at process.env.NODE_ENV.exports.act (node_modules/react/cjs/react.development.js:884:10)
      at node_modules/@testing-library/react/dist/act-compat.js:46:25
      at renderRoot (node_modules/@testing-library/react/dist/pure.js:189:26)
      at render (node_modules/@testing-library/react/dist/pure.js:291:10)
      at Object.<anonymous> (src/components/Dashboard/Dashboard.test.tsx:21:11)

  ● Dashboard Component › renders greeting subtitle

    Element type is invalid: expected a string (for built-in components) or a class/function (for composite components) but got: undefined. You likely forgot to export your component from the file it's defined in, or you might have mixed up default and named imports.

    Check the render method of `Dashboard`.

      24 |
      25 |   it('renders greeting subtitle', () => {
    > 26 |     render(<Dashboard />)
         |           ^
      27 |     expect(screen.getByText(/Ready to reach your goals today/)).toBeInTheDocument()
      28 |   })
      29 |

      at createFiberFromTypeAndProps (node_modules/react-dom/cjs/react-dom-client.development.js:5021:28)
      at createFiberFromElement (node_modules/react-dom/cjs/react-dom-client.development.js:5035:14)
      at reconcileChildFibersImpl (node_modules/react-dom/cjs/react-dom-client.development.js:6920:31)
      at node_modules/react-dom/cjs/react-dom-client.development.js:7098:33
      at reconcileChildren (node_modules/react-dom/cjs/react-dom-client.development.js:9701:13)
      at beginWork (node_modules/react-dom/cjs/react-dom-client.development.js:12049:13)
      at runWithFiberInDEV (node_modules/react-dom/cjs/react-dom-client.development.js:874:13)
      at performUnitOfWork (node_modules/react-dom/cjs/react-dom-client.development.js:17641:22)
      at workLoopSync (node_modules/react-dom/cjs/react-dom-client.development.js:17469:41)
      at renderRootSync (node_modules/react-dom/cjs/react-dom-client.development.js:17450:11)
      at performWorkOnRoot (node_modules/react-dom/cjs/react-dom-client.development.js:16583:35)
      at performWorkOnRootViaSchedulerTask (node_modules/react-dom/cjs/react-dom-client.development.js:18957:7)
      at flushActQueue (node_modules/react/cjs/react.development.js:590:34)
      at process.env.NODE_ENV.exports.act (node_modules/react/cjs/react.development.js:884:10)
      at node_modules/@testing-library/react/dist/act-compat.js:46:25
      at renderRoot (node_modules/@testing-library/react/dist/pure.js:189:26)
      at render (node_modules/@testing-library/react/dist/pure.js:291:10)
      at Object.<anonymous> (src/components/Dashboard/Dashboard.test.tsx:26:11)

  ● Dashboard Component › renders action card subtitles

    Element type is invalid: expected a string (for built-in components) or a class/function (for composite components) but got: undefined. You likely forgot to export your component from the file it's defined in, or you might have mixed up default and named imports.

    Check the render method of `Dashboard`.

      29 |
      30 |   it('renders action card subtitles', () => {
    > 31 |     render(<Dashboard />)
         |           ^
      32 |     expect(screen.getByText('Add AI avatar or voice to your slides')).toBeInTheDocument()
      33 |     expect(screen.getByText('Translate and dub your video')).toBeInTheDocument()
      34 |     expect(screen.getByText('Set up conversational multilingual assistant')).toBeInTheDocument()

      at createFiberFromTypeAndProps (node_modules/react-dom/cjs/react-dom-client.development.js:5021:28)
      at createFiberFromElement (node_modules/react-dom/cjs/react-dom-client.development.js:5035:14)
      at reconcileChildFibersImpl (node_modules/react-dom/cjs/react-dom-client.development.js:6920:31)
      at node_modules/react-dom/cjs/react-dom-client.development.js:7098:33
      at reconcileChildren (node_modules/react-dom/cjs/react-dom-client.development.js:9701:13)
      at beginWork (node_modules/react-dom/cjs/react-dom-client.development.js:12049:13)
      at runWithFiberInDEV (node_modules/react-dom/cjs/react-dom-client.development.js:874:13)
      at performUnitOfWork (node_modules/react-dom/cjs/react-dom-client.development.js:17641:22)
      at workLoopSync (node_modules/react-dom/cjs/react-dom-client.development.js:17469:41)
      at renderRootSync (node_modules/react-dom/cjs/react-dom-client.development.js:17450:11)
      at performWorkOnRoot (node_modules/react-dom/cjs/react-dom-client.development.js:16583:35)
      at performWorkOnRootViaSchedulerTask (node_modules/react-dom/cjs/react-dom-client.development.js:18957:7)
      at flushActQueue (node_modules/react/cjs/react.development.js:590:34)
      at process.env.NODE_ENV.exports.act (node_modules/react/cjs/react.development.js:884:10)
      at node_modules/@testing-library/react/dist/act-compat.js:46:25
      at renderRoot (node_modules/@testing-library/react/dist/pure.js:189:26)
      at render (node_modules/@testing-library/react/dist/pure.js:291:10)
      at Object.<anonymous> (src/components/Dashboard/Dashboard.test.tsx:31:11)

  ● Dashboard Component › renders video section

    Element type is invalid: expected a string (for built-in components) or a class/function (for composite components) but got: undefined. You likely forgot to export your component from the file it's defined in, or you might have mixed up default and named imports.

    Check the render method of `Dashboard`.

      37 |
      38 |   it('renders video section', () => {
    > 39 |     render(<Dashboard />)
         |           ^
      40 |     expect(screen.getByText('Project Wizards')).toBeInTheDocument()
      41 |   })
      42 |

      at createFiberFromTypeAndProps (node_modules/react-dom/cjs/react-dom-client.development.js:5021:28)
      at createFiberFromElement (node_modules/react-dom/cjs/react-dom-client.development.js:5035:14)
      at reconcileChildFibersImpl (node_modules/react-dom/cjs/react-dom-client.development.js:6920:31)
      at node_modules/react-dom/cjs/react-dom-client.development.js:7098:33
      at reconcileChildren (node_modules/react-dom/cjs/react-dom-client.development.js:9701:13)
      at beginWork (node_modules/react-dom/cjs/react-dom-client.development.js:12049:13)
      at runWithFiberInDEV (node_modules/react-dom/cjs/react-dom-client.development.js:874:13)
      at performUnitOfWork (node_modules/react-dom/cjs/react-dom-client.development.js:17641:22)
      at workLoopSync (node_modules/react-dom/cjs/react-dom-client.development.js:17469:41)
      at renderRootSync (node_modules/react-dom/cjs/react-dom-client.development.js:17450:11)
      at performWorkOnRoot (node_modules/react-dom/cjs/react-dom-client.development.js:16583:35)
      at performWorkOnRootViaSchedulerTask (node_modules/react-dom/cjs/react-dom-client.development.js:18957:7)
      at flushActQueue (node_modules/react/cjs/react.development.js:590:34)
      at process.env.NODE_ENV.exports.act (node_modules/react/cjs/react.development.js:884:10)
      at node_modules/@testing-library/react/dist/act-compat.js:46:25
      at renderRoot (node_modules/@testing-library/react/dist/pure.js:189:26)
      at render (node_modules/@testing-library/react/dist/pure.js:291:10)
      at Object.<anonymous> (src/components/Dashboard/Dashboard.test.tsx:39:11)

  ● Dashboard Component › renders card links

    Element type is invalid: expected a string (for built-in components) or a class/function (for composite components) but got: undefined. You likely forgot to export your component from the file it's defined in, or you might have mixed up default and named imports.

    Check the render method of `Dashboard`.

      42 |
      43 |   it('renders card links', () => {
    > 44 |     render(<Dashboard />)
         |           ^
      45 |     expect(screen.getByText('Make slides interactive')).toBeInTheDocument()
      46 |     expect(screen.getByText('Upload your video')).toBeInTheDocument()
      47 |     expect(screen.getByText('Generate Chat-avatar')).toBeInTheDocument()

      at createFiberFromTypeAndProps (node_modules/react-dom/cjs/react-dom-client.development.js:5021:28)
      at createFiberFromElement (node_modules/react-dom/cjs/react-dom-client.development.js:5035:14)
      at reconcileChildFibersImpl (node_modules/react-dom/cjs/react-dom-client.development.js:6920:31)
      at node_modules/react-dom/cjs/react-dom-client.development.js:7098:33
      at reconcileChildren (node_modules/react-dom/cjs/react-dom-client.development.js:9701:13)
      at beginWork (node_modules/react-dom/cjs/react-dom-client.development.js:12049:13)
      at runWithFiberInDEV (node_modules/react-dom/cjs/react-dom-client.development.js:874:13)
      at performUnitOfWork (node_modules/react-dom/cjs/react-dom-client.development.js:17641:22)
      at workLoopSync (node_modules/react-dom/cjs/react-dom-client.development.js:17469:41)
      at renderRootSync (node_modules/react-dom/cjs/react-dom-client.development.js:17450:11)
      at performWorkOnRoot (node_modules/react-dom/cjs/react-dom-client.development.js:16583:35)
      at performWorkOnRootViaSchedulerTask (node_modules/react-dom/cjs/react-dom-client.development.js:18957:7)
      at flushActQueue (node_modules/react/cjs/react.development.js:590:34)
      at process.env.NODE_ENV.exports.act (node_modules/react/cjs/react.development.js:884:10)
      at node_modules/@testing-library/react/dist/act-compat.js:46:25
      at renderRoot (node_modules/@testing-library/react/dist/pure.js:189:26)
      at render (node_modules/@testing-library/react/dist/pure.js:291:10)
      at Object.<anonymous> (src/components/Dashboard/Dashboard.test.tsx:44:11)

  ● Dashboard Component › calls onOpenPresentationModal when clicking a modal tab card

    Element type is invalid: expected a string (for built-in components) or a class/function (for composite components) but got: undefined. You likely forgot to export your component from the file it's defined in, or you might have mixed up default and named imports.

    Check the render method of `Dashboard`.

      51 |   it('calls onOpenPresentationModal when clicking a modal tab card', () => {
      52 |     const mockOnOpen = jest.fn()
    > 53 |     render(<Dashboard onOpenPresentationModal={mockOnOpen} />)
         |           ^
      54 |
      55 |     const slidesCard = screen.getByText('Make slides interactive')
      56 |     fireEvent.click(slidesCard)

      at createFiberFromTypeAndProps (node_modules/react-dom/cjs/react-dom-client.development.js:5021:28)
      at createFiberFromElement (node_modules/react-dom/cjs/react-dom-client.development.js:5035:14)
      at reconcileChildFibersImpl (node_modules/react-dom/cjs/react-dom-client.development.js:6920:31)
      at node_modules/react-dom/cjs/react-dom-client.development.js:7098:33
      at reconcileChildren (node_modules/react-dom/cjs/react-dom-client.development.js:9701:13)
      at beginWork (node_modules/react-dom/cjs/react-dom-client.development.js:12049:13)
      at runWithFiberInDEV (node_modules/react-dom/cjs/react-dom-client.development.js:874:13)
      at performUnitOfWork (node_modules/react-dom/cjs/react-dom-client.development.js:17641:22)
      at workLoopSync (node_modules/react-dom/cjs/react-dom-client.development.js:17469:41)
      at renderRootSync (node_modules/react-dom/cjs/react-dom-client.development.js:17450:11)
      at performWorkOnRoot (node_modules/react-dom/cjs/react-dom-client.development.js:16583:35)
      at performWorkOnRootViaSchedulerTask (node_modules/react-dom/cjs/react-dom-client.development.js:18957:7)
      at flushActQueue (node_modules/react/cjs/react.development.js:590:34)
      at process.env.NODE_ENV.exports.act (node_modules/react/cjs/react.development.js:884:10)
      at node_modules/@testing-library/react/dist/act-compat.js:46:25
      at renderRoot (node_modules/@testing-library/react/dist/pure.js:189:26)
      at render (node_modules/@testing-library/react/dist/pure.js:291:10)
      at Object.<anonymous> (src/components/Dashboard/Dashboard.test.tsx:53:11)

  ● Dashboard Component › renders quick start button

    Element type is invalid: expected a string (for built-in components) or a class/function (for composite components) but got: undefined. You likely forgot to export your component from the file it's defined in, or you might have mixed up default and named imports.

    Check the render method of `Dashboard`.

      60 |
      61 |   it('renders quick start button', () => {
    > 62 |     render(<Dashboard />)
         |           ^
      63 |     expect(screen.getByText('Quick Start')).toBeInTheDocument()
      64 |   })
      65 |

      at createFiberFromTypeAndProps (node_modules/react-dom/cjs/react-dom-client.development.js:5021:28)
      at createFiberFromElement (node_modules/react-dom/cjs/react-dom-client.development.js:5035:14)
      at reconcileChildFibersImpl (node_modules/react-dom/cjs/react-dom-client.development.js:6920:31)
      at node_modules/react-dom/cjs/react-dom-client.development.js:7098:33
      at reconcileChildren (node_modules/react-dom/cjs/react-dom-client.development.js:9701:13)
      at beginWork (node_modules/react-dom/cjs/react-dom-client.development.js:12049:13)
      at runWithFiberInDEV (node_modules/react-dom/cjs/react-dom-client.development.js:874:13)
      at performUnitOfWork (node_modules/react-dom/cjs/react-dom-client.development.js:17641:22)
      at workLoopSync (node_modules/react-dom/cjs/react-dom-client.development.js:17469:41)
      at renderRootSync (node_modules/react-dom/cjs/react-dom-client.development.js:17450:11)
      at performWorkOnRoot (node_modules/react-dom/cjs/react-dom-client.development.js:16583:35)
      at performWorkOnRootViaSchedulerTask (node_modules/react-dom/cjs/react-dom-client.development.js:18957:7)
      at flushActQueue (node_modules/react/cjs/react.development.js:590:34)
      at process.env.NODE_ENV.exports.act (node_modules/react/cjs/react.development.js:884:10)
      at node_modules/@testing-library/react/dist/act-compat.js:46:25
      at renderRoot (node_modules/@testing-library/react/dist/pure.js:189:26)
      at render (node_modules/@testing-library/react/dist/pure.js:291:10)
      at Object.<anonymous> (src/components/Dashboard/Dashboard.test.tsx:62:11)

  ● Dashboard Component › renders description

    Element type is invalid: expected a string (for built-in components) or a class/function (for composite components) but got: undefined. You likely forgot to export your component from the file it's defined in, or you might have mixed up default and named imports.

    Check the render method of `Dashboard`.

      65 |
      66 |   it('renders description', () => {
    > 67 |     render(<Dashboard />)
         |           ^
      68 |     expect(screen.getByText('Create quick presentation')).toBeInTheDocument()
      69 |   })
      70 |

      at createFiberFromTypeAndProps (node_modules/react-dom/cjs/react-dom-client.development.js:5021:28)
      at createFiberFromElement (node_modules/react-dom/cjs/react-dom-client.development.js:5035:14)
      at reconcileChildFibersImpl (node_modules/react-dom/cjs/react-dom-client.development.js:6920:31)
      at node_modules/react-dom/cjs/react-dom-client.development.js:7098:33
      at reconcileChildren (node_modules/react-dom/cjs/react-dom-client.development.js:9701:13)
      at beginWork (node_modules/react-dom/cjs/react-dom-client.development.js:12049:13)
      at runWithFiberInDEV (node_modules/react-dom/cjs/react-dom-client.development.js:874:13)
      at performUnitOfWork (node_modules/react-dom/cjs/react-dom-client.development.js:17641:22)
      at workLoopSync (node_modules/react-dom/cjs/react-dom-client.development.js:17469:41)
      at renderRootSync (node_modules/react-dom/cjs/react-dom-client.development.js:17450:11)
      at performWorkOnRoot (node_modules/react-dom/cjs/react-dom-client.development.js:16583:35)
      at performWorkOnRootViaSchedulerTask (node_modules/react-dom/cjs/react-dom-client.development.js:18957:7)
      at flushActQueue (node_modules/react/cjs/react.development.js:590:34)
      at process.env.NODE_ENV.exports.act (node_modules/react/cjs/react.development.js:884:10)
      at node_modules/@testing-library/react/dist/act-compat.js:46:25
      at renderRoot (node_modules/@testing-library/react/dist/pure.js:189:26)
      at render (node_modules/@testing-library/react/dist/pure.js:291:10)
      at Object.<anonymous> (src/components/Dashboard/Dashboard.test.tsx:67:11)

  ● Dashboard Component › renders 4 action cards

    Element type is invalid: expected a string (for built-in components) or a class/function (for composite components) but got: undefined. You likely forgot to export your component from the file it's defined in, or you might have mixed up default and named imports.

    Check the render method of `Dashboard`.

      70 |
      71 |   it('renders 4 action cards', () => {
    > 72 |     render(<Dashboard />)
         |           ^
      73 |     const titles = screen.getAllByText(/Presentation/)
      74 |     expect(titles.length).toBeGreaterThanOrEqual(1)
      75 |   })

      at createFiberFromTypeAndProps (node_modules/react-dom/cjs/react-dom-client.development.js:5021:28)
      at createFiberFromElement (node_modules/react-dom/cjs/react-dom-client.development.js:5035:14)
      at reconcileChildFibersImpl (node_modules/react-dom/cjs/react-dom-client.development.js:6920:31)
      at node_modules/react-dom/cjs/react-dom-client.development.js:7098:33
      at reconcileChildren (node_modules/react-dom/cjs/react-dom-client.development.js:9701:13)
      at beginWork (node_modules/react-dom/cjs/react-dom-client.development.js:12049:13)
      at runWithFiberInDEV (node_modules/react-dom/cjs/react-dom-client.development.js:874:13)
      at performUnitOfWork (node_modules/react-dom/cjs/react-dom-client.development.js:17641:22)
      at workLoopSync (node_modules/react-dom/cjs/react-dom-client.development.js:17469:41)
      at renderRootSync (node_modules/react-dom/cjs/react-dom-client.development.js:17450:11)
      at performWorkOnRoot (node_modules/react-dom/cjs/react-dom-client.development.js:16583:35)
      at performWorkOnRootViaSchedulerTask (node_modules/react-dom/cjs/react-dom-client.development.js:18957:7)
      at flushActQueue (node_modules/react/cjs/react.development.js:590:34)
      at process.env.NODE_ENV.exports.act (node_modules/react/cjs/react.development.js:884:10)
      at node_modules/@testing-library/react/dist/act-compat.js:46:25
      at renderRoot (node_modules/@testing-library/react/dist/pure.js:189:26)
      at render (node_modules/@testing-library/react/dist/pure.js:291:10)
      at Object.<anonymous> (src/components/Dashboard/Dashboard.test.tsx:72:11)

  ● Dashboard Component › renders templates section

    Element type is invalid: expected a string (for built-in components) or a class/function (for composite components) but got: undefined. You likely forgot to export your component from the file it's defined in, or you might have mixed up default and named imports.

    Check the render method of `Dashboard`.

      76 |
      77 |   it('renders templates section', () => {
    > 78 |     render(<Dashboard />)
         |           ^
      79 |     expect(screen.getByText('Templates')).toBeInTheDocument()
      80 |   })
      81 |

      at createFiberFromTypeAndProps (node_modules/react-dom/cjs/react-dom-client.development.js:5021:28)
      at createFiberFromElement (node_modules/react-dom/cjs/react-dom-client.development.js:5035:14)
      at reconcileChildFibersImpl (node_modules/react-dom/cjs/react-dom-client.development.js:6920:31)
      at node_modules/react-dom/cjs/react-dom-client.development.js:7098:33
      at reconcileChildren (node_modules/react-dom/cjs/react-dom-client.development.js:9701:13)
      at beginWork (node_modules/react-dom/cjs/react-dom-client.development.js:12049:13)
      at runWithFiberInDEV (node_modules/react-dom/cjs/react-dom-client.development.js:874:13)
      at performUnitOfWork (node_modules/react-dom/cjs/react-dom-client.development.js:17641:22)
      at workLoopSync (node_modules/react-dom/cjs/react-dom-client.development.js:17469:41)
      at renderRootSync (node_modules/react-dom/cjs/react-dom-client.development.js:17450:11)
      at performWorkOnRoot (node_modules/react-dom/cjs/react-dom-client.development.js:16583:35)
      at performWorkOnRootViaSchedulerTask (node_modules/react-dom/cjs/react-dom-client.development.js:18957:7)
      at flushActQueue (node_modules/react/cjs/react.development.js:590:34)
      at process.env.NODE_ENV.exports.act (node_modules/react/cjs/react.development.js:884:10)
      at node_modules/@testing-library/react/dist/act-compat.js:46:25
      at renderRoot (node_modules/@testing-library/react/dist/pure.js:189:26)
      at render (node_modules/@testing-library/react/dist/pure.js:291:10)
      at Object.<anonymous> (src/components/Dashboard/Dashboard.test.tsx:78:11)

  ● Dashboard Component › renders recent projects section

    Element type is invalid: expected a string (for built-in components) or a class/function (for composite components) but got: undefined. You likely forgot to export your component from the file it's defined in, or you might have mixed up default and named imports.

    Check the render method of `Dashboard`.

      81 |
      82 |   it('renders recent projects section', () => {
    > 83 |     render(<Dashboard />)
         |           ^
      84 |     expect(screen.getByText('Recent Projects')).toBeInTheDocument()
      85 |   })
      86 | })

      at createFiberFromTypeAndProps (node_modules/react-dom/cjs/react-dom-client.development.js:5021:28)
      at createFiberFromElement (node_modules/react-dom/cjs/react-dom-client.development.js:5035:14)
      at reconcileChildFibersImpl (node_modules/react-dom/cjs/react-dom-client.development.js:6920:31)
      at node_modules/react-dom/cjs/react-dom-client.development.js:7098:33
      at reconcileChildren (node_modules/react-dom/cjs/react-dom-client.development.js:9701:13)
      at beginWork (node_modules/react-dom/cjs/react-dom-client.development.js:12049:13)
      at runWithFiberInDEV (node_modules/react-dom/cjs/react-dom-client.development.js:874:13)
      at performUnitOfWork (node_modules/react-dom/cjs/react-dom-client.development.js:17641:22)
      at workLoopSync (node_modules/react-dom/cjs/react-dom-client.development.js:17469:41)
      at renderRootSync (node_modules/react-dom/cjs/react-dom-client.development.js:17450:11)
      at performWorkOnRoot (node_modules/react-dom/cjs/react-dom-client.development.js:16583:35)
      at performWorkOnRootViaSchedulerTask (node_modules/react-dom/cjs/react-dom-client.development.js:18957:7)
      at flushActQueue (node_modules/react/cjs/react.development.js:590:34)
      at process.env.NODE_ENV.exports.act (node_modules/react/cjs/react.development.js:884:10)
      at node_modules/@testing-library/react/dist/act-compat.js:46:25
      at renderRoot (node_modules/@testing-library/react/dist/pure.js:189:26)
      at render (node_modules/@testing-library/react/dist/pure.js:291:10)
      at Object.<anonymous> (src/components/Dashboard/Dashboard.test.tsx:83:11)

FAIL src/components/ChatAvatar/Creator/Creator.test.tsx
  ● ChatAvatar Creator Component › renders creator title

    Element type is invalid: expected a string (for built-in components) or a class/function (for composite components) but got: undefined. You likely forgot to export your component from the file it's defined in, or you might have mixed up default and named imports.

    Check the render method of `WizardLayout`.

       5 | describe('ChatAvatar Creator Component', () => {
       6 |   it('renders creator title', () => {
    >  7 |     render(<Creator />)
         |           ^
       8 |     expect(screen.getByText('Creating your AI Chat Avatar')).toBeInTheDocument()
       9 |   })
      10 |

      at createFiberFromTypeAndProps (node_modules/react-dom/cjs/react-dom-client.development.js:5021:28)
      at createFiberFromElement (node_modules/react-dom/cjs/react-dom-client.development.js:5035:14)
      at createChild (node_modules/react-dom/cjs/react-dom-client.development.js:6338:26)
      at reconcileChildrenArray (node_modules/react-dom/cjs/react-dom-client.development.js:6670:25)
      at reconcileChildFibersImpl (node_modules/react-dom/cjs/react-dom-client.development.js:6993:30)
      at node_modules/react-dom/cjs/react-dom-client.development.js:7098:33
      at reconcileChildren (node_modules/react-dom/cjs/react-dom-client.development.js:9701:13)
      at beginWork (node_modules/react-dom/cjs/react-dom-client.development.js:12049:13)
      at runWithFiberInDEV (node_modules/react-dom/cjs/react-dom-client.development.js:874:13)
      at performUnitOfWork (node_modules/react-dom/cjs/react-dom-client.development.js:17641:22)
      at workLoopSync (node_modules/react-dom/cjs/react-dom-client.development.js:17469:41)
      at renderRootSync (node_modules/react-dom/cjs/react-dom-client.development.js:17450:11)
      at performWorkOnRoot (node_modules/react-dom/cjs/react-dom-client.development.js:16583:35)
      at performWorkOnRootViaSchedulerTask (node_modules/react-dom/cjs/react-dom-client.development.js:18957:7)
      at flushActQueue (node_modules/react/cjs/react.development.js:590:34)
      at process.env.NODE_ENV.exports.act (node_modules/react/cjs/react.development.js:884:10)
      at node_modules/@testing-library/react/dist/act-compat.js:46:25
      at renderRoot (node_modules/@testing-library/react/dist/pure.js:189:26)
      at render (node_modules/@testing-library/react/dist/pure.js:291:10)
      at Object.<anonymous> (src/components/ChatAvatar/Creator/Creator.test.tsx:7:11)

  ● ChatAvatar Creator Component › renders step labels in sidebar

    Element type is invalid: expected a string (for built-in components) or a class/function (for composite components) but got: undefined. You likely forgot to export your component from the file it's defined in, or you might have mixed up default and named imports.

    Check the render method of `WizardLayout`.

      10 |
      11 |   it('renders step labels in sidebar', () => {
    > 12 |     render(<Creator />)
         |           ^
      13 |     const stepLabels = document.querySelectorAll('[class*="stepLabel"]')
      14 |     expect(stepLabels.length).toBe(4)
      15 |   })

      at createFiberFromTypeAndProps (node_modules/react-dom/cjs/react-dom-client.development.js:5021:28)
      at createFiberFromElement (node_modules/react-dom/cjs/react-dom-client.development.js:5035:14)
      at createChild (node_modules/react-dom/cjs/react-dom-client.development.js:6338:26)
      at reconcileChildrenArray (node_modules/react-dom/cjs/react-dom-client.development.js:6670:25)
      at reconcileChildFibersImpl (node_modules/react-dom/cjs/react-dom-client.development.js:6993:30)
      at node_modules/react-dom/cjs/react-dom-client.development.js:7098:33
      at reconcileChildren (node_modules/react-dom/cjs/react-dom-client.development.js:9701:13)
      at beginWork (node_modules/react-dom/cjs/react-dom-client.development.js:12049:13)
      at runWithFiberInDEV (node_modules/react-dom/cjs/react-dom-client.development.js:874:13)
      at performUnitOfWork (node_modules/react-dom/cjs/react-dom-client.development.js:17641:22)
      at workLoopSync (node_modules/react-dom/cjs/react-dom-client.development.js:17469:41)
      at renderRootSync (node_modules/react-dom/cjs/react-dom-client.development.js:17450:11)
      at performWorkOnRoot (node_modules/react-dom/cjs/react-dom-client.development.js:16583:35)
      at performWorkOnRootViaSchedulerTask (node_modules/react-dom/cjs/react-dom-client.development.js:18957:7)
      at flushActQueue (node_modules/react/cjs/react.development.js:590:34)
      at process.env.NODE_ENV.exports.act (node_modules/react/cjs/react.development.js:884:10)
      at node_modules/@testing-library/react/dist/act-compat.js:46:25
      at renderRoot (node_modules/@testing-library/react/dist/pure.js:189:26)
      at render (node_modules/@testing-library/react/dist/pure.js:291:10)
      at Object.<anonymous> (src/components/ChatAvatar/Creator/Creator.test.tsx:12:11)

  ● ChatAvatar Creator Component › renders step 1 content by default

    Element type is invalid: expected a string (for built-in components) or a class/function (for composite components) but got: undefined. You likely forgot to export your component from the file it's defined in, or you might have mixed up default and named imports.

    Check the render method of `WizardLayout`.

      16 |
      17 |   it('renders step 1 content by default', () => {
    > 18 |     render(<Creator />)
         |           ^
      19 |     expect(screen.getByText('Project Name')).toBeInTheDocument()
      20 |     expect(screen.getByText('Avatar Name')).toBeInTheDocument()
      21 |     expect(screen.getByText('Default Language')).toBeInTheDocument()

      at createFiberFromTypeAndProps (node_modules/react-dom/cjs/react-dom-client.development.js:5021:28)
      at createFiberFromElement (node_modules/react-dom/cjs/react-dom-client.development.js:5035:14)
      at createChild (node_modules/react-dom/cjs/react-dom-client.development.js:6338:26)
      at reconcileChildrenArray (node_modules/react-dom/cjs/react-dom-client.development.js:6670:25)
      at reconcileChildFibersImpl (node_modules/react-dom/cjs/react-dom-client.development.js:6993:30)
      at node_modules/react-dom/cjs/react-dom-client.development.js:7098:33
      at reconcileChildren (node_modules/react-dom/cjs/react-dom-client.development.js:9701:13)
      at beginWork (node_modules/react-dom/cjs/react-dom-client.development.js:12049:13)
      at runWithFiberInDEV (node_modules/react-dom/cjs/react-dom-client.development.js:874:13)
      at performUnitOfWork (node_modules/react-dom/cjs/react-dom-client.development.js:17641:22)
      at workLoopSync (node_modules/react-dom/cjs/react-dom-client.development.js:17469:41)
      at renderRootSync (node_modules/react-dom/cjs/react-dom-client.development.js:17450:11)
      at performWorkOnRoot (node_modules/react-dom/cjs/react-dom-client.development.js:16583:35)
      at performWorkOnRootViaSchedulerTask (node_modules/react-dom/cjs/react-dom-client.development.js:18957:7)
      at flushActQueue (node_modules/react/cjs/react.development.js:590:34)
      at process.env.NODE_ENV.exports.act (node_modules/react/cjs/react.development.js:884:10)
      at node_modules/@testing-library/react/dist/act-compat.js:46:25
      at renderRoot (node_modules/@testing-library/react/dist/pure.js:189:26)
      at render (node_modules/@testing-library/react/dist/pure.js:291:10)
      at Object.<anonymous> (src/components/ChatAvatar/Creator/Creator.test.tsx:18:11)

  ● ChatAvatar Creator Component › renders avatar grid on step 1

    Element type is invalid: expected a string (for built-in components) or a class/function (for composite components) but got: undefined. You likely forgot to export your component from the file it's defined in, or you might have mixed up default and named imports.

    Check the render method of `WizardLayout`.

      24 |
      25 |   it('renders avatar grid on step 1', () => {
    > 26 |     render(<Creator />)
         |           ^
      27 |     expect(screen.getByText('Photo')).toBeInTheDocument()
      28 |     expect(screen.getByText('Add Your Own')).toBeInTheDocument()
      29 |   })

      at createFiberFromTypeAndProps (node_modules/react-dom/cjs/react-dom-client.development.js:5021:28)
      at createFiberFromElement (node_modules/react-dom/cjs/react-dom-client.development.js:5035:14)
      at createChild (node_modules/react-dom/cjs/react-dom-client.development.js:6338:26)
      at reconcileChildrenArray (node_modules/react-dom/cjs/react-dom-client.development.js:6670:25)
      at reconcileChildFibersImpl (node_modules/react-dom/cjs/react-dom-client.development.js:6993:30)
      at node_modules/react-dom/cjs/react-dom-client.development.js:7098:33
      at reconcileChildren (node_modules/react-dom/cjs/react-dom-client.development.js:9701:13)
      at beginWork (node_modules/react-dom/cjs/react-dom-client.development.js:12049:13)
      at runWithFiberInDEV (node_modules/react-dom/cjs/react-dom-client.development.js:874:13)
      at performUnitOfWork (node_modules/react-dom/cjs/react-dom-client.development.js:17641:22)
      at workLoopSync (node_modules/react-dom/cjs/react-dom-client.development.js:17469:41)
      at renderRootSync (node_modules/react-dom/cjs/react-dom-client.development.js:17450:11)
      at performWorkOnRoot (node_modules/react-dom/cjs/react-dom-client.development.js:16583:35)
      at performWorkOnRootViaSchedulerTask (node_modules/react-dom/cjs/react-dom-client.development.js:18957:7)
      at flushActQueue (node_modules/react/cjs/react.development.js:590:34)
      at process.env.NODE_ENV.exports.act (node_modules/react/cjs/react.development.js:884:10)
      at node_modules/@testing-library/react/dist/act-compat.js:46:25
      at renderRoot (node_modules/@testing-library/react/dist/pure.js:189:26)
      at render (node_modules/@testing-library/react/dist/pure.js:291:10)
      at Object.<anonymous> (src/components/ChatAvatar/Creator/Creator.test.tsx:26:11)

  ● ChatAvatar Creator Component › navigates to step 2

    Element type is invalid: expected a string (for built-in components) or a class/function (for composite components) but got: undefined. You likely forgot to export your component from the file it's defined in, or you might have mixed up default and named imports.

    Check the render method of `WizardLayout`.

      30 |
      31 |   it('navigates to step 2', () => {
    > 32 |     render(<Creator />)
         |           ^
      33 |     fireEvent.click(screen.getByText('Next'))
      34 |
      35 |     expect(screen.getByText('Upload PDF or PPTX')).toBeInTheDocument()

      at createFiberFromTypeAndProps (node_modules/react-dom/cjs/react-dom-client.development.js:5021:28)
      at createFiberFromElement (node_modules/react-dom/cjs/react-dom-client.development.js:5035:14)
      at createChild (node_modules/react-dom/cjs/react-dom-client.development.js:6338:26)
      at reconcileChildrenArray (node_modules/react-dom/cjs/react-dom-client.development.js:6670:25)
      at reconcileChildFibersImpl (node_modules/react-dom/cjs/react-dom-client.development.js:6993:30)
      at node_modules/react-dom/cjs/react-dom-client.development.js:7098:33
      at reconcileChildren (node_modules/react-dom/cjs/react-dom-client.development.js:9701:13)
      at beginWork (node_modules/react-dom/cjs/react-dom-client.development.js:12049:13)
      at runWithFiberInDEV (node_modules/react-dom/cjs/react-dom-client.development.js:874:13)
      at performUnitOfWork (node_modules/react-dom/cjs/react-dom-client.development.js:17641:22)
      at workLoopSync (node_modules/react-dom/cjs/react-dom-client.development.js:17469:41)
      at renderRootSync (node_modules/react-dom/cjs/react-dom-client.development.js:17450:11)
      at performWorkOnRoot (node_modules/react-dom/cjs/react-dom-client.development.js:16583:35)
      at performWorkOnRootViaSchedulerTask (node_modules/react-dom/cjs/react-dom-client.development.js:18957:7)
      at flushActQueue (node_modules/react/cjs/react.development.js:590:34)
      at process.env.NODE_ENV.exports.act (node_modules/react/cjs/react.development.js:884:10)
      at node_modules/@testing-library/react/dist/act-compat.js:46:25
      at renderRoot (node_modules/@testing-library/react/dist/pure.js:189:26)
      at render (node_modules/@testing-library/react/dist/pure.js:291:10)
      at Object.<anonymous> (src/components/ChatAvatar/Creator/Creator.test.tsx:32:11)

  ● ChatAvatar Creator Component › navigates to step 3

    Element type is invalid: expected a string (for built-in components) or a class/function (for composite components) but got: undefined. You likely forgot to export your component from the file it's defined in, or you might have mixed up default and named imports.

    Check the render method of `WizardLayout`.

      37 |
      38 |   it('navigates to step 3', () => {
    > 39 |     render(<Creator />)
         |           ^
      40 |     fireEvent.click(screen.getByText('Next'))
      41 |     fireEvent.click(screen.getByText('Next'))
      42 |

      at createFiberFromTypeAndProps (node_modules/react-dom/cjs/react-dom-client.development.js:5021:28)
      at createFiberFromElement (node_modules/react-dom/cjs/react-dom-client.development.js:5035:14)
      at createChild (node_modules/react-dom/cjs/react-dom-client.development.js:6338:26)
      at reconcileChildrenArray (node_modules/react-dom/cjs/react-dom-client.development.js:6670:25)
      at reconcileChildFibersImpl (node_modules/react-dom/cjs/react-dom-client.development.js:6993:30)
      at node_modules/react-dom/cjs/react-dom-client.development.js:7098:33
      at reconcileChildren (node_modules/react-dom/cjs/react-dom-client.development.js:9701:13)
      at beginWork (node_modules/react-dom/cjs/react-dom-client.development.js:12049:13)
      at runWithFiberInDEV (node_modules/react-dom/cjs/react-dom-client.development.js:874:13)
      at performUnitOfWork (node_modules/react-dom/cjs/react-dom-client.development.js:17641:22)
      at workLoopSync (node_modules/react-dom/cjs/react-dom-client.development.js:17469:41)
      at renderRootSync (node_modules/react-dom/cjs/react-dom-client.development.js:17450:11)
      at performWorkOnRoot (node_modules/react-dom/cjs/react-dom-client.development.js:16583:35)
      at performWorkOnRootViaSchedulerTask (node_modules/react-dom/cjs/react-dom-client.development.js:18957:7)
      at flushActQueue (node_modules/react/cjs/react.development.js:590:34)
      at process.env.NODE_ENV.exports.act (node_modules/react/cjs/react.development.js:884:10)
      at node_modules/@testing-library/react/dist/act-compat.js:46:25
      at renderRoot (node_modules/@testing-library/react/dist/pure.js:189:26)
      at render (node_modules/@testing-library/react/dist/pure.js:291:10)
      at Object.<anonymous> (src/components/ChatAvatar/Creator/Creator.test.tsx:39:11)

  ● ChatAvatar Creator Component › navigates to step 4 and shows knowledge base content

    Element type is invalid: expected a string (for built-in components) or a class/function (for composite components) but got: undefined. You likely forgot to export your component from the file it's defined in, or you might have mixed up default and named imports.

    Check the render method of `WizardLayout`.

      45 |
      46 |   it('navigates to step 4 and shows knowledge base content', () => {
    > 47 |     render(<Creator />)
         |           ^
      48 |     fireEvent.click(screen.getByText('Next'))
      49 |     fireEvent.click(screen.getByText('Next'))
      50 |     fireEvent.click(screen.getByText('Next'))

      at createFiberFromTypeAndProps (node_modules/react-dom/cjs/react-dom-client.development.js:5021:28)
      at createFiberFromElement (node_modules/react-dom/cjs/react-dom-client.development.js:5035:14)
      at createChild (node_modules/react-dom/cjs/react-dom-client.development.js:6338:26)
      at reconcileChildrenArray (node_modules/react-dom/cjs/react-dom-client.development.js:6670:25)
      at reconcileChildFibersImpl (node_modules/react-dom/cjs/react-dom-client.development.js:6993:30)
      at node_modules/react-dom/cjs/react-dom-client.development.js:7098:33
      at reconcileChildren (node_modules/react-dom/cjs/react-dom-client.development.js:9701:13)
      at beginWork (node_modules/react-dom/cjs/react-dom-client.development.js:12049:13)
      at runWithFiberInDEV (node_modules/react-dom/cjs/react-dom-client.development.js:874:13)
      at performUnitOfWork (node_modules/react-dom/cjs/react-dom-client.development.js:17641:22)
      at workLoopSync (node_modules/react-dom/cjs/react-dom-client.development.js:17469:41)
      at renderRootSync (node_modules/react-dom/cjs/react-dom-client.development.js:17450:11)
      at performWorkOnRoot (node_modules/react-dom/cjs/react-dom-client.development.js:16583:35)
      at performWorkOnRootViaSchedulerTask (node_modules/react-dom/cjs/react-dom-client.development.js:18957:7)
      at flushActQueue (node_modules/react/cjs/react.development.js:590:34)
      at process.env.NODE_ENV.exports.act (node_modules/react/cjs/react.development.js:884:10)
      at node_modules/@testing-library/react/dist/act-compat.js:46:25
      at renderRoot (node_modules/@testing-library/react/dist/pure.js:189:26)
      at render (node_modules/@testing-library/react/dist/pure.js:291:10)
      at Object.<anonymous> (src/components/ChatAvatar/Creator/Creator.test.tsx:47:11)

  ● ChatAvatar Creator Component › shows "Create" button on step 4

    Element type is invalid: expected a string (for built-in components) or a class/function (for composite components) but got: undefined. You likely forgot to export your component from the file it's defined in, or you might have mixed up default and named imports.

    Check the render method of `WizardLayout`.

      54 |
      55 |   it('shows "Create" button on step 4', () => {
    > 56 |     render(<Creator />)
         |           ^
      57 |     fireEvent.click(screen.getByText('Next'))
      58 |     fireEvent.click(screen.getByText('Next'))
      59 |     fireEvent.click(screen.getByText('Next'))

      at createFiberFromTypeAndProps (node_modules/react-dom/cjs/react-dom-client.development.js:5021:28)
      at createFiberFromElement (node_modules/react-dom/cjs/react-dom-client.development.js:5035:14)
      at createChild (node_modules/react-dom/cjs/react-dom-client.development.js:6338:26)
      at reconcileChildrenArray (node_modules/react-dom/cjs/react-dom-client.development.js:6670:25)
      at reconcileChildFibersImpl (node_modules/react-dom/cjs/react-dom-client.development.js:6993:30)
      at node_modules/react-dom/cjs/react-dom-client.development.js:7098:33
      at reconcileChildren (node_modules/react-dom/cjs/react-dom-client.development.js:9701:13)
      at beginWork (node_modules/react-dom/cjs/react-dom-client.development.js:12049:13)
      at runWithFiberInDEV (node_modules/react-dom/cjs/react-dom-client.development.js:874:13)
      at performUnitOfWork (node_modules/react-dom/cjs/react-dom-client.development.js:17641:22)
      at workLoopSync (node_modules/react-dom/cjs/react-dom-client.development.js:17469:41)
      at renderRootSync (node_modules/react-dom/cjs/react-dom-client.development.js:17450:11)
      at performWorkOnRoot (node_modules/react-dom/cjs/react-dom-client.development.js:16583:35)
      at performWorkOnRootViaSchedulerTask (node_modules/react-dom/cjs/react-dom-client.development.js:18957:7)
      at flushActQueue (node_modules/react/cjs/react.development.js:590:34)
      at process.env.NODE_ENV.exports.act (node_modules/react/cjs/react.development.js:884:10)
      at node_modules/@testing-library/react/dist/act-compat.js:46:25
      at renderRoot (node_modules/@testing-library/react/dist/pure.js:189:26)
      at render (node_modules/@testing-library/react/dist/pure.js:291:10)
      at Object.<anonymous> (src/components/ChatAvatar/Creator/Creator.test.tsx:56:11)

  ● ChatAvatar Creator Component › renders exit button

    Element type is invalid: expected a string (for built-in components) or a class/function (for composite components) but got: undefined. You likely forgot to export your component from the file it's defined in, or you might have mixed up default and named imports.

    Check the render method of `WizardLayout`.

      63 |
      64 |   it('renders exit button', () => {
    > 65 |     render(<Creator />)
         |           ^
      66 |     expect(screen.getByText('Exit')).toBeInTheDocument()
      67 |   })
      68 |

      at createFiberFromTypeAndProps (node_modules/react-dom/cjs/react-dom-client.development.js:5021:28)
      at createFiberFromElement (node_modules/react-dom/cjs/react-dom-client.development.js:5035:14)
      at createChild (node_modules/react-dom/cjs/react-dom-client.development.js:6338:26)
      at reconcileChildrenArray (node_modules/react-dom/cjs/react-dom-client.development.js:6670:25)
      at reconcileChildFibersImpl (node_modules/react-dom/cjs/react-dom-client.development.js:6993:30)
      at node_modules/react-dom/cjs/react-dom-client.development.js:7098:33
      at reconcileChildren (node_modules/react-dom/cjs/react-dom-client.development.js:9701:13)
      at beginWork (node_modules/react-dom/cjs/react-dom-client.development.js:12049:13)
      at runWithFiberInDEV (node_modules/react-dom/cjs/react-dom-client.development.js:874:13)
      at performUnitOfWork (node_modules/react-dom/cjs/react-dom-client.development.js:17641:22)
      at workLoopSync (node_modules/react-dom/cjs/react-dom-client.development.js:17469:41)
      at renderRootSync (node_modules/react-dom/cjs/react-dom-client.development.js:17450:11)
      at performWorkOnRoot (node_modules/react-dom/cjs/react-dom-client.development.js:16583:35)
      at performWorkOnRootViaSchedulerTask (node_modules/react-dom/cjs/react-dom-client.development.js:18957:7)
      at flushActQueue (node_modules/react/cjs/react.development.js:590:34)
      at process.env.NODE_ENV.exports.act (node_modules/react/cjs/react.development.js:884:10)
      at node_modules/@testing-library/react/dist/act-compat.js:46:25
      at renderRoot (node_modules/@testing-library/react/dist/pure.js:189:26)
      at render (node_modules/@testing-library/react/dist/pure.js:291:10)
      at Object.<anonymous> (src/components/ChatAvatar/Creator/Creator.test.tsx:65:11)

  ● ChatAvatar Creator Component › renders back arrow

    Element type is invalid: expected a string (for built-in components) or a class/function (for composite components) but got: undefined. You likely forgot to export your component from the file it's defined in, or you might have mixed up default and named imports.

    Check the render method of `WizardLayout`.

      68 |
      69 |   it('renders back arrow', () => {
    > 70 |     render(<Creator />)
         |           ^
      71 |     expect(screen.getByText('←')).toBeInTheDocument()
      72 |   })
      73 |

      at createFiberFromTypeAndProps (node_modules/react-dom/cjs/react-dom-client.development.js:5021:28)
      at createFiberFromElement (node_modules/react-dom/cjs/react-dom-client.development.js:5035:14)
      at createChild (node_modules/react-dom/cjs/react-dom-client.development.js:6338:26)
      at reconcileChildrenArray (node_modules/react-dom/cjs/react-dom-client.development.js:6670:25)
      at reconcileChildFibersImpl (node_modules/react-dom/cjs/react-dom-client.development.js:6993:30)
      at node_modules/react-dom/cjs/react-dom-client.development.js:7098:33
      at reconcileChildren (node_modules/react-dom/cjs/react-dom-client.development.js:9701:13)
      at beginWork (node_modules/react-dom/cjs/react-dom-client.development.js:12049:13)
      at runWithFiberInDEV (node_modules/react-dom/cjs/react-dom-client.development.js:874:13)
      at performUnitOfWork (node_modules/react-dom/cjs/react-dom-client.development.js:17641:22)
      at workLoopSync (node_modules/react-dom/cjs/react-dom-client.development.js:17469:41)
      at renderRootSync (node_modules/react-dom/cjs/react-dom-client.development.js:17450:11)
      at performWorkOnRoot (node_modules/react-dom/cjs/react-dom-client.development.js:16583:35)
      at performWorkOnRootViaSchedulerTask (node_modules/react-dom/cjs/react-dom-client.development.js:18957:7)
      at flushActQueue (node_modules/react/cjs/react.development.js:590:34)
      at process.env.NODE_ENV.exports.act (node_modules/react/cjs/react.development.js:884:10)
      at node_modules/@testing-library/react/dist/act-compat.js:46:25
      at renderRoot (node_modules/@testing-library/react/dist/pure.js:189:26)
      at render (node_modules/@testing-library/react/dist/pure.js:291:10)
      at Object.<anonymous> (src/components/ChatAvatar/Creator/Creator.test.tsx:70:11)

  ● ChatAvatar Creator Component › renders add language button

    Element type is invalid: expected a string (for built-in components) or a class/function (for composite components) but got: undefined. You likely forgot to export your component from the file it's defined in, or you might have mixed up default and named imports.

    Check the render method of `WizardLayout`.

      73 |
      74 |   it('renders add language button', () => {
    > 75 |     render(<Creator />)
         |           ^
      76 |     expect(screen.getByText('+ Add Language')).toBeInTheDocument()
      77 |   })
      78 |

      at createFiberFromTypeAndProps (node_modules/react-dom/cjs/react-dom-client.development.js:5021:28)
      at createFiberFromElement (node_modules/react-dom/cjs/react-dom-client.development.js:5035:14)
      at createChild (node_modules/react-dom/cjs/react-dom-client.development.js:6338:26)
      at reconcileChildrenArray (node_modules/react-dom/cjs/react-dom-client.development.js:6670:25)
      at reconcileChildFibersImpl (node_modules/react-dom/cjs/react-dom-client.development.js:6993:30)
      at node_modules/react-dom/cjs/react-dom-client.development.js:7098:33
      at reconcileChildren (node_modules/react-dom/cjs/react-dom-client.development.js:9701:13)
      at beginWork (node_modules/react-dom/cjs/react-dom-client.development.js:12049:13)
      at runWithFiberInDEV (node_modules/react-dom/cjs/react-dom-client.development.js:874:13)
      at performUnitOfWork (node_modules/react-dom/cjs/react-dom-client.development.js:17641:22)
      at workLoopSync (node_modules/react-dom/cjs/react-dom-client.development.js:17469:41)
      at renderRootSync (node_modules/react-dom/cjs/react-dom-client.development.js:17450:11)
      at performWorkOnRoot (node_modules/react-dom/cjs/react-dom-client.development.js:16583:35)
      at performWorkOnRootViaSchedulerTask (node_modules/react-dom/cjs/react-dom-client.development.js:18957:7)
      at flushActQueue (node_modules/react/cjs/react.development.js:590:34)
      at process.env.NODE_ENV.exports.act (node_modules/react/cjs/react.development.js:884:10)
      at node_modules/@testing-library/react/dist/act-compat.js:46:25
      at renderRoot (node_modules/@testing-library/react/dist/pure.js:189:26)
      at render (node_modules/@testing-library/react/dist/pure.js:291:10)
      at Object.<anonymous> (src/components/ChatAvatar/Creator/Creator.test.tsx:75:11)

  ● ChatAvatar Creator Component › renders language select

    Element type is invalid: expected a string (for built-in components) or a class/function (for composite components) but got: undefined. You likely forgot to export your component from the file it's defined in, or you might have mixed up default and named imports.

    Check the render method of `WizardLayout`.

      78 |
      79 |   it('renders language select', () => {
    > 80 |     render(<Creator />)
         |           ^
      81 |     expect(screen.getByText('English')).toBeInTheDocument()
      82 |     expect(screen.getByText('Spanish')).toBeInTheDocument()
      83 |   })

      at createFiberFromTypeAndProps (node_modules/react-dom/cjs/react-dom-client.development.js:5021:28)
      at createFiberFromElement (node_modules/react-dom/cjs/react-dom-client.development.js:5035:14)
      at createChild (node_modules/react-dom/cjs/react-dom-client.development.js:6338:26)
      at reconcileChildrenArray (node_modules/react-dom/cjs/react-dom-client.development.js:6670:25)
      at reconcileChildFibersImpl (node_modules/react-dom/cjs/react-dom-client.development.js:6993:30)
      at node_modules/react-dom/cjs/react-dom-client.development.js:7098:33
      at reconcileChildren (node_modules/react-dom/cjs/react-dom-client.development.js:9701:13)
      at beginWork (node_modules/react-dom/cjs/react-dom-client.development.js:12049:13)
      at runWithFiberInDEV (node_modules/react-dom/cjs/react-dom-client.development.js:874:13)
      at performUnitOfWork (node_modules/react-dom/cjs/react-dom-client.development.js:17641:22)
      at workLoopSync (node_modules/react-dom/cjs/react-dom-client.development.js:17469:41)
      at renderRootSync (node_modules/react-dom/cjs/react-dom-client.development.js:17450:11)
      at performWorkOnRoot (node_modules/react-dom/cjs/react-dom-client.development.js:16583:35)
      at performWorkOnRootViaSchedulerTask (node_modules/react-dom/cjs/react-dom-client.development.js:18957:7)
      at flushActQueue (node_modules/react/cjs/react.development.js:590:34)
      at process.env.NODE_ENV.exports.act (node_modules/react/cjs/react.development.js:884:10)
      at node_modules/@testing-library/react/dist/act-compat.js:46:25
      at renderRoot (node_modules/@testing-library/react/dist/pure.js:189:26)
      at render (node_modules/@testing-library/react/dist/pure.js:291:10)
      at Object.<anonymous> (src/components/ChatAvatar/Creator/Creator.test.tsx:80:11)

  ● ChatAvatar Creator Component › renders avatar items in grid

    Element type is invalid: expected a string (for built-in components) or a class/function (for composite components) but got: undefined. You likely forgot to export your component from the file it's defined in, or you might have mixed up default and named imports.

    Check the render method of `WizardLayout`.

      84 |
      85 |   it('renders avatar items in grid', () => {
    > 86 |     render(<Creator />)
         |           ^
      87 |     const avatarItems = document.querySelectorAll('[class*="avatarItem"]')
      88 |     expect(avatarItems.length).toBe(12)
      89 |   })

      at createFiberFromTypeAndProps (node_modules/react-dom/cjs/react-dom-client.development.js:5021:28)
      at createFiberFromElement (node_modules/react-dom/cjs/react-dom-client.development.js:5035:14)
      at createChild (node_modules/react-dom/cjs/react-dom-client.development.js:6338:26)
      at reconcileChildrenArray (node_modules/react-dom/cjs/react-dom-client.development.js:6670:25)
      at reconcileChildFibersImpl (node_modules/react-dom/cjs/react-dom-client.development.js:6993:30)
      at node_modules/react-dom/cjs/react-dom-client.development.js:7098:33
      at reconcileChildren (node_modules/react-dom/cjs/react-dom-client.development.js:9701:13)
      at beginWork (node_modules/react-dom/cjs/react-dom-client.development.js:12049:13)
      at runWithFiberInDEV (node_modules/react-dom/cjs/react-dom-client.development.js:874:13)
      at performUnitOfWork (node_modules/react-dom/cjs/react-dom-client.development.js:17641:22)
      at workLoopSync (node_modules/react-dom/cjs/react-dom-client.development.js:17469:41)
      at renderRootSync (node_modules/react-dom/cjs/react-dom-client.development.js:17450:11)
      at performWorkOnRoot (node_modules/react-dom/cjs/react-dom-client.development.js:16583:35)
      at performWorkOnRootViaSchedulerTask (node_modules/react-dom/cjs/react-dom-client.development.js:18957:7)
      at flushActQueue (node_modules/react/cjs/react.development.js:590:34)
      at process.env.NODE_ENV.exports.act (node_modules/react/cjs/react.development.js:884:10)
      at node_modules/@testing-library/react/dist/act-compat.js:46:25
      at renderRoot (node_modules/@testing-library/react/dist/pure.js:189:26)
      at render (node_modules/@testing-library/react/dist/pure.js:291:10)
      at Object.<anonymous> (src/components/ChatAvatar/Creator/Creator.test.tsx:86:11)

  ● ChatAvatar Creator Component › renders step numbers

    Element type is invalid: expected a string (for built-in components) or a class/function (for composite components) but got: undefined. You likely forgot to export your component from the file it's defined in, or you might have mixed up default and named imports.

    Check the render method of `WizardLayout`.

      90 |
      91 |   it('renders step numbers', () => {
    > 92 |     render(<Creator />)
         |           ^
      93 |     const stepNums = document.querySelectorAll('[class*="stepNum"]')
      94 |     expect(stepNums.length).toBe(4)
      95 |   })

      at createFiberFromTypeAndProps (node_modules/react-dom/cjs/react-dom-client.development.js:5021:28)
      at createFiberFromElement (node_modules/react-dom/cjs/react-dom-client.development.js:5035:14)
      at createChild (node_modules/react-dom/cjs/react-dom-client.development.js:6338:26)
      at reconcileChildrenArray (node_modules/react-dom/cjs/react-dom-client.development.js:6670:25)
      at reconcileChildFibersImpl (node_modules/react-dom/cjs/react-dom-client.development.js:6993:30)
      at node_modules/react-dom/cjs/react-dom-client.development.js:7098:33
      at reconcileChildren (node_modules/react-dom/cjs/react-dom-client.development.js:9701:13)
      at beginWork (node_modules/react-dom/cjs/react-dom-client.development.js:12049:13)
      at runWithFiberInDEV (node_modules/react-dom/cjs/react-dom-client.development.js:874:13)
      at performUnitOfWork (node_modules/react-dom/cjs/react-dom-client.development.js:17641:22)
      at workLoopSync (node_modules/react-dom/cjs/react-dom-client.development.js:17469:41)
      at renderRootSync (node_modules/react-dom/cjs/react-dom-client.development.js:17450:11)
      at performWorkOnRoot (node_modules/react-dom/cjs/react-dom-client.development.js:16583:35)
      at performWorkOnRootViaSchedulerTask (node_modules/react-dom/cjs/react-dom-client.development.js:18957:7)
      at flushActQueue (node_modules/react/cjs/react.development.js:590:34)
      at process.env.NODE_ENV.exports.act (node_modules/react/cjs/react.development.js:884:10)
      at node_modules/@testing-library/react/dist/act-compat.js:46:25
      at renderRoot (node_modules/@testing-library/react/dist/pure.js:189:26)
      at render (node_modules/@testing-library/react/dist/pure.js:291:10)
      at Object.<anonymous> (src/components/ChatAvatar/Creator/Creator.test.tsx:92:11)

  ● ChatAvatar Creator Component › renders section title for step 1

    Element type is invalid: expected a string (for built-in components) or a class/function (for composite components) but got: undefined. You likely forgot to export your component from the file it's defined in, or you might have mixed up default and named imports.

    Check the render method of `WizardLayout`.

       96 |
       97 |   it('renders section title for step 1', () => {
    >  98 |     render(<Creator />)
          |           ^
       99 |     const titles = screen.getAllByText('Create Avatar')
      100 |     expect(titles.length).toBeGreaterThanOrEqual(1)
      101 |   })

      at createFiberFromTypeAndProps (node_modules/react-dom/cjs/react-dom-client.development.js:5021:28)
      at createFiberFromElement (node_modules/react-dom/cjs/react-dom-client.development.js:5035:14)
      at createChild (node_modules/react-dom/cjs/react-dom-client.development.js:6338:26)
      at reconcileChildrenArray (node_modules/react-dom/cjs/react-dom-client.development.js:6670:25)
      at reconcileChildFibersImpl (node_modules/react-dom/cjs/react-dom-client.development.js:6993:30)
      at node_modules/react-dom/cjs/react-dom-client.development.js:7098:33
      at reconcileChildren (node_modules/react-dom/cjs/react-dom-client.development.js:9701:13)
      at beginWork (node_modules/react-dom/cjs/react-dom-client.development.js:12049:13)
      at runWithFiberInDEV (node_modules/react-dom/cjs/react-dom-client.development.js:874:13)
      at performUnitOfWork (node_modules/react-dom/cjs/react-dom-client.development.js:17641:22)
      at workLoopSync (node_modules/react-dom/cjs/react-dom-client.development.js:17469:41)
      at renderRootSync (node_modules/react-dom/cjs/react-dom-client.development.js:17450:11)
      at performWorkOnRoot (node_modules/react-dom/cjs/react-dom-client.development.js:16583:35)
      at performWorkOnRootViaSchedulerTask (node_modules/react-dom/cjs/react-dom-client.development.js:18957:7)
      at flushActQueue (node_modules/react/cjs/react.development.js:590:34)
      at process.env.NODE_ENV.exports.act (node_modules/react/cjs/react.development.js:884:10)
      at node_modules/@testing-library/react/dist/act-compat.js:46:25
      at renderRoot (node_modules/@testing-library/react/dist/pure.js:189:26)
      at render (node_modules/@testing-library/react/dist/pure.js:291:10)
      at Object.<anonymous> (src/components/ChatAvatar/Creator/Creator.test.tsx:98:11)

  ● ChatAvatar Creator Component › shows step 2 section title after navigation

    Element type is invalid: expected a string (for built-in components) or a class/function (for composite components) but got: undefined. You likely forgot to export your component from the file it's defined in, or you might have mixed up default and named imports.

    Check the render method of `WizardLayout`.

      102 |
      103 |   it('shows step 2 section title after navigation', () => {
    > 104 |     render(<Creator />)
          |           ^
      105 |     fireEvent.click(screen.getByText('Next'))
      106 |     const titles = screen.getAllByText('Presentation Content')
      107 |     expect(titles.length).toBeGreaterThanOrEqual(1)

      at createFiberFromTypeAndProps (node_modules/react-dom/cjs/react-dom-client.development.js:5021:28)
      at createFiberFromElement (node_modules/react-dom/cjs/react-dom-client.development.js:5035:14)
      at createChild (node_modules/react-dom/cjs/react-dom-client.development.js:6338:26)
      at reconcileChildrenArray (node_modules/react-dom/cjs/react-dom-client.development.js:6670:25)
      at reconcileChildFibersImpl (node_modules/react-dom/cjs/react-dom-client.development.js:6993:30)
      at node_modules/react-dom/cjs/react-dom-client.development.js:7098:33
      at reconcileChildren (node_modules/react-dom/cjs/react-dom-client.development.js:9701:13)
      at beginWork (node_modules/react-dom/cjs/react-dom-client.development.js:12049:13)
      at runWithFiberInDEV (node_modules/react-dom/cjs/react-dom-client.development.js:874:13)
      at performUnitOfWork (node_modules/react-dom/cjs/react-dom-client.development.js:17641:22)
      at workLoopSync (node_modules/react-dom/cjs/react-dom-client.development.js:17469:41)
      at renderRootSync (node_modules/react-dom/cjs/react-dom-client.development.js:17450:11)
      at performWorkOnRoot (node_modules/react-dom/cjs/react-dom-client.development.js:16583:35)
      at performWorkOnRootViaSchedulerTask (node_modules/react-dom/cjs/react-dom-client.development.js:18957:7)
      at flushActQueue (node_modules/react/cjs/react.development.js:590:34)
      at process.env.NODE_ENV.exports.act (node_modules/react/cjs/react.development.js:884:10)
      at node_modules/@testing-library/react/dist/act-compat.js:46:25
      at renderRoot (node_modules/@testing-library/react/dist/pure.js:189:26)
      at render (node_modules/@testing-library/react/dist/pure.js:291:10)
      at Object.<anonymous> (src/components/ChatAvatar/Creator/Creator.test.tsx:104:11)

  ● ChatAvatar Creator Component › shows step 3 section title after navigation

    Element type is invalid: expected a string (for built-in components) or a class/function (for composite components) but got: undefined. You likely forgot to export your component from the file it's defined in, or you might have mixed up default and named imports.

    Check the render method of `WizardLayout`.

      109 |
      110 |   it('shows step 3 section title after navigation', () => {
    > 111 |     render(<Creator />)
          |           ^
      112 |     fireEvent.click(screen.getByText('Next'))
      113 |     fireEvent.click(screen.getByText('Next'))
      114 |     const titles = screen.getAllByText('Avatar Instructions')

      at createFiberFromTypeAndProps (node_modules/react-dom/cjs/react-dom-client.development.js:5021:28)
      at createFiberFromElement (node_modules/react-dom/cjs/react-dom-client.development.js:5035:14)
      at createChild (node_modules/react-dom/cjs/react-dom-client.development.js:6338:26)
      at reconcileChildrenArray (node_modules/react-dom/cjs/react-dom-client.development.js:6670:25)
      at reconcileChildFibersImpl (node_modules/react-dom/cjs/react-dom-client.development.js:6993:30)
      at node_modules/react-dom/cjs/react-dom-client.development.js:7098:33
      at reconcileChildren (node_modules/react-dom/cjs/react-dom-client.development.js:9701:13)
      at beginWork (node_modules/react-dom/cjs/react-dom-client.development.js:12049:13)
      at runWithFiberInDEV (node_modules/react-dom/cjs/react-dom-client.development.js:874:13)
      at performUnitOfWork (node_modules/react-dom/cjs/react-dom-client.development.js:17641:22)
      at workLoopSync (node_modules/react-dom/cjs/react-dom-client.development.js:17469:41)
      at renderRootSync (node_modules/react-dom/cjs/react-dom-client.development.js:17450:11)
      at performWorkOnRoot (node_modules/react-dom/cjs/react-dom-client.development.js:16583:35)
      at performWorkOnRootViaSchedulerTask (node_modules/react-dom/cjs/react-dom-client.development.js:18957:7)
      at flushActQueue (node_modules/react/cjs/react.development.js:590:34)
      at process.env.NODE_ENV.exports.act (node_modules/react/cjs/react.development.js:884:10)
      at node_modules/@testing-library/react/dist/act-compat.js:46:25
      at renderRoot (node_modules/@testing-library/react/dist/pure.js:189:26)
      at render (node_modules/@testing-library/react/dist/pure.js:291:10)
      at Object.<anonymous> (src/components/ChatAvatar/Creator/Creator.test.tsx:111:11)

FAIL src/components/Wizard/variants/Walkthrough.test.tsx
  ● Walkthrough › renders welcome step

    Element type is invalid: expected a string (for built-in components) or a class/function (for composite components) but got: undefined. You likely forgot to export your component from the file it's defined in, or you might have mixed up default and named imports.

    Check the render method of `Walkthrough`.

      15 |
      16 |   it('renders welcome step', () => {
    > 17 |     render(<Walkthrough />);
         |           ^
      18 |     expect(screen.getByText('Welcome to PitchAvatar')).toBeInTheDocument();
      19 |   });
      20 |

      at createFiberFromTypeAndProps (node_modules/react-dom/cjs/react-dom-client.development.js:5021:28)
      at createFiberFromElement (node_modules/react-dom/cjs/react-dom-client.development.js:5035:14)
      at createChild (node_modules/react-dom/cjs/react-dom-client.development.js:6338:26)
      at reconcileChildrenArray (node_modules/react-dom/cjs/react-dom-client.development.js:6670:25)
      at reconcileChildFibersImpl (node_modules/react-dom/cjs/react-dom-client.development.js:6993:30)
      at node_modules/react-dom/cjs/react-dom-client.development.js:7098:33
      at reconcileChildren (node_modules/react-dom/cjs/react-dom-client.development.js:9701:13)
      at beginWork (node_modules/react-dom/cjs/react-dom-client.development.js:12049:13)
      at runWithFiberInDEV (node_modules/react-dom/cjs/react-dom-client.development.js:874:13)
      at performUnitOfWork (node_modules/react-dom/cjs/react-dom-client.development.js:17641:22)
      at workLoopSync (node_modules/react-dom/cjs/react-dom-client.development.js:17469:41)
      at renderRootSync (node_modules/react-dom/cjs/react-dom-client.development.js:17450:11)
      at performWorkOnRoot (node_modules/react-dom/cjs/react-dom-client.development.js:16583:35)
      at performWorkOnRootViaSchedulerTask (node_modules/react-dom/cjs/react-dom-client.development.js:18957:7)
      at flushActQueue (node_modules/react/cjs/react.development.js:590:34)
      at process.env.NODE_ENV.exports.act (node_modules/react/cjs/react.development.js:884:10)
      at node_modules/@testing-library/react/dist/act-compat.js:46:25
      at renderRoot (node_modules/@testing-library/react/dist/pure.js:189:26)
      at render (node_modules/@testing-library/react/dist/pure.js:291:10)
      at Object.<anonymous> (src/components/Wizard/variants/Walkthrough.test.tsx:17:11)

  ● Walkthrough › shows current step number

    Element type is invalid: expected a string (for built-in components) or a class/function (for composite components) but got: undefined. You likely forgot to export your component from the file it's defined in, or you might have mixed up default and named imports.

    Check the render method of `Walkthrough`.

      20 |
      21 |   it('shows current step number', () => {
    > 22 |     render(<Walkthrough />);
         |           ^
      23 |     expect(screen.getByText('Step 1 of 5')).toBeInTheDocument();
      24 |   });
      25 |

      at createFiberFromTypeAndProps (node_modules/react-dom/cjs/react-dom-client.development.js:5021:28)
      at createFiberFromElement (node_modules/react-dom/cjs/react-dom-client.development.js:5035:14)
      at createChild (node_modules/react-dom/cjs/react-dom-client.development.js:6338:26)
      at reconcileChildrenArray (node_modules/react-dom/cjs/react-dom-client.development.js:6670:25)
      at reconcileChildFibersImpl (node_modules/react-dom/cjs/react-dom-client.development.js:6993:30)
      at node_modules/react-dom/cjs/react-dom-client.development.js:7098:33
      at reconcileChildren (node_modules/react-dom/cjs/react-dom-client.development.js:9701:13)
      at beginWork (node_modules/react-dom/cjs/react-dom-client.development.js:12049:13)
      at runWithFiberInDEV (node_modules/react-dom/cjs/react-dom-client.development.js:874:13)
      at performUnitOfWork (node_modules/react-dom/cjs/react-dom-client.development.js:17641:22)
      at workLoopSync (node_modules/react-dom/cjs/react-dom-client.development.js:17469:41)
      at renderRootSync (node_modules/react-dom/cjs/react-dom-client.development.js:17450:11)
      at performWorkOnRoot (node_modules/react-dom/cjs/react-dom-client.development.js:16583:35)
      at performWorkOnRootViaSchedulerTask (node_modules/react-dom/cjs/react-dom-client.development.js:18957:7)
      at flushActQueue (node_modules/react/cjs/react.development.js:590:34)
      at process.env.NODE_ENV.exports.act (node_modules/react/cjs/react.development.js:884:10)
      at node_modules/@testing-library/react/dist/act-compat.js:46:25
      at renderRoot (node_modules/@testing-library/react/dist/pure.js:189:26)
      at render (node_modules/@testing-library/react/dist/pure.js:291:10)
      at Object.<anonymous> (src/components/Wizard/variants/Walkthrough.test.tsx:22:11)

  ● Walkthrough › renders skip button

    Element type is invalid: expected a string (for built-in components) or a class/function (for composite components) but got: undefined. You likely forgot to export your component from the file it's defined in, or you might have mixed up default and named imports.

    Check the render method of `Walkthrough`.

      25 |
      26 |   it('renders skip button', () => {
    > 27 |     render(<Walkthrough />);
         |           ^
      28 |     expect(screen.getByText('Skip')).toBeInTheDocument();
      29 |   });
      30 |

      at createFiberFromTypeAndProps (node_modules/react-dom/cjs/react-dom-client.development.js:5021:28)
      at createFiberFromElement (node_modules/react-dom/cjs/react-dom-client.development.js:5035:14)
      at createChild (node_modules/react-dom/cjs/react-dom-client.development.js:6338:26)
      at reconcileChildrenArray (node_modules/react-dom/cjs/react-dom-client.development.js:6670:25)
      at reconcileChildFibersImpl (node_modules/react-dom/cjs/react-dom-client.development.js:6993:30)
      at node_modules/react-dom/cjs/react-dom-client.development.js:7098:33
      at reconcileChildren (node_modules/react-dom/cjs/react-dom-client.development.js:9701:13)
      at beginWork (node_modules/react-dom/cjs/react-dom-client.development.js:12049:13)
      at runWithFiberInDEV (node_modules/react-dom/cjs/react-dom-client.development.js:874:13)
      at performUnitOfWork (node_modules/react-dom/cjs/react-dom-client.development.js:17641:22)
      at workLoopSync (node_modules/react-dom/cjs/react-dom-client.development.js:17469:41)
      at renderRootSync (node_modules/react-dom/cjs/react-dom-client.development.js:17450:11)
      at performWorkOnRoot (node_modules/react-dom/cjs/react-dom-client.development.js:16583:35)
      at performWorkOnRootViaSchedulerTask (node_modules/react-dom/cjs/react-dom-client.development.js:18957:7)
      at flushActQueue (node_modules/react/cjs/react.development.js:590:34)
      at process.env.NODE_ENV.exports.act (node_modules/react/cjs/react.development.js:884:10)
      at node_modules/@testing-library/react/dist/act-compat.js:46:25
      at renderRoot (node_modules/@testing-library/react/dist/pure.js:189:26)
      at render (node_modules/@testing-library/react/dist/pure.js:291:10)
      at Object.<anonymous> (src/components/Wizard/variants/Walkthrough.test.tsx:27:11)

  ● Walkthrough › renders next button

    Element type is invalid: expected a string (for built-in components) or a class/function (for composite components) but got: undefined. You likely forgot to export your component from the file it's defined in, or you might have mixed up default and named imports.

    Check the render method of `Walkthrough`.

      30 |
      31 |   it('renders next button', () => {
    > 32 |     render(<Walkthrough />);
         |           ^
      33 |     expect(screen.getByText('Next')).toBeInTheDocument();
      34 |   });
      35 |

      at createFiberFromTypeAndProps (node_modules/react-dom/cjs/react-dom-client.development.js:5021:28)
      at createFiberFromElement (node_modules/react-dom/cjs/react-dom-client.development.js:5035:14)
      at createChild (node_modules/react-dom/cjs/react-dom-client.development.js:6338:26)
      at reconcileChildrenArray (node_modules/react-dom/cjs/react-dom-client.development.js:6670:25)
      at reconcileChildFibersImpl (node_modules/react-dom/cjs/react-dom-client.development.js:6993:30)
      at node_modules/react-dom/cjs/react-dom-client.development.js:7098:33
      at reconcileChildren (node_modules/react-dom/cjs/react-dom-client.development.js:9701:13)
      at beginWork (node_modules/react-dom/cjs/react-dom-client.development.js:12049:13)
      at runWithFiberInDEV (node_modules/react-dom/cjs/react-dom-client.development.js:874:13)
      at performUnitOfWork (node_modules/react-dom/cjs/react-dom-client.development.js:17641:22)
      at workLoopSync (node_modules/react-dom/cjs/react-dom-client.development.js:17469:41)
      at renderRootSync (node_modules/react-dom/cjs/react-dom-client.development.js:17450:11)
      at performWorkOnRoot (node_modules/react-dom/cjs/react-dom-client.development.js:16583:35)
      at performWorkOnRootViaSchedulerTask (node_modules/react-dom/cjs/react-dom-client.development.js:18957:7)
      at flushActQueue (node_modules/react/cjs/react.development.js:590:34)
      at process.env.NODE_ENV.exports.act (node_modules/react/cjs/react.development.js:884:10)
      at node_modules/@testing-library/react/dist/act-compat.js:46:25
      at renderRoot (node_modules/@testing-library/react/dist/pure.js:189:26)
      at render (node_modules/@testing-library/react/dist/pure.js:291:10)
      at Object.<anonymous> (src/components/Wizard/variants/Walkthrough.test.tsx:32:11)

  ● Walkthrough › advances to next step on click

    Element type is invalid: expected a string (for built-in components) or a class/function (for composite components) but got: undefined. You likely forgot to export your component from the file it's defined in, or you might have mixed up default and named imports.

    Check the render method of `Walkthrough`.

      35 |
      36 |   it('advances to next step on click', () => {
    > 37 |     render(<Walkthrough />);
         |           ^
      38 |     fireEvent.click(screen.getByText('Next'));
      39 |     expect(screen.getByText('1. Create New Project')).toBeInTheDocument();
      40 |     expect(screen.getByText('Step 2 of 5')).toBeInTheDocument();

      at createFiberFromTypeAndProps (node_modules/react-dom/cjs/react-dom-client.development.js:5021:28)
      at createFiberFromElement (node_modules/react-dom/cjs/react-dom-client.development.js:5035:14)
      at createChild (node_modules/react-dom/cjs/react-dom-client.development.js:6338:26)
      at reconcileChildrenArray (node_modules/react-dom/cjs/react-dom-client.development.js:6670:25)
      at reconcileChildFibersImpl (node_modules/react-dom/cjs/react-dom-client.development.js:6993:30)
      at node_modules/react-dom/cjs/react-dom-client.development.js:7098:33
      at reconcileChildren (node_modules/react-dom/cjs/react-dom-client.development.js:9701:13)
      at beginWork (node_modules/react-dom/cjs/react-dom-client.development.js:12049:13)
      at runWithFiberInDEV (node_modules/react-dom/cjs/react-dom-client.development.js:874:13)
      at performUnitOfWork (node_modules/react-dom/cjs/react-dom-client.development.js:17641:22)
      at workLoopSync (node_modules/react-dom/cjs/react-dom-client.development.js:17469:41)
      at renderRootSync (node_modules/react-dom/cjs/react-dom-client.development.js:17450:11)
      at performWorkOnRoot (node_modules/react-dom/cjs/react-dom-client.development.js:16583:35)
      at performWorkOnRootViaSchedulerTask (node_modules/react-dom/cjs/react-dom-client.development.js:18957:7)
      at flushActQueue (node_modules/react/cjs/react.development.js:590:34)
      at process.env.NODE_ENV.exports.act (node_modules/react/cjs/react.development.js:884:10)
      at node_modules/@testing-library/react/dist/act-compat.js:46:25
      at renderRoot (node_modules/@testing-library/react/dist/pure.js:189:26)
      at render (node_modules/@testing-library/react/dist/pure.js:291:10)
      at Object.<anonymous> (src/components/Wizard/variants/Walkthrough.test.tsx:37:11)

  ● Walkthrough › closes walkthrough on skip

    Element type is invalid: expected a string (for built-in components) or a class/function (for composite components) but got: undefined. You likely forgot to export your component from the file it's defined in, or you might have mixed up default and named imports.

    Check the render method of `Walkthrough`.

      42 |
      43 |   it('closes walkthrough on skip', () => {
    > 44 |     render(<Walkthrough />);
         |           ^
      45 |     fireEvent.click(screen.getByText('Skip'));
      46 |     expect(screen.queryByText('Welcome to PitchAvatar')).not.toBeInTheDocument();
      47 |   });

      at createFiberFromTypeAndProps (node_modules/react-dom/cjs/react-dom-client.development.js:5021:28)
      at createFiberFromElement (node_modules/react-dom/cjs/react-dom-client.development.js:5035:14)
      at createChild (node_modules/react-dom/cjs/react-dom-client.development.js:6338:26)
      at reconcileChildrenArray (node_modules/react-dom/cjs/react-dom-client.development.js:6670:25)
      at reconcileChildFibersImpl (node_modules/react-dom/cjs/react-dom-client.development.js:6993:30)
      at node_modules/react-dom/cjs/react-dom-client.development.js:7098:33
      at reconcileChildren (node_modules/react-dom/cjs/react-dom-client.development.js:9701:13)
      at beginWork (node_modules/react-dom/cjs/react-dom-client.development.js:12049:13)
      at runWithFiberInDEV (node_modules/react-dom/cjs/react-dom-client.development.js:874:13)
      at performUnitOfWork (node_modules/react-dom/cjs/react-dom-client.development.js:17641:22)
      at workLoopSync (node_modules/react-dom/cjs/react-dom-client.development.js:17469:41)
      at renderRootSync (node_modules/react-dom/cjs/react-dom-client.development.js:17450:11)
      at performWorkOnRoot (node_modules/react-dom/cjs/react-dom-client.development.js:16583:35)
      at performWorkOnRootViaSchedulerTask (node_modules/react-dom/cjs/react-dom-client.development.js:18957:7)
      at flushActQueue (node_modules/react/cjs/react.development.js:590:34)
      at process.env.NODE_ENV.exports.act (node_modules/react/cjs/react.development.js:884:10)
      at node_modules/@testing-library/react/dist/act-compat.js:46:25
      at renderRoot (node_modules/@testing-library/react/dist/pure.js:189:26)
      at render (node_modules/@testing-library/react/dist/pure.js:291:10)
      at Object.<anonymous> (src/components/Wizard/variants/Walkthrough.test.tsx:44:11)

  ● Walkthrough › shows finish on last step

    Element type is invalid: expected a string (for built-in components) or a class/function (for composite components) but got: undefined. You likely forgot to export your component from the file it's defined in, or you might have mixed up default and named imports.

    Check the render method of `Walkthrough`.

      48 |
      49 |   it('shows finish on last step', () => {
    > 50 |     render(<Walkthrough />);
         |           ^
      51 |     
      52 |     for (let i = 0; i < 4; i++) {
      53 |       fireEvent.click(screen.getByText('Next'));

      at createFiberFromTypeAndProps (node_modules/react-dom/cjs/react-dom-client.development.js:5021:28)
      at createFiberFromElement (node_modules/react-dom/cjs/react-dom-client.development.js:5035:14)
      at createChild (node_modules/react-dom/cjs/react-dom-client.development.js:6338:26)
      at reconcileChildrenArray (node_modules/react-dom/cjs/react-dom-client.development.js:6670:25)
      at reconcileChildFibersImpl (node_modules/react-dom/cjs/react-dom-client.development.js:6993:30)
      at node_modules/react-dom/cjs/react-dom-client.development.js:7098:33
      at reconcileChildren (node_modules/react-dom/cjs/react-dom-client.development.js:9701:13)
      at beginWork (node_modules/react-dom/cjs/react-dom-client.development.js:12049:13)
      at runWithFiberInDEV (node_modules/react-dom/cjs/react-dom-client.development.js:874:13)
      at performUnitOfWork (node_modules/react-dom/cjs/react-dom-client.development.js:17641:22)
      at workLoopSync (node_modules/react-dom/cjs/react-dom-client.development.js:17469:41)
      at renderRootSync (node_modules/react-dom/cjs/react-dom-client.development.js:17450:11)
      at performWorkOnRoot (node_modules/react-dom/cjs/react-dom-client.development.js:16583:35)
      at performWorkOnRootViaSchedulerTask (node_modules/react-dom/cjs/react-dom-client.development.js:18957:7)
      at flushActQueue (node_modules/react/cjs/react.development.js:590:34)
      at process.env.NODE_ENV.exports.act (node_modules/react/cjs/react.development.js:884:10)
      at node_modules/@testing-library/react/dist/act-compat.js:46:25
      at renderRoot (node_modules/@testing-library/react/dist/pure.js:189:26)
      at render (node_modules/@testing-library/react/dist/pure.js:291:10)
      at Object.<anonymous> (src/components/Wizard/variants/Walkthrough.test.tsx:50:11)

  ● Walkthrough › closes on finish

    Element type is invalid: expected a string (for built-in components) or a class/function (for composite components) but got: undefined. You likely forgot to export your component from the file it's defined in, or you might have mixed up default and named imports.

    Check the render method of `Walkthrough`.

      58 |
      59 |   it('closes on finish', () => {
    > 60 |     render(<Walkthrough />);
         |           ^
      61 |     
      62 |     for (let i = 0; i < 4; i++) {
      63 |       fireEvent.click(screen.getByText('Next'));

      at createFiberFromTypeAndProps (node_modules/react-dom/cjs/react-dom-client.development.js:5021:28)
      at createFiberFromElement (node_modules/react-dom/cjs/react-dom-client.development.js:5035:14)
      at createChild (node_modules/react-dom/cjs/react-dom-client.development.js:6338:26)
      at reconcileChildrenArray (node_modules/react-dom/cjs/react-dom-client.development.js:6670:25)
      at reconcileChildFibersImpl (node_modules/react-dom/cjs/react-dom-client.development.js:6993:30)
      at node_modules/react-dom/cjs/react-dom-client.development.js:7098:33
      at reconcileChildren (node_modules/react-dom/cjs/react-dom-client.development.js:9701:13)
      at beginWork (node_modules/react-dom/cjs/react-dom-client.development.js:12049:13)
      at runWithFiberInDEV (node_modules/react-dom/cjs/react-dom-client.development.js:874:13)
      at performUnitOfWork (node_modules/react-dom/cjs/react-dom-client.development.js:17641:22)
      at workLoopSync (node_modules/react-dom/cjs/react-dom-client.development.js:17469:41)
      at renderRootSync (node_modules/react-dom/cjs/react-dom-client.development.js:17450:11)
      at performWorkOnRoot (node_modules/react-dom/cjs/react-dom-client.development.js:16583:35)
      at performWorkOnRootViaSchedulerTask (node_modules/react-dom/cjs/react-dom-client.development.js:18957:7)
      at flushActQueue (node_modules/react/cjs/react.development.js:590:34)
      at process.env.NODE_ENV.exports.act (node_modules/react/cjs/react.development.js:884:10)
      at node_modules/@testing-library/react/dist/act-compat.js:46:25
      at renderRoot (node_modules/@testing-library/react/dist/pure.js:189:26)
      at render (node_modules/@testing-library/react/dist/pure.js:291:10)
      at Object.<anonymous> (src/components/Wizard/variants/Walkthrough.test.tsx:60:11)

FAIL src/components/Wizard/WizardLayout.test.tsx
  ● WizardLayout › renders title

    Element type is invalid: expected a string (for built-in components) or a class/function (for composite components) but got: undefined. You likely forgot to export your component from the file it's defined in, or you might have mixed up default and named imports.

    Check the render method of `WizardLayout`.

      20 |
      21 |   it('renders title', () => {
    > 22 |     render(<WizardLayout {...mockProps} />);
         |           ^
      23 |     expect(screen.getByText('Test Wizard')).toBeInTheDocument();
      24 |   });
      25 |

      at createFiberFromTypeAndProps (node_modules/react-dom/cjs/react-dom-client.development.js:5021:28)
      at createFiberFromElement (node_modules/react-dom/cjs/react-dom-client.development.js:5035:14)
      at createChild (node_modules/react-dom/cjs/react-dom-client.development.js:6338:26)
      at reconcileChildrenArray (node_modules/react-dom/cjs/react-dom-client.development.js:6670:25)
      at reconcileChildFibersImpl (node_modules/react-dom/cjs/react-dom-client.development.js:6993:30)
      at node_modules/react-dom/cjs/react-dom-client.development.js:7098:33
      at reconcileChildren (node_modules/react-dom/cjs/react-dom-client.development.js:9701:13)
      at beginWork (node_modules/react-dom/cjs/react-dom-client.development.js:12049:13)
      at runWithFiberInDEV (node_modules/react-dom/cjs/react-dom-client.development.js:874:13)
      at performUnitOfWork (node_modules/react-dom/cjs/react-dom-client.development.js:17641:22)
      at workLoopSync (node_modules/react-dom/cjs/react-dom-client.development.js:17469:41)
      at renderRootSync (node_modules/react-dom/cjs/react-dom-client.development.js:17450:11)
      at performWorkOnRoot (node_modules/react-dom/cjs/react-dom-client.development.js:16583:35)
      at performWorkOnRootViaSchedulerTask (node_modules/react-dom/cjs/react-dom-client.development.js:18957:7)
      at flushActQueue (node_modules/react/cjs/react.development.js:590:34)
      at process.env.NODE_ENV.exports.act (node_modules/react/cjs/react.development.js:884:10)
      at node_modules/@testing-library/react/dist/act-compat.js:46:25
      at renderRoot (node_modules/@testing-library/react/dist/pure.js:189:26)
      at render (node_modules/@testing-library/react/dist/pure.js:291:10)
      at Object.<anonymous> (src/components/Wizard/WizardLayout.test.tsx:22:11)

  ● WizardLayout › renders step labels

    Element type is invalid: expected a string (for built-in components) or a class/function (for composite components) but got: undefined. You likely forgot to export your component from the file it's defined in, or you might have mixed up default and named imports.

    Check the render method of `WizardLayout`.

      25 |
      26 |   it('renders step labels', () => {
    > 27 |     render(<WizardLayout {...mockProps} />);
         |           ^
      28 |     steps.forEach(step => {
      29 |       expect(screen.getByText(step)).toBeInTheDocument();
      30 |     });

      at createFiberFromTypeAndProps (node_modules/react-dom/cjs/react-dom-client.development.js:5021:28)
      at createFiberFromElement (node_modules/react-dom/cjs/react-dom-client.development.js:5035:14)
      at createChild (node_modules/react-dom/cjs/react-dom-client.development.js:6338:26)
      at reconcileChildrenArray (node_modules/react-dom/cjs/react-dom-client.development.js:6670:25)
      at reconcileChildFibersImpl (node_modules/react-dom/cjs/react-dom-client.development.js:6993:30)
      at node_modules/react-dom/cjs/react-dom-client.development.js:7098:33
      at reconcileChildren (node_modules/react-dom/cjs/react-dom-client.development.js:9701:13)
      at beginWork (node_modules/react-dom/cjs/react-dom-client.development.js:12049:13)
      at runWithFiberInDEV (node_modules/react-dom/cjs/react-dom-client.development.js:874:13)
      at performUnitOfWork (node_modules/react-dom/cjs/react-dom-client.development.js:17641:22)
      at workLoopSync (node_modules/react-dom/cjs/react-dom-client.development.js:17469:41)
      at renderRootSync (node_modules/react-dom/cjs/react-dom-client.development.js:17450:11)
      at performWorkOnRoot (node_modules/react-dom/cjs/react-dom-client.development.js:16583:35)
      at performWorkOnRootViaSchedulerTask (node_modules/react-dom/cjs/react-dom-client.development.js:18957:7)
      at flushActQueue (node_modules/react/cjs/react.development.js:590:34)
      at process.env.NODE_ENV.exports.act (node_modules/react/cjs/react.development.js:884:10)
      at node_modules/@testing-library/react/dist/act-compat.js:46:25
      at renderRoot (node_modules/@testing-library/react/dist/pure.js:189:26)
      at render (node_modules/@testing-library/react/dist/pure.js:291:10)
      at Object.<anonymous> (src/components/Wizard/WizardLayout.test.tsx:27:11)

  ● WizardLayout › renders children

    Element type is invalid: expected a string (for built-in components) or a class/function (for composite components) but got: undefined. You likely forgot to export your component from the file it's defined in, or you might have mixed up default and named imports.

    Check the render method of `WizardLayout`.

      32 |
      33 |   it('renders children', () => {
    > 34 |     render(<WizardLayout {...mockProps} />);
         |           ^
      35 |     expect(screen.getByText('Content')).toBeInTheDocument();
      36 |   });
      37 |

      at createFiberFromTypeAndProps (node_modules/react-dom/cjs/react-dom-client.development.js:5021:28)
      at createFiberFromElement (node_modules/react-dom/cjs/react-dom-client.development.js:5035:14)
      at createChild (node_modules/react-dom/cjs/react-dom-client.development.js:6338:26)
      at reconcileChildrenArray (node_modules/react-dom/cjs/react-dom-client.development.js:6670:25)
      at reconcileChildFibersImpl (node_modules/react-dom/cjs/react-dom-client.development.js:6993:30)
      at node_modules/react-dom/cjs/react-dom-client.development.js:7098:33
      at reconcileChildren (node_modules/react-dom/cjs/react-dom-client.development.js:9701:13)
      at beginWork (node_modules/react-dom/cjs/react-dom-client.development.js:12049:13)
      at runWithFiberInDEV (node_modules/react-dom/cjs/react-dom-client.development.js:874:13)
      at performUnitOfWork (node_modules/react-dom/cjs/react-dom-client.development.js:17641:22)
      at workLoopSync (node_modules/react-dom/cjs/react-dom-client.development.js:17469:41)
      at renderRootSync (node_modules/react-dom/cjs/react-dom-client.development.js:17450:11)
      at performWorkOnRoot (node_modules/react-dom/cjs/react-dom-client.development.js:16583:35)
      at performWorkOnRootViaSchedulerTask (node_modules/react-dom/cjs/react-dom-client.development.js:18957:7)
      at flushActQueue (node_modules/react/cjs/react.development.js:590:34)
      at process.env.NODE_ENV.exports.act (node_modules/react/cjs/react.development.js:884:10)
      at node_modules/@testing-library/react/dist/act-compat.js:46:25
      at renderRoot (node_modules/@testing-library/react/dist/pure.js:189:26)
      at render (node_modules/@testing-library/react/dist/pure.js:291:10)
      at Object.<anonymous> (src/components/Wizard/WizardLayout.test.tsx:34:11)

  ● WizardLayout › calls onNext when next button is clicked

    Element type is invalid: expected a string (for built-in components) or a class/function (for composite components) but got: undefined. You likely forgot to export your component from the file it's defined in, or you might have mixed up default and named imports.

    Check the render method of `WizardLayout`.

      37 |
      38 |   it('calls onNext when next button is clicked', () => {
    > 39 |     render(<WizardLayout {...mockProps} />);
         |           ^
      40 |     fireEvent.click(screen.getByText('Next →'));
      41 |     expect(mockProps.onNext).toHaveBeenCalledTimes(1);
      42 |   });

      at createFiberFromTypeAndProps (node_modules/react-dom/cjs/react-dom-client.development.js:5021:28)
      at createFiberFromElement (node_modules/react-dom/cjs/react-dom-client.development.js:5035:14)
      at createChild (node_modules/react-dom/cjs/react-dom-client.development.js:6338:26)
      at reconcileChildrenArray (node_modules/react-dom/cjs/react-dom-client.development.js:6670:25)
      at reconcileChildFibersImpl (node_modules/react-dom/cjs/react-dom-client.development.js:6993:30)
      at node_modules/react-dom/cjs/react-dom-client.development.js:7098:33
      at reconcileChildren (node_modules/react-dom/cjs/react-dom-client.development.js:9701:13)
      at beginWork (node_modules/react-dom/cjs/react-dom-client.development.js:12049:13)
      at runWithFiberInDEV (node_modules/react-dom/cjs/react-dom-client.development.js:874:13)
      at performUnitOfWork (node_modules/react-dom/cjs/react-dom-client.development.js:17641:22)
      at workLoopSync (node_modules/react-dom/cjs/react-dom-client.development.js:17469:41)
      at renderRootSync (node_modules/react-dom/cjs/react-dom-client.development.js:17450:11)
      at performWorkOnRoot (node_modules/react-dom/cjs/react-dom-client.development.js:16583:35)
      at performWorkOnRootViaSchedulerTask (node_modules/react-dom/cjs/react-dom-client.development.js:18957:7)
      at flushActQueue (node_modules/react/cjs/react.development.js:590:34)
      at process.env.NODE_ENV.exports.act (node_modules/react/cjs/react.development.js:884:10)
      at node_modules/@testing-library/react/dist/act-compat.js:46:25
      at renderRoot (node_modules/@testing-library/react/dist/pure.js:189:26)
      at render (node_modules/@testing-library/react/dist/pure.js:291:10)
      at Object.<anonymous> (src/components/Wizard/WizardLayout.test.tsx:39:11)

  ● WizardLayout › disables next button when isNextDisabled is true

    Element type is invalid: expected a string (for built-in components) or a class/function (for composite components) but got: undefined. You likely forgot to export your component from the file it's defined in, or you might have mixed up default and named imports.

    Check the render method of `WizardLayout`.

      43 |
      44 |   it('disables next button when isNextDisabled is true', () => {
    > 45 |     render(<WizardLayout {...mockProps} isNextDisabled={true} />);
         |           ^
      46 |     expect(screen.getByText('Next →')).toBeDisabled();
      47 |   });
      48 |

      at createFiberFromTypeAndProps (node_modules/react-dom/cjs/react-dom-client.development.js:5021:28)
      at createFiberFromElement (node_modules/react-dom/cjs/react-dom-client.development.js:5035:14)
      at createChild (node_modules/react-dom/cjs/react-dom-client.development.js:6338:26)
      at reconcileChildrenArray (node_modules/react-dom/cjs/react-dom-client.development.js:6670:25)
      at reconcileChildFibersImpl (node_modules/react-dom/cjs/react-dom-client.development.js:6993:30)
      at node_modules/react-dom/cjs/react-dom-client.development.js:7098:33
      at reconcileChildren (node_modules/react-dom/cjs/react-dom-client.development.js:9701:13)
      at beginWork (node_modules/react-dom/cjs/react-dom-client.development.js:12049:13)
      at runWithFiberInDEV (node_modules/react-dom/cjs/react-dom-client.development.js:874:13)
      at performUnitOfWork (node_modules/react-dom/cjs/react-dom-client.development.js:17641:22)
      at workLoopSync (node_modules/react-dom/cjs/react-dom-client.development.js:17469:41)
      at renderRootSync (node_modules/react-dom/cjs/react-dom-client.development.js:17450:11)
      at performWorkOnRoot (node_modules/react-dom/cjs/react-dom-client.development.js:16583:35)
      at performWorkOnRootViaSchedulerTask (node_modules/react-dom/cjs/react-dom-client.development.js:18957:7)
      at flushActQueue (node_modules/react/cjs/react.development.js:590:34)
      at process.env.NODE_ENV.exports.act (node_modules/react/cjs/react.development.js:884:10)
      at node_modules/@testing-library/react/dist/act-compat.js:46:25
      at renderRoot (node_modules/@testing-library/react/dist/pure.js:189:26)
      at render (node_modules/@testing-library/react/dist/pure.js:291:10)
      at Object.<anonymous> (src/components/Wizard/WizardLayout.test.tsx:45:11)

  ● WizardLayout › shows finish label on last step

    Element type is invalid: expected a string (for built-in components) or a class/function (for composite components) but got: undefined. You likely forgot to export your component from the file it's defined in, or you might have mixed up default and named imports.

    Check the render method of `WizardLayout`.

      48 |
      49 |   it('shows finish label on last step', () => {
    > 50 |     render(<WizardLayout {...mockProps} activeStep={3} nextLabel="Finish" />);
         |           ^
      51 |     expect(screen.getByText('Finish')).toBeInTheDocument();
      52 |   });
      53 |

      at createFiberFromTypeAndProps (node_modules/react-dom/cjs/react-dom-client.development.js:5021:28)
      at createFiberFromElement (node_modules/react-dom/cjs/react-dom-client.development.js:5035:14)
      at createChild (node_modules/react-dom/cjs/react-dom-client.development.js:6338:26)
      at reconcileChildrenArray (node_modules/react-dom/cjs/react-dom-client.development.js:6670:25)
      at reconcileChildFibersImpl (node_modules/react-dom/cjs/react-dom-client.development.js:6993:30)
      at node_modules/react-dom/cjs/react-dom-client.development.js:7098:33
      at reconcileChildren (node_modules/react-dom/cjs/react-dom-client.development.js:9701:13)
      at beginWork (node_modules/react-dom/cjs/react-dom-client.development.js:12049:13)
      at runWithFiberInDEV (node_modules/react-dom/cjs/react-dom-client.development.js:874:13)
      at performUnitOfWork (node_modules/react-dom/cjs/react-dom-client.development.js:17641:22)
      at workLoopSync (node_modules/react-dom/cjs/react-dom-client.development.js:17469:41)
      at renderRootSync (node_modules/react-dom/cjs/react-dom-client.development.js:17450:11)
      at performWorkOnRoot (node_modules/react-dom/cjs/react-dom-client.development.js:16583:35)
      at performWorkOnRootViaSchedulerTask (node_modules/react-dom/cjs/react-dom-client.development.js:18957:7)
      at flushActQueue (node_modules/react/cjs/react.development.js:590:34)
      at process.env.NODE_ENV.exports.act (node_modules/react/cjs/react.development.js:884:10)
      at node_modules/@testing-library/react/dist/act-compat.js:46:25
      at renderRoot (node_modules/@testing-library/react/dist/pure.js:189:26)
      at render (node_modules/@testing-library/react/dist/pure.js:291:10)
      at Object.<anonymous> (src/components/Wizard/WizardLayout.test.tsx:50:11)

  ● WizardLayout › calls onExit when exit button is clicked

    Element type is invalid: expected a string (for built-in components) or a class/function (for composite components) but got: undefined. You likely forgot to export your component from the file it's defined in, or you might have mixed up default and named imports.

    Check the render method of `WizardLayout`.

      53 |
      54 |   it('calls onExit when exit button is clicked', () => {
    > 55 |     render(<WizardLayout {...mockProps} />);
         |           ^
      56 |     fireEvent.click(screen.getByText('Exit'));
      57 |     expect(mockProps.onExit).toHaveBeenCalledTimes(1);
      58 |   });

      at createFiberFromTypeAndProps (node_modules/react-dom/cjs/react-dom-client.development.js:5021:28)
      at createFiberFromElement (node_modules/react-dom/cjs/react-dom-client.development.js:5035:14)
      at createChild (node_modules/react-dom/cjs/react-dom-client.development.js:6338:26)
      at reconcileChildrenArray (node_modules/react-dom/cjs/react-dom-client.development.js:6670:25)
      at reconcileChildFibersImpl (node_modules/react-dom/cjs/react-dom-client.development.js:6993:30)
      at node_modules/react-dom/cjs/react-dom-client.development.js:7098:33
      at reconcileChildren (node_modules/react-dom/cjs/react-dom-client.development.js:9701:13)
      at beginWork (node_modules/react-dom/cjs/react-dom-client.development.js:12049:13)
      at runWithFiberInDEV (node_modules/react-dom/cjs/react-dom-client.development.js:874:13)
      at performUnitOfWork (node_modules/react-dom/cjs/react-dom-client.development.js:17641:22)
      at workLoopSync (node_modules/react-dom/cjs/react-dom-client.development.js:17469:41)
      at renderRootSync (node_modules/react-dom/cjs/react-dom-client.development.js:17450:11)
      at performWorkOnRoot (node_modules/react-dom/cjs/react-dom-client.development.js:16583:35)
      at performWorkOnRootViaSchedulerTask (node_modules/react-dom/cjs/react-dom-client.development.js:18957:7)
      at flushActQueue (node_modules/react/cjs/react.development.js:590:34)
      at process.env.NODE_ENV.exports.act (node_modules/react/cjs/react.development.js:884:10)
      at node_modules/@testing-library/react/dist/act-compat.js:46:25
      at renderRoot (node_modules/@testing-library/react/dist/pure.js:189:26)
      at render (node_modules/@testing-library/react/dist/pure.js:291:10)
      at Object.<anonymous> (src/components/Wizard/WizardLayout.test.tsx:55:11)

  ● WizardLayout › marks completed steps as done

    Element type is invalid: expected a string (for built-in components) or a class/function (for composite components) but got: undefined. You likely forgot to export your component from the file it's defined in, or you might have mixed up default and named imports.

    Check the render method of `WizardLayout`.

      59 |
      60 |   it('marks completed steps as done', () => {
    > 61 |     render(<WizardLayout {...mockProps} activeStep={2} />);
         |           ^
      62 |     const doneStep = screen.getByText('Step 1');
      63 |     expect(doneStep.parentElement).toHaveClass('stepDone');
      64 |   });

      at createFiberFromTypeAndProps (node_modules/react-dom/cjs/react-dom-client.development.js:5021:28)
      at createFiberFromElement (node_modules/react-dom/cjs/react-dom-client.development.js:5035:14)
      at createChild (node_modules/react-dom/cjs/react-dom-client.development.js:6338:26)
      at reconcileChildrenArray (node_modules/react-dom/cjs/react-dom-client.development.js:6670:25)
      at reconcileChildFibersImpl (node_modules/react-dom/cjs/react-dom-client.development.js:6993:30)
      at node_modules/react-dom/cjs/react-dom-client.development.js:7098:33
      at reconcileChildren (node_modules/react-dom/cjs/react-dom-client.development.js:9701:13)
      at beginWork (node_modules/react-dom/cjs/react-dom-client.development.js:12049:13)
      at runWithFiberInDEV (node_modules/react-dom/cjs/react-dom-client.development.js:874:13)
      at performUnitOfWork (node_modules/react-dom/cjs/react-dom-client.development.js:17641:22)
      at workLoopSync (node_modules/react-dom/cjs/react-dom-client.development.js:17469:41)
      at renderRootSync (node_modules/react-dom/cjs/react-dom-client.development.js:17450:11)
      at performWorkOnRoot (node_modules/react-dom/cjs/react-dom-client.development.js:16583:35)
      at performWorkOnRootViaSchedulerTask (node_modules/react-dom/cjs/react-dom-client.development.js:18957:7)
      at flushActQueue (node_modules/react/cjs/react.development.js:590:34)
      at process.env.NODE_ENV.exports.act (node_modules/react/cjs/react.development.js:884:10)
      at node_modules/@testing-library/react/dist/act-compat.js:46:25
      at renderRoot (node_modules/@testing-library/react/dist/pure.js:189:26)
      at render (node_modules/@testing-library/react/dist/pure.js:291:10)
      at Object.<anonymous> (src/components/Wizard/WizardLayout.test.tsx:61:11)

FAIL src/app/knowledge/page.test.tsx
  ● Knowledge Page › renders page title

    Element type is invalid: expected a string (for built-in components) or a class/function (for composite components) but got: undefined. You likely forgot to export your component from the file it's defined in, or you might have mixed up default and named imports.

    Check the render method of `KnowledgeBase`.

       5 | describe('Knowledge Page', () => {
       6 |   it('renders page title', () => {
    >  7 |     render(<KnowledgeBase />)
         |           ^
       8 |     expect(screen.getByText('Knowledge Base')).toBeInTheDocument()
       9 |   })
      10 |

      at createFiberFromTypeAndProps (node_modules/react-dom/cjs/react-dom-client.development.js:5021:28)
      at createFiberFromElement (node_modules/react-dom/cjs/react-dom-client.development.js:5035:14)
      at createChild (node_modules/react-dom/cjs/react-dom-client.development.js:6338:26)
      at reconcileChildrenArray (node_modules/react-dom/cjs/react-dom-client.development.js:6670:25)
      at reconcileChildFibersImpl (node_modules/react-dom/cjs/react-dom-client.development.js:6993:30)
      at node_modules/react-dom/cjs/react-dom-client.development.js:7098:33
      at reconcileChildren (node_modules/react-dom/cjs/react-dom-client.development.js:9701:13)
      at beginWork (node_modules/react-dom/cjs/react-dom-client.development.js:12049:13)
      at runWithFiberInDEV (node_modules/react-dom/cjs/react-dom-client.development.js:874:13)
      at performUnitOfWork (node_modules/react-dom/cjs/react-dom-client.development.js:17641:22)
      at workLoopSync (node_modules/react-dom/cjs/react-dom-client.development.js:17469:41)
      at renderRootSync (node_modules/react-dom/cjs/react-dom-client.development.js:17450:11)
      at performWorkOnRoot (node_modules/react-dom/cjs/react-dom-client.development.js:16583:35)
      at performWorkOnRootViaSchedulerTask (node_modules/react-dom/cjs/react-dom-client.development.js:18957:7)
      at flushActQueue (node_modules/react/cjs/react.development.js:590:34)
      at process.env.NODE_ENV.exports.act (node_modules/react/cjs/react.development.js:884:10)
      at node_modules/@testing-library/react/dist/act-compat.js:46:25
      at renderRoot (node_modules/@testing-library/react/dist/pure.js:189:26)
      at render (node_modules/@testing-library/react/dist/pure.js:291:10)
      at Object.<anonymous> (src/app/knowledge/page.test.tsx:7:11)

  ● Knowledge Page › renders create buttons

    Element type is invalid: expected a string (for built-in components) or a class/function (for composite components) but got: undefined. You likely forgot to export your component from the file it's defined in, or you might have mixed up default and named imports.

    Check the render method of `KnowledgeBase`.

      10 |
      11 |   it('renders create buttons', () => {
    > 12 |     render(<KnowledgeBase />)
         |           ^
      13 |     expect(screen.getByText('+ Text / Website')).toBeInTheDocument()
      14 |     expect(screen.getByText('+ Upload File')).toBeInTheDocument()
      15 |   })

      at createFiberFromTypeAndProps (node_modules/react-dom/cjs/react-dom-client.development.js:5021:28)
      at createFiberFromElement (node_modules/react-dom/cjs/react-dom-client.development.js:5035:14)
      at createChild (node_modules/react-dom/cjs/react-dom-client.development.js:6338:26)
      at reconcileChildrenArray (node_modules/react-dom/cjs/react-dom-client.development.js:6670:25)
      at reconcileChildFibersImpl (node_modules/react-dom/cjs/react-dom-client.development.js:6993:30)
      at node_modules/react-dom/cjs/react-dom-client.development.js:7098:33
      at reconcileChildren (node_modules/react-dom/cjs/react-dom-client.development.js:9701:13)
      at beginWork (node_modules/react-dom/cjs/react-dom-client.development.js:12049:13)
      at runWithFiberInDEV (node_modules/react-dom/cjs/react-dom-client.development.js:874:13)
      at performUnitOfWork (node_modules/react-dom/cjs/react-dom-client.development.js:17641:22)
      at workLoopSync (node_modules/react-dom/cjs/react-dom-client.development.js:17469:41)
      at renderRootSync (node_modules/react-dom/cjs/react-dom-client.development.js:17450:11)
      at performWorkOnRoot (node_modules/react-dom/cjs/react-dom-client.development.js:16583:35)
      at performWorkOnRootViaSchedulerTask (node_modules/react-dom/cjs/react-dom-client.development.js:18957:7)
      at flushActQueue (node_modules/react/cjs/react.development.js:590:34)
      at process.env.NODE_ENV.exports.act (node_modules/react/cjs/react.development.js:884:10)
      at node_modules/@testing-library/react/dist/act-compat.js:46:25
      at renderRoot (node_modules/@testing-library/react/dist/pure.js:189:26)
      at render (node_modules/@testing-library/react/dist/pure.js:291:10)
      at Object.<anonymous> (src/app/knowledge/page.test.tsx:12:11)

  ● Knowledge Page › renders description

    Element type is invalid: expected a string (for built-in components) or a class/function (for composite components) but got: undefined. You likely forgot to export your component from the file it's defined in, or you might have mixed up default and named imports.

    Check the render method of `KnowledgeBase`.

      16 |
      17 |   it('renders description', () => {
    > 18 |     render(<KnowledgeBase />)
         |           ^
      19 |     expect(screen.getByText(/The Knowledge Base allows your AI assistants/)).toBeInTheDocument()
      20 |   })
      21 |

      at createFiberFromTypeAndProps (node_modules/react-dom/cjs/react-dom-client.development.js:5021:28)
      at createFiberFromElement (node_modules/react-dom/cjs/react-dom-client.development.js:5035:14)
      at createChild (node_modules/react-dom/cjs/react-dom-client.development.js:6338:26)
      at reconcileChildrenArray (node_modules/react-dom/cjs/react-dom-client.development.js:6670:25)
      at reconcileChildFibersImpl (node_modules/react-dom/cjs/react-dom-client.development.js:6993:30)
      at node_modules/react-dom/cjs/react-dom-client.development.js:7098:33
      at reconcileChildren (node_modules/react-dom/cjs/react-dom-client.development.js:9701:13)
      at beginWork (node_modules/react-dom/cjs/react-dom-client.development.js:12049:13)
      at runWithFiberInDEV (node_modules/react-dom/cjs/react-dom-client.development.js:874:13)
      at performUnitOfWork (node_modules/react-dom/cjs/react-dom-client.development.js:17641:22)
      at workLoopSync (node_modules/react-dom/cjs/react-dom-client.development.js:17469:41)
      at renderRootSync (node_modules/react-dom/cjs/react-dom-client.development.js:17450:11)
      at performWorkOnRoot (node_modules/react-dom/cjs/react-dom-client.development.js:16583:35)
      at performWorkOnRootViaSchedulerTask (node_modules/react-dom/cjs/react-dom-client.development.js:18957:7)
      at flushActQueue (node_modules/react/cjs/react.development.js:590:34)
      at process.env.NODE_ENV.exports.act (node_modules/react/cjs/react.development.js:884:10)
      at node_modules/@testing-library/react/dist/act-compat.js:46:25
      at renderRoot (node_modules/@testing-library/react/dist/pure.js:189:26)
      at render (node_modules/@testing-library/react/dist/pure.js:291:10)
      at Object.<anonymous> (src/app/knowledge/page.test.tsx:18:11)

  ● Knowledge Page › renders table headers

    Element type is invalid: expected a string (for built-in components) or a class/function (for composite components) but got: undefined. You likely forgot to export your component from the file it's defined in, or you might have mixed up default and named imports.

    Check the render method of `KnowledgeBase`.

      21 |
      22 |   it('renders table headers', () => {
    > 23 |     render(<KnowledgeBase />)
         |           ^
      24 |     expect(screen.getByText('Document Name')).toBeInTheDocument()
      25 |     expect(screen.getByText('Type')).toBeInTheDocument()
      26 |     expect(screen.getByText('Size')).toBeInTheDocument()

      at createFiberFromTypeAndProps (node_modules/react-dom/cjs/react-dom-client.development.js:5021:28)
      at createFiberFromElement (node_modules/react-dom/cjs/react-dom-client.development.js:5035:14)
      at createChild (node_modules/react-dom/cjs/react-dom-client.development.js:6338:26)
      at reconcileChildrenArray (node_modules/react-dom/cjs/react-dom-client.development.js:6670:25)
      at reconcileChildFibersImpl (node_modules/react-dom/cjs/react-dom-client.development.js:6993:30)
      at node_modules/react-dom/cjs/react-dom-client.development.js:7098:33
      at reconcileChildren (node_modules/react-dom/cjs/react-dom-client.development.js:9701:13)
      at beginWork (node_modules/react-dom/cjs/react-dom-client.development.js:12049:13)
      at runWithFiberInDEV (node_modules/react-dom/cjs/react-dom-client.development.js:874:13)
      at performUnitOfWork (node_modules/react-dom/cjs/react-dom-client.development.js:17641:22)
      at workLoopSync (node_modules/react-dom/cjs/react-dom-client.development.js:17469:41)
      at renderRootSync (node_modules/react-dom/cjs/react-dom-client.development.js:17450:11)
      at performWorkOnRoot (node_modules/react-dom/cjs/react-dom-client.development.js:16583:35)
      at performWorkOnRootViaSchedulerTask (node_modules/react-dom/cjs/react-dom-client.development.js:18957:7)
      at flushActQueue (node_modules/react/cjs/react.development.js:590:34)
      at process.env.NODE_ENV.exports.act (node_modules/react/cjs/react.development.js:884:10)
      at node_modules/@testing-library/react/dist/act-compat.js:46:25
      at renderRoot (node_modules/@testing-library/react/dist/pure.js:189:26)
      at render (node_modules/@testing-library/react/dist/pure.js:291:10)
      at Object.<anonymous> (src/app/knowledge/page.test.tsx:23:11)

  ● Knowledge Page › renders knowledge items

    Element type is invalid: expected a string (for built-in components) or a class/function (for composite components) but got: undefined. You likely forgot to export your component from the file it's defined in, or you might have mixed up default and named imports.

    Check the render method of `KnowledgeBase`.

      30 |
      31 |   it('renders knowledge items', () => {
    > 32 |     render(<KnowledgeBase />)
         |           ^
      33 |     expect(screen.getByText('Product Specifications 2026.pdf')).toBeInTheDocument()
      34 |     expect(screen.getByText('Company FAQ')).toBeInTheDocument()
      35 |   })

      at createFiberFromTypeAndProps (node_modules/react-dom/cjs/react-dom-client.development.js:5021:28)
      at createFiberFromElement (node_modules/react-dom/cjs/react-dom-client.development.js:5035:14)
      at createChild (node_modules/react-dom/cjs/react-dom-client.development.js:6338:26)
      at reconcileChildrenArray (node_modules/react-dom/cjs/react-dom-client.development.js:6670:25)
      at reconcileChildFibersImpl (node_modules/react-dom/cjs/react-dom-client.development.js:6993:30)
      at node_modules/react-dom/cjs/react-dom-client.development.js:7098:33
      at reconcileChildren (node_modules/react-dom/cjs/react-dom-client.development.js:9701:13)
      at beginWork (node_modules/react-dom/cjs/react-dom-client.development.js:12049:13)
      at runWithFiberInDEV (node_modules/react-dom/cjs/react-dom-client.development.js:874:13)
      at performUnitOfWork (node_modules/react-dom/cjs/react-dom-client.development.js:17641:22)
      at workLoopSync (node_modules/react-dom/cjs/react-dom-client.development.js:17469:41)
      at renderRootSync (node_modules/react-dom/cjs/react-dom-client.development.js:17450:11)
      at performWorkOnRoot (node_modules/react-dom/cjs/react-dom-client.development.js:16583:35)
      at performWorkOnRootViaSchedulerTask (node_modules/react-dom/cjs/react-dom-client.development.js:18957:7)
      at flushActQueue (node_modules/react/cjs/react.development.js:590:34)
      at process.env.NODE_ENV.exports.act (node_modules/react/cjs/react.development.js:884:10)
      at node_modules/@testing-library/react/dist/act-compat.js:46:25
      at renderRoot (node_modules/@testing-library/react/dist/pure.js:189:26)
      at render (node_modules/@testing-library/react/dist/pure.js:291:10)
      at Object.<anonymous> (src/app/knowledge/page.test.tsx:32:11)

  ● Knowledge Page › renders document types

    Element type is invalid: expected a string (for built-in components) or a class/function (for composite components) but got: undefined. You likely forgot to export your component from the file it's defined in, or you might have mixed up default and named imports.

    Check the render method of `KnowledgeBase`.

      36 |
      37 |   it('renders document types', () => {
    > 38 |     render(<KnowledgeBase />)
         |           ^
      39 |     expect(screen.getByText('PDF')).toBeInTheDocument()
      40 |     expect(screen.getByText('Text / Web')).toBeInTheDocument()
      41 |   })

      at createFiberFromTypeAndProps (node_modules/react-dom/cjs/react-dom-client.development.js:5021:28)
      at createFiberFromElement (node_modules/react-dom/cjs/react-dom-client.development.js:5035:14)
      at createChild (node_modules/react-dom/cjs/react-dom-client.development.js:6338:26)
      at reconcileChildrenArray (node_modules/react-dom/cjs/react-dom-client.development.js:6670:25)
      at reconcileChildFibersImpl (node_modules/react-dom/cjs/react-dom-client.development.js:6993:30)
      at node_modules/react-dom/cjs/react-dom-client.development.js:7098:33
      at reconcileChildren (node_modules/react-dom/cjs/react-dom-client.development.js:9701:13)
      at beginWork (node_modules/react-dom/cjs/react-dom-client.development.js:12049:13)
      at runWithFiberInDEV (node_modules/react-dom/cjs/react-dom-client.development.js:874:13)
      at performUnitOfWork (node_modules/react-dom/cjs/react-dom-client.development.js:17641:22)
      at workLoopSync (node_modules/react-dom/cjs/react-dom-client.development.js:17469:41)
      at renderRootSync (node_modules/react-dom/cjs/react-dom-client.development.js:17450:11)
      at performWorkOnRoot (node_modules/react-dom/cjs/react-dom-client.development.js:16583:35)
      at performWorkOnRootViaSchedulerTask (node_modules/react-dom/cjs/react-dom-client.development.js:18957:7)
      at flushActQueue (node_modules/react/cjs/react.development.js:590:34)
      at process.env.NODE_ENV.exports.act (node_modules/react/cjs/react.development.js:884:10)
      at node_modules/@testing-library/react/dist/act-compat.js:46:25
      at renderRoot (node_modules/@testing-library/react/dist/pure.js:189:26)
      at render (node_modules/@testing-library/react/dist/pure.js:291:10)
      at Object.<anonymous> (src/app/knowledge/page.test.tsx:38:11)

  ● Knowledge Page › renders document sizes

    Element type is invalid: expected a string (for built-in components) or a class/function (for composite components) but got: undefined. You likely forgot to export your component from the file it's defined in, or you might have mixed up default and named imports.

    Check the render method of `KnowledgeBase`.

      42 |
      43 |   it('renders document sizes', () => {
    > 44 |     render(<KnowledgeBase />)
         |           ^
      45 |     expect(screen.getByText('2.4 MB')).toBeInTheDocument()
      46 |     expect(screen.getByText('12 KB')).toBeInTheDocument()
      47 |   })

      at createFiberFromTypeAndProps (node_modules/react-dom/cjs/react-dom-client.development.js:5021:28)
      at createFiberFromElement (node_modules/react-dom/cjs/react-dom-client.development.js:5035:14)
      at createChild (node_modules/react-dom/cjs/react-dom-client.development.js:6338:26)
      at reconcileChildrenArray (node_modules/react-dom/cjs/react-dom-client.development.js:6670:25)
      at reconcileChildFibersImpl (node_modules/react-dom/cjs/react-dom-client.development.js:6993:30)
      at node_modules/react-dom/cjs/react-dom-client.development.js:7098:33
      at reconcileChildren (node_modules/react-dom/cjs/react-dom-client.development.js:9701:13)
      at beginWork (node_modules/react-dom/cjs/react-dom-client.development.js:12049:13)
      at runWithFiberInDEV (node_modules/react-dom/cjs/react-dom-client.development.js:874:13)
      at performUnitOfWork (node_modules/react-dom/cjs/react-dom-client.development.js:17641:22)
      at workLoopSync (node_modules/react-dom/cjs/react-dom-client.development.js:17469:41)
      at renderRootSync (node_modules/react-dom/cjs/react-dom-client.development.js:17450:11)
      at performWorkOnRoot (node_modules/react-dom/cjs/react-dom-client.development.js:16583:35)
      at performWorkOnRootViaSchedulerTask (node_modules/react-dom/cjs/react-dom-client.development.js:18957:7)
      at flushActQueue (node_modules/react/cjs/react.development.js:590:34)
      at process.env.NODE_ENV.exports.act (node_modules/react/cjs/react.development.js:884:10)
      at node_modules/@testing-library/react/dist/act-compat.js:46:25
      at renderRoot (node_modules/@testing-library/react/dist/pure.js:189:26)
      at render (node_modules/@testing-library/react/dist/pure.js:291:10)
      at Object.<anonymous> (src/app/knowledge/page.test.tsx:44:11)

  ● Knowledge Page › renders delete buttons with aria-label

    Element type is invalid: expected a string (for built-in components) or a class/function (for composite components) but got: undefined. You likely forgot to export your component from the file it's defined in, or you might have mixed up default and named imports.

    Check the render method of `KnowledgeBase`.

      48 |
      49 |   it('renders delete buttons with aria-label', () => {
    > 50 |     render(<KnowledgeBase />)
         |           ^
      51 |     const deleteBtns = screen.getAllByLabelText('Delete document')
      52 |     expect(deleteBtns.length).toBe(2)
      53 |   })

      at createFiberFromTypeAndProps (node_modules/react-dom/cjs/react-dom-client.development.js:5021:28)
      at createFiberFromElement (node_modules/react-dom/cjs/react-dom-client.development.js:5035:14)
      at createChild (node_modules/react-dom/cjs/react-dom-client.development.js:6338:26)
      at reconcileChildrenArray (node_modules/react-dom/cjs/react-dom-client.development.js:6670:25)
      at reconcileChildFibersImpl (node_modules/react-dom/cjs/react-dom-client.development.js:6993:30)
      at node_modules/react-dom/cjs/react-dom-client.development.js:7098:33
      at reconcileChildren (node_modules/react-dom/cjs/react-dom-client.development.js:9701:13)
      at beginWork (node_modules/react-dom/cjs/react-dom-client.development.js:12049:13)
      at runWithFiberInDEV (node_modules/react-dom/cjs/react-dom-client.development.js:874:13)
      at performUnitOfWork (node_modules/react-dom/cjs/react-dom-client.development.js:17641:22)
      at workLoopSync (node_modules/react-dom/cjs/react-dom-client.development.js:17469:41)
      at renderRootSync (node_modules/react-dom/cjs/react-dom-client.development.js:17450:11)
      at performWorkOnRoot (node_modules/react-dom/cjs/react-dom-client.development.js:16583:35)
      at performWorkOnRootViaSchedulerTask (node_modules/react-dom/cjs/react-dom-client.development.js:18957:7)
      at flushActQueue (node_modules/react/cjs/react.development.js:590:34)
      at process.env.NODE_ENV.exports.act (node_modules/react/cjs/react.development.js:884:10)
      at node_modules/@testing-library/react/dist/act-compat.js:46:25
      at renderRoot (node_modules/@testing-library/react/dist/pure.js:189:26)
      at render (node_modules/@testing-library/react/dist/pure.js:291:10)
      at Object.<anonymous> (src/app/knowledge/page.test.tsx:50:11)

FAIL src/components/TourBuilder/SelectionToolbar.test.tsx
  ● SelectionToolbar › renders toolbar buttons

    Element type is invalid: expected a string (for built-in components) or a class/function (for composite components) but got: undefined. You likely forgot to export your component from the file it's defined in, or you might have mixed up default and named imports.

    Check the render method of `SelectionToolbar`.

      15 | describe('SelectionToolbar', () => {
      16 |   it('renders toolbar buttons', () => {
    > 17 |     render(
         |           ^
      18 |       <SelectionToolbar 
      19 |         element={mockElement} 
      20 |         onClose={jest.fn()} 

      at createFiberFromTypeAndProps (node_modules/react-dom/cjs/react-dom-client.development.js:5021:28)
      at createFiberFromElement (node_modules/react-dom/cjs/react-dom-client.development.js:5035:14)
      at reconcileChildFibersImpl (node_modules/react-dom/cjs/react-dom-client.development.js:6920:31)
      at node_modules/react-dom/cjs/react-dom-client.development.js:7098:33
      at reconcileChildren (node_modules/react-dom/cjs/react-dom-client.development.js:9701:13)
      at beginWork (node_modules/react-dom/cjs/react-dom-client.development.js:12049:13)
      at runWithFiberInDEV (node_modules/react-dom/cjs/react-dom-client.development.js:874:13)
      at performUnitOfWork (node_modules/react-dom/cjs/react-dom-client.development.js:17641:22)
      at workLoopSync (node_modules/react-dom/cjs/react-dom-client.development.js:17469:41)
      at renderRootSync (node_modules/react-dom/cjs/react-dom-client.development.js:17450:11)
      at performWorkOnRoot (node_modules/react-dom/cjs/react-dom-client.development.js:16583:35)
      at performWorkOnRootViaSchedulerTask (node_modules/react-dom/cjs/react-dom-client.development.js:18957:7)
      at flushActQueue (node_modules/react/cjs/react.development.js:590:34)
      at process.env.NODE_ENV.exports.act (node_modules/react/cjs/react.development.js:884:10)
      at node_modules/@testing-library/react/dist/act-compat.js:46:25
      at renderRoot (node_modules/@testing-library/react/dist/pure.js:189:26)
      at render (node_modules/@testing-library/react/dist/pure.js:291:10)
      at Object.<anonymous> (src/components/TourBuilder/SelectionToolbar.test.tsx:17:11)

  ● SelectionToolbar › calls onClose when cancel button is clicked

    Element type is invalid: expected a string (for built-in components) or a class/function (for composite components) but got: undefined. You likely forgot to export your component from the file it's defined in, or you might have mixed up default and named imports.

    Check the render method of `SelectionToolbar`.

      28 |   it('calls onClose when cancel button is clicked', () => {
      29 |     const onClose = jest.fn();
    > 30 |     render(
         |           ^
      31 |       <SelectionToolbar 
      32 |         element={mockElement} 
      33 |         onClose={onClose} 

      at createFiberFromTypeAndProps (node_modules/react-dom/cjs/react-dom-client.development.js:5021:28)
      at createFiberFromElement (node_modules/react-dom/cjs/react-dom-client.development.js:5035:14)
      at reconcileChildFibersImpl (node_modules/react-dom/cjs/react-dom-client.development.js:6920:31)
      at node_modules/react-dom/cjs/react-dom-client.development.js:7098:33
      at reconcileChildren (node_modules/react-dom/cjs/react-dom-client.development.js:9701:13)
      at beginWork (node_modules/react-dom/cjs/react-dom-client.development.js:12049:13)
      at runWithFiberInDEV (node_modules/react-dom/cjs/react-dom-client.development.js:874:13)
      at performUnitOfWork (node_modules/react-dom/cjs/react-dom-client.development.js:17641:22)
      at workLoopSync (node_modules/react-dom/cjs/react-dom-client.development.js:17469:41)
      at renderRootSync (node_modules/react-dom/cjs/react-dom-client.development.js:17450:11)
      at performWorkOnRoot (node_modules/react-dom/cjs/react-dom-client.development.js:16583:35)
      at performWorkOnRootViaSchedulerTask (node_modules/react-dom/cjs/react-dom-client.development.js:18957:7)
      at flushActQueue (node_modules/react/cjs/react.development.js:590:34)
      at process.env.NODE_ENV.exports.act (node_modules/react/cjs/react.development.js:884:10)
      at node_modules/@testing-library/react/dist/act-compat.js:46:25
      at renderRoot (node_modules/@testing-library/react/dist/pure.js:189:26)
      at render (node_modules/@testing-library/react/dist/pure.js:291:10)
      at Object.<anonymous> (src/components/TourBuilder/SelectionToolbar.test.tsx:30:11)

  ● SelectionToolbar › calls onUpdate with parent element when expand is clicked

    Element type is invalid: expected a string (for built-in components) or a class/function (for composite components) but got: undefined. You likely forgot to export your component from the file it's defined in, or you might have mixed up default and named imports.

    Check the render method of `SelectionToolbar`.

      44 |   it('calls onUpdate with parent element when expand is clicked', () => {
      45 |     const onUpdate = jest.fn();
    > 46 |     render(
         |           ^
      47 |       <SelectionToolbar 
      48 |         element={mockElement} 
      49 |         onClose={jest.fn()} 

      at createFiberFromTypeAndProps (node_modules/react-dom/cjs/react-dom-client.development.js:5021:28)
      at createFiberFromElement (node_modules/react-dom/cjs/react-dom-client.development.js:5035:14)
      at reconcileChildFibersImpl (node_modules/react-dom/cjs/react-dom-client.development.js:6920:31)
      at node_modules/react-dom/cjs/react-dom-client.development.js:7098:33
      at reconcileChildren (node_modules/react-dom/cjs/react-dom-client.development.js:9701:13)
      at beginWork (node_modules/react-dom/cjs/react-dom-client.development.js:12049:13)
      at runWithFiberInDEV (node_modules/react-dom/cjs/react-dom-client.development.js:874:13)
      at performUnitOfWork (node_modules/react-dom/cjs/react-dom-client.development.js:17641:22)
      at workLoopSync (node_modules/react-dom/cjs/react-dom-client.development.js:17469:41)
      at renderRootSync (node_modules/react-dom/cjs/react-dom-client.development.js:17450:11)
      at performWorkOnRoot (node_modules/react-dom/cjs/react-dom-client.development.js:16583:35)
      at performWorkOnRootViaSchedulerTask (node_modules/react-dom/cjs/react-dom-client.development.js:18957:7)
      at flushActQueue (node_modules/react/cjs/react.development.js:590:34)
      at process.env.NODE_ENV.exports.act (node_modules/react/cjs/react.development.js:884:10)
      at node_modules/@testing-library/react/dist/act-compat.js:46:25
      at renderRoot (node_modules/@testing-library/react/dist/pure.js:189:26)
      at render (node_modules/@testing-library/react/dist/pure.js:291:10)
      at Object.<anonymous> (src/components/TourBuilder/SelectionToolbar.test.tsx:46:11)

  ● SelectionToolbar › calls onUpdate with first child when shrink is clicked

    Element type is invalid: expected a string (for built-in components) or a class/function (for composite components) but got: undefined. You likely forgot to export your component from the file it's defined in, or you might have mixed up default and named imports.

    Check the render method of `SelectionToolbar`.

      60 |   it('calls onUpdate with first child when shrink is clicked', () => {
      61 |     const onUpdate = jest.fn();
    > 62 |     render(
         |           ^
      63 |       <SelectionToolbar 
      64 |         element={mockElement} 
      65 |         onClose={jest.fn()} 

      at createFiberFromTypeAndProps (node_modules/react-dom/cjs/react-dom-client.development.js:5021:28)
      at createFiberFromElement (node_modules/react-dom/cjs/react-dom-client.development.js:5035:14)
      at reconcileChildFibersImpl (node_modules/react-dom/cjs/react-dom-client.development.js:6920:31)
      at node_modules/react-dom/cjs/react-dom-client.development.js:7098:33
      at reconcileChildren (node_modules/react-dom/cjs/react-dom-client.development.js:9701:13)
      at beginWork (node_modules/react-dom/cjs/react-dom-client.development.js:12049:13)
      at runWithFiberInDEV (node_modules/react-dom/cjs/react-dom-client.development.js:874:13)
      at performUnitOfWork (node_modules/react-dom/cjs/react-dom-client.development.js:17641:22)
      at workLoopSync (node_modules/react-dom/cjs/react-dom-client.development.js:17469:41)
      at renderRootSync (node_modules/react-dom/cjs/react-dom-client.development.js:17450:11)
      at performWorkOnRoot (node_modules/react-dom/cjs/react-dom-client.development.js:16583:35)
      at performWorkOnRootViaSchedulerTask (node_modules/react-dom/cjs/react-dom-client.development.js:18957:7)
      at flushActQueue (node_modules/react/cjs/react.development.js:590:34)
      at process.env.NODE_ENV.exports.act (node_modules/react/cjs/react.development.js:884:10)
      at node_modules/@testing-library/react/dist/act-compat.js:46:25
      at renderRoot (node_modules/@testing-library/react/dist/pure.js:189:26)
      at render (node_modules/@testing-library/react/dist/pure.js:291:10)
      at Object.<anonymous> (src/components/TourBuilder/SelectionToolbar.test.tsx:62:11)

  ● SelectionToolbar › calls onUpdate with previous sibling when prev is clicked

    Element type is invalid: expected a string (for built-in components) or a class/function (for composite components) but got: undefined. You likely forgot to export your component from the file it's defined in, or you might have mixed up default and named imports.

    Check the render method of `SelectionToolbar`.

      76 |   it('calls onUpdate with previous sibling when prev is clicked', () => {
      77 |     const onUpdate = jest.fn();
    > 78 |     render(
         |           ^
      79 |       <SelectionToolbar 
      80 |         element={mockElement} 
      81 |         onClose={jest.fn()} 

      at createFiberFromTypeAndProps (node_modules/react-dom/cjs/react-dom-client.development.js:5021:28)
      at createFiberFromElement (node_modules/react-dom/cjs/react-dom-client.development.js:5035:14)
      at reconcileChildFibersImpl (node_modules/react-dom/cjs/react-dom-client.development.js:6920:31)
      at node_modules/react-dom/cjs/react-dom-client.development.js:7098:33
      at reconcileChildren (node_modules/react-dom/cjs/react-dom-client.development.js:9701:13)
      at beginWork (node_modules/react-dom/cjs/react-dom-client.development.js:12049:13)
      at runWithFiberInDEV (node_modules/react-dom/cjs/react-dom-client.development.js:874:13)
      at performUnitOfWork (node_modules/react-dom/cjs/react-dom-client.development.js:17641:22)
      at workLoopSync (node_modules/react-dom/cjs/react-dom-client.development.js:17469:41)
      at renderRootSync (node_modules/react-dom/cjs/react-dom-client.development.js:17450:11)
      at performWorkOnRoot (node_modules/react-dom/cjs/react-dom-client.development.js:16583:35)
      at performWorkOnRootViaSchedulerTask (node_modules/react-dom/cjs/react-dom-client.development.js:18957:7)
      at flushActQueue (node_modules/react/cjs/react.development.js:590:34)
      at process.env.NODE_ENV.exports.act (node_modules/react/cjs/react.development.js:884:10)
      at node_modules/@testing-library/react/dist/act-compat.js:46:25
      at renderRoot (node_modules/@testing-library/react/dist/pure.js:189:26)
      at render (node_modules/@testing-library/react/dist/pure.js:291:10)
      at Object.<anonymous> (src/components/TourBuilder/SelectionToolbar.test.tsx:78:11)

  ● SelectionToolbar › calls onUpdate with next sibling when next is clicked

    Element type is invalid: expected a string (for built-in components) or a class/function (for composite components) but got: undefined. You likely forgot to export your component from the file it's defined in, or you might have mixed up default and named imports.

    Check the render method of `SelectionToolbar`.

      92 |   it('calls onUpdate with next sibling when next is clicked', () => {
      93 |     const onUpdate = jest.fn();
    > 94 |     render(
         |           ^
      95 |       <SelectionToolbar 
      96 |         element={mockElement} 
      97 |         onClose={jest.fn()} 

      at createFiberFromTypeAndProps (node_modules/react-dom/cjs/react-dom-client.development.js:5021:28)
      at createFiberFromElement (node_modules/react-dom/cjs/react-dom-client.development.js:5035:14)
      at reconcileChildFibersImpl (node_modules/react-dom/cjs/react-dom-client.development.js:6920:31)
      at node_modules/react-dom/cjs/react-dom-client.development.js:7098:33
      at reconcileChildren (node_modules/react-dom/cjs/react-dom-client.development.js:9701:13)
      at beginWork (node_modules/react-dom/cjs/react-dom-client.development.js:12049:13)
      at runWithFiberInDEV (node_modules/react-dom/cjs/react-dom-client.development.js:874:13)
      at performUnitOfWork (node_modules/react-dom/cjs/react-dom-client.development.js:17641:22)
      at workLoopSync (node_modules/react-dom/cjs/react-dom-client.development.js:17469:41)
      at renderRootSync (node_modules/react-dom/cjs/react-dom-client.development.js:17450:11)
      at performWorkOnRoot (node_modules/react-dom/cjs/react-dom-client.development.js:16583:35)
      at performWorkOnRootViaSchedulerTask (node_modules/react-dom/cjs/react-dom-client.development.js:18957:7)
      at flushActQueue (node_modules/react/cjs/react.development.js:590:34)
      at process.env.NODE_ENV.exports.act (node_modules/react/cjs/react.development.js:884:10)
      at node_modules/@testing-library/react/dist/act-compat.js:46:25
      at renderRoot (node_modules/@testing-library/react/dist/pure.js:189:26)
      at render (node_modules/@testing-library/react/dist/pure.js:291:10)
      at Object.<anonymous> (src/components/TourBuilder/SelectionToolbar.test.tsx:94:11)

FAIL src/components/Wizard/VideoWizard.test.tsx
  ● VideoWizard › renders step 1 by default

    Element type is invalid: expected a string (for built-in components) or a class/function (for composite components) but got: undefined. You likely forgot to export your component from the file it's defined in, or you might have mixed up default and named imports.

    Check the render method of `WizardLayout`.

      13 |
      14 |   it('renders step 1 by default', () => {
    > 15 |     render(<VideoWizard />);
         |           ^
      16 |     expect(screen.getByText('Upload Your Video')).toBeInTheDocument();
      17 |   });
      18 |

      at createFiberFromTypeAndProps (node_modules/react-dom/cjs/react-dom-client.development.js:5021:28)
      at createFiberFromElement (node_modules/react-dom/cjs/react-dom-client.development.js:5035:14)
      at createChild (node_modules/react-dom/cjs/react-dom-client.development.js:6338:26)
      at reconcileChildrenArray (node_modules/react-dom/cjs/react-dom-client.development.js:6670:25)
      at reconcileChildFibersImpl (node_modules/react-dom/cjs/react-dom-client.development.js:6993:30)
      at node_modules/react-dom/cjs/react-dom-client.development.js:7098:33
      at reconcileChildren (node_modules/react-dom/cjs/react-dom-client.development.js:9701:13)
      at beginWork (node_modules/react-dom/cjs/react-dom-client.development.js:12049:13)
      at runWithFiberInDEV (node_modules/react-dom/cjs/react-dom-client.development.js:874:13)
      at performUnitOfWork (node_modules/react-dom/cjs/react-dom-client.development.js:17641:22)
      at workLoopSync (node_modules/react-dom/cjs/react-dom-client.development.js:17469:41)
      at renderRootSync (node_modules/react-dom/cjs/react-dom-client.development.js:17450:11)
      at performWorkOnRoot (node_modules/react-dom/cjs/react-dom-client.development.js:16583:35)
      at performWorkOnRootViaSchedulerTask (node_modules/react-dom/cjs/react-dom-client.development.js:18957:7)
      at flushActQueue (node_modules/react/cjs/react.development.js:590:34)
      at process.env.NODE_ENV.exports.act (node_modules/react/cjs/react.development.js:884:10)
      at node_modules/@testing-library/react/dist/act-compat.js:46:25
      at renderRoot (node_modules/@testing-library/react/dist/pure.js:189:26)
      at render (node_modules/@testing-library/react/dist/pure.js:291:10)
      at Object.<anonymous> (src/components/Wizard/VideoWizard.test.tsx:15:11)

  ● VideoWizard › renders YouTube URL input

    Element type is invalid: expected a string (for built-in components) or a class/function (for composite components) but got: undefined. You likely forgot to export your component from the file it's defined in, or you might have mixed up default and named imports.

    Check the render method of `WizardLayout`.

      18 |
      19 |   it('renders YouTube URL input', () => {
    > 20 |     render(<VideoWizard />);
         |           ^
      21 |     expect(screen.getByPlaceholderText('https://youtube.com/watch?v=...')).toBeInTheDocument();
      22 |   });
      23 |

      at createFiberFromTypeAndProps (node_modules/react-dom/cjs/react-dom-client.development.js:5021:28)
      at createFiberFromElement (node_modules/react-dom/cjs/react-dom-client.development.js:5035:14)
      at createChild (node_modules/react-dom/cjs/react-dom-client.development.js:6338:26)
      at reconcileChildrenArray (node_modules/react-dom/cjs/react-dom-client.development.js:6670:25)
      at reconcileChildFibersImpl (node_modules/react-dom/cjs/react-dom-client.development.js:6993:30)
      at node_modules/react-dom/cjs/react-dom-client.development.js:7098:33
      at reconcileChildren (node_modules/react-dom/cjs/react-dom-client.development.js:9701:13)
      at beginWork (node_modules/react-dom/cjs/react-dom-client.development.js:12049:13)
      at runWithFiberInDEV (node_modules/react-dom/cjs/react-dom-client.development.js:874:13)
      at performUnitOfWork (node_modules/react-dom/cjs/react-dom-client.development.js:17641:22)
      at workLoopSync (node_modules/react-dom/cjs/react-dom-client.development.js:17469:41)
      at renderRootSync (node_modules/react-dom/cjs/react-dom-client.development.js:17450:11)
      at performWorkOnRoot (node_modules/react-dom/cjs/react-dom-client.development.js:16583:35)
      at performWorkOnRootViaSchedulerTask (node_modules/react-dom/cjs/react-dom-client.development.js:18957:7)
      at flushActQueue (node_modules/react/cjs/react.development.js:590:34)
      at process.env.NODE_ENV.exports.act (node_modules/react/cjs/react.development.js:884:10)
      at node_modules/@testing-library/react/dist/act-compat.js:46:25
      at renderRoot (node_modules/@testing-library/react/dist/pure.js:189:26)
      at render (node_modules/@testing-library/react/dist/pure.js:291:10)
      at Object.<anonymous> (src/components/Wizard/VideoWizard.test.tsx:20:11)

  ● VideoWizard › renders import options

    Element type is invalid: expected a string (for built-in components) or a class/function (for composite components) but got: undefined. You likely forgot to export your component from the file it's defined in, or you might have mixed up default and named imports.

    Check the render method of `WizardLayout`.

      23 |
      24 |   it('renders import options', () => {
    > 25 |     render(<VideoWizard />);
         |           ^
      26 |     expect(screen.getByText('YouTube')).toBeInTheDocument();
      27 |     expect(screen.getByText('Google Drive')).toBeInTheDocument();
      28 |   });

      at createFiberFromTypeAndProps (node_modules/react-dom/cjs/react-dom-client.development.js:5021:28)
      at createFiberFromElement (node_modules/react-dom/cjs/react-dom-client.development.js:5035:14)
      at createChild (node_modules/react-dom/cjs/react-dom-client.development.js:6338:26)
      at reconcileChildrenArray (node_modules/react-dom/cjs/react-dom-client.development.js:6670:25)
      at reconcileChildFibersImpl (node_modules/react-dom/cjs/react-dom-client.development.js:6993:30)
      at node_modules/react-dom/cjs/react-dom-client.development.js:7098:33
      at reconcileChildren (node_modules/react-dom/cjs/react-dom-client.development.js:9701:13)
      at beginWork (node_modules/react-dom/cjs/react-dom-client.development.js:12049:13)
      at runWithFiberInDEV (node_modules/react-dom/cjs/react-dom-client.development.js:874:13)
      at performUnitOfWork (node_modules/react-dom/cjs/react-dom-client.development.js:17641:22)
      at workLoopSync (node_modules/react-dom/cjs/react-dom-client.development.js:17469:41)
      at renderRootSync (node_modules/react-dom/cjs/react-dom-client.development.js:17450:11)
      at performWorkOnRoot (node_modules/react-dom/cjs/react-dom-client.development.js:16583:35)
      at performWorkOnRootViaSchedulerTask (node_modules/react-dom/cjs/react-dom-client.development.js:18957:7)
      at flushActQueue (node_modules/react/cjs/react.development.js:590:34)
      at process.env.NODE_ENV.exports.act (node_modules/react/cjs/react.development.js:884:10)
      at node_modules/@testing-library/react/dist/act-compat.js:46:25
      at renderRoot (node_modules/@testing-library/react/dist/pure.js:189:26)
      at render (node_modules/@testing-library/react/dist/pure.js:291:10)
      at Object.<anonymous> (src/components/Wizard/VideoWizard.test.tsx:25:11)

  ● VideoWizard › renders step navigation

    Element type is invalid: expected a string (for built-in components) or a class/function (for composite components) but got: undefined. You likely forgot to export your component from the file it's defined in, or you might have mixed up default and named imports.

    Check the render method of `WizardLayout`.

      29 |
      30 |   it('renders step navigation', () => {
    > 31 |     render(<VideoWizard />);
         |           ^
      32 |     expect(screen.getByText('Step 1')).toBeInTheDocument();
      33 |     expect(screen.getByText('Step 2')).toBeInTheDocument();
      34 |   });

      at createFiberFromTypeAndProps (node_modules/react-dom/cjs/react-dom-client.development.js:5021:28)
      at createFiberFromElement (node_modules/react-dom/cjs/react-dom-client.development.js:5035:14)
      at createChild (node_modules/react-dom/cjs/react-dom-client.development.js:6338:26)
      at reconcileChildrenArray (node_modules/react-dom/cjs/react-dom-client.development.js:6670:25)
      at reconcileChildFibersImpl (node_modules/react-dom/cjs/react-dom-client.development.js:6993:30)
      at node_modules/react-dom/cjs/react-dom-client.development.js:7098:33
      at reconcileChildren (node_modules/react-dom/cjs/react-dom-client.development.js:9701:13)
      at beginWork (node_modules/react-dom/cjs/react-dom-client.development.js:12049:13)
      at runWithFiberInDEV (node_modules/react-dom/cjs/react-dom-client.development.js:874:13)
      at performUnitOfWork (node_modules/react-dom/cjs/react-dom-client.development.js:17641:22)
      at workLoopSync (node_modules/react-dom/cjs/react-dom-client.development.js:17469:41)
      at renderRootSync (node_modules/react-dom/cjs/react-dom-client.development.js:17450:11)
      at performWorkOnRoot (node_modules/react-dom/cjs/react-dom-client.development.js:16583:35)
      at performWorkOnRootViaSchedulerTask (node_modules/react-dom/cjs/react-dom-client.development.js:18957:7)
      at flushActQueue (node_modules/react/cjs/react.development.js:590:34)
      at process.env.NODE_ENV.exports.act (node_modules/react/cjs/react.development.js:884:10)
      at node_modules/@testing-library/react/dist/act-compat.js:46:25
      at renderRoot (node_modules/@testing-library/react/dist/pure.js:189:26)
      at render (node_modules/@testing-library/react/dist/pure.js:291:10)
      at Object.<anonymous> (src/components/Wizard/VideoWizard.test.tsx:31:11)

  ● VideoWizard › disables next button when no source

    Element type is invalid: expected a string (for built-in components) or a class/function (for composite components) but got: undefined. You likely forgot to export your component from the file it's defined in, or you might have mixed up default and named imports.

    Check the render method of `WizardLayout`.

      35 |
      36 |   it('disables next button when no source', () => {
    > 37 |     render(<VideoWizard />);
         |           ^
      38 |     expect(screen.getByText('Next →')).toBeDisabled();
      39 |   });
      40 |

      at createFiberFromTypeAndProps (node_modules/react-dom/cjs/react-dom-client.development.js:5021:28)
      at createFiberFromElement (node_modules/react-dom/cjs/react-dom-client.development.js:5035:14)
      at createChild (node_modules/react-dom/cjs/react-dom-client.development.js:6338:26)
      at reconcileChildrenArray (node_modules/react-dom/cjs/react-dom-client.development.js:6670:25)
      at reconcileChildFibersImpl (node_modules/react-dom/cjs/react-dom-client.development.js:6993:30)
      at node_modules/react-dom/cjs/react-dom-client.development.js:7098:33
      at reconcileChildren (node_modules/react-dom/cjs/react-dom-client.development.js:9701:13)
      at beginWork (node_modules/react-dom/cjs/react-dom-client.development.js:12049:13)
      at runWithFiberInDEV (node_modules/react-dom/cjs/react-dom-client.development.js:874:13)
      at performUnitOfWork (node_modules/react-dom/cjs/react-dom-client.development.js:17641:22)
      at workLoopSync (node_modules/react-dom/cjs/react-dom-client.development.js:17469:41)
      at renderRootSync (node_modules/react-dom/cjs/react-dom-client.development.js:17450:11)
      at performWorkOnRoot (node_modules/react-dom/cjs/react-dom-client.development.js:16583:35)
      at performWorkOnRootViaSchedulerTask (node_modules/react-dom/cjs/react-dom-client.development.js:18957:7)
      at flushActQueue (node_modules/react/cjs/react.development.js:590:34)
      at process.env.NODE_ENV.exports.act (node_modules/react/cjs/react.development.js:884:10)
      at node_modules/@testing-library/react/dist/act-compat.js:46:25
      at renderRoot (node_modules/@testing-library/react/dist/pure.js:189:26)
      at render (node_modules/@testing-library/react/dist/pure.js:291:10)
      at Object.<anonymous> (src/components/Wizard/VideoWizard.test.tsx:37:11)

  ● VideoWizard › enables next button when YouTube URL is provided

    Element type is invalid: expected a string (for built-in components) or a class/function (for composite components) but got: undefined. You likely forgot to export your component from the file it's defined in, or you might have mixed up default and named imports.

    Check the render method of `WizardLayout`.

      40 |
      41 |   it('enables next button when YouTube URL is provided', async () => {
    > 42 |     render(<VideoWizard />);
         |           ^
      43 |     const input = screen.getByPlaceholderText('https://youtube.com/watch?v=...');
      44 |     fireEvent.change(input, { target: { value: 'https://youtube.com/watch?v=test' } });
      45 |     

      at createFiberFromTypeAndProps (node_modules/react-dom/cjs/react-dom-client.development.js:5021:28)
      at createFiberFromElement (node_modules/react-dom/cjs/react-dom-client.development.js:5035:14)
      at createChild (node_modules/react-dom/cjs/react-dom-client.development.js:6338:26)
      at reconcileChildrenArray (node_modules/react-dom/cjs/react-dom-client.development.js:6670:25)
      at reconcileChildFibersImpl (node_modules/react-dom/cjs/react-dom-client.development.js:6993:30)
      at node_modules/react-dom/cjs/react-dom-client.development.js:7098:33
      at reconcileChildren (node_modules/react-dom/cjs/react-dom-client.development.js:9701:13)
      at beginWork (node_modules/react-dom/cjs/react-dom-client.development.js:12049:13)
      at runWithFiberInDEV (node_modules/react-dom/cjs/react-dom-client.development.js:874:13)
      at performUnitOfWork (node_modules/react-dom/cjs/react-dom-client.development.js:17641:22)
      at workLoopSync (node_modules/react-dom/cjs/react-dom-client.development.js:17469:41)
      at renderRootSync (node_modules/react-dom/cjs/react-dom-client.development.js:17450:11)
      at performWorkOnRoot (node_modules/react-dom/cjs/react-dom-client.development.js:16583:35)
      at performWorkOnRootViaSchedulerTask (node_modules/react-dom/cjs/react-dom-client.development.js:18957:7)
      at flushActQueue (node_modules/react/cjs/react.development.js:590:34)
      at process.env.NODE_ENV.exports.act (node_modules/react/cjs/react.development.js:884:10)
      at node_modules/@testing-library/react/dist/act-compat.js:46:25
      at renderRoot (node_modules/@testing-library/react/dist/pure.js:189:26)
      at render (node_modules/@testing-library/react/dist/pure.js:291:10)
      at Object.<anonymous> (src/components/Wizard/VideoWizard.test.tsx:42:11)

FAIL src/components/Studio/Editor/Editor.test.tsx
  ● StudioEditor Component › renders editor with slides panel

    TestingLibraryElementError: Found multiple elements with the text: Slide 1

    Here are the matching elements:

    Ignored nodes: comments, script, style
    [36m<div[39m
      [33mclass[39m=[32m"slidePreview"[39m
    [36m>[39m
      [0mSlide [0m
      [0m1[0m
    [36m</div>[39m

    Ignored nodes: comments, script, style
    [36m<h1>[39m
      [0mSlide [0m
      [0m1[0m
    [36m</h1>[39m

    (If this is intentional, then use the `*AllBy*` variant of the query (like `queryAllByText`, `getAllByText`, or `findAllByText`)).

    Ignored nodes: comments, script, style
    [36m<body>[39m
      [36m<div>[39m
        [36m<div[39m
          [33mclass[39m=[32m"editor"[39m
        [36m>[39m
          [36m<aside[39m
            [33mclass[39m=[32m"slidesPanel"[39m
          [36m>[39m
            [36m<div[39m
              [33mclass[39m=[32m"slideThumbnail activeThumbnail"[39m
              [33mid[39m=[32m"stonly-editor-slide-1"[39m
            [36m>[39m
              [36m<div[39m
                [33mclass[39m=[32m"slideNumber"[39m
              [36m>[39m
                [0m1[0m
              [36m</div>[39m
              [36m<div[39m
                [33mclass[39m=[32m"slidePreview"[39m
              [36m>[39m
                [0mSlide [0m
                [0m1[0m
              [36m</div>[39m
            [36m</div>[39m
            [36m<div[39m
              [33mclass[39m=[32m"slideThumbnail "[39m
              [33mid[39m=[32m"stonly-editor-slide-2"[39m
            [36m>[39m
              [36m<div[39m
                [33mclass[39m=[32m"slideNumber"[39m
              [36m>[39m
                [0m2[0m
              [36m</div>[39m
              [36m<div[39m
                [33mclass[39m=[32m"slidePreview"[39m
              [36m>[39m
                [0mSlide [0m
                [0m2[0m
              [36m</div>[39m
            [36m</div>[39m
            [36m<div[39m
              [33mclass[39m=[32m"slideThumbnail "[39m
              [33mid[39m=[32m"stonly-editor-slide-3"[39m
            [36m>[39m
              [36m<div[39m
                [33mclass[39m=[32m"slideNumber"[39m
              [36m>[39m
                [0m3[0m
              [36m</div>[39m
              [36m<div[39m
                [33mclass[39m=[32m"slidePreview"[39m
              [36m>[39m
                [0mSlide [0m
                [0m3[0m
              [36m</div>[39m
            [36m</div>[39m
            [36m<button[39m
              [33mclass[39m=[32m"addSlideBtn"[39m
            [36m>[39m
              [0m+[0m
            [36m</button>[39m
          [36m</aside>[39m
          [36m<main[39m
            [33mclass[39m=[32m"mainPreview"[39m
          [36m>[39m
            [36m<div[39m
              [33mclass[39m=[32m"slideContainer"[39m
            [36m>[39m
              [36m<div[39m
                [33mclass[39m=[32m"avatarOverlay"[39m
              [36m>[39m
                [36m<div[39m
                  [33mclass[39m=[32m"avatarPlaceholder"[39m
                [36m>[39m
                  [0mAI Avatar[0m
                [36m</div>[39m
              [36m</div>[39m
              [36m<div[39m
                [33mclass[39m=[32m"slideContent"[39m
              [36m>[39m
                [36m<h1>[39m
                  [0mSlide [0m
                  [0m1[0m
                [36m</h1>[39m
                [36m<p>[39m
                  [0mPresentation content preview...[0m
                [36m</p>[39m
              [36m</div>[39m
            [36m</div>[39m
          [36m</main>[39m
          [36m<aside[39m
            [33mclass[39m=[32m"settingsPanel"[39m
          [36m>[39m
            [36m<div[39m
              [33mclass[39m=[32m"section"[39m
            [36m>[39m
              [36m<h3>[39m
                [0mAI Avatar[0m
              [36m</h3>[39m
              [36m<div[39m
                [33mclass[39m=[32m"avatarGrid"[39m
                [33mid[39m=[32m"stonly-editor-avatar-grid"[39m
              [36m>[39m
                [36m<div[39m
                  [33mclass[39m=[32m"avatarCircleActive"[39m
                  [33mid[39m=[32m"stonly-editor-avatar-1"[39m
                [36m>[39m
                  [0m👨‍💼[0m
                [36m</div>[39m
                [36m<div[39m
                  [33mclass[39m=[32m"avatarCircle"[39m
                  [33mid[39m=[32m"stonly-editor-avatar-2"[39m
                [36m>[39m
                  [0m👩‍💼[0m
                [36m</div>[39m
                [36m<div[39m
                  [33mclass[39m=[32m"avatarCircle"[39m
                  [33mid[39m=[32m"stonly-editor-avatar-3"[39m
                [36m>[39m
                  [0m🤵[0m
                [36m</div>[39m
                [36m<div[39m
                  [33mclass[39m=[32m"avatarCircle"[39m
                [36m>[39m
                  [0m+[0m
                [36m</div>[39m
              [36m</div>[39m
            [36m</div>[39m
            [36m<div[39m
              [33mclass[39m=[32m"section"[39m
            [36m>[39m
              [36m<h3>[39m
                [0mSpeech Script[0m
              [36m</h3>[39m
              [36m<textarea[39m
                [33mclass[39m=[32m"scriptInput"[39m
                [33mid[39m=[32m"stonly-editor-script-input"[39m
                [33mplaceholder[39m=[32m"Write here what the avatar should say on this slide..."[39m
              [36m/>[39m
              [36m<div[39m
                [33mclass[39m=[32m"charCount"[39m
              [36m>[39m
                [0m0[0m
                [0m / 500[0m
              [36m</div>[39m
            [36m</div>[39m
            [36m<div[39m
              [33mclass[39m=[32m"section"[39m
            [36m>[39m
              [36m<h3>[39m
                [0mVoice & Language[0m
              [36m</h3>[39m
              [36m<select[39m
                [33mclass[39m=[32m"select"[39m
                [33mid[39m=[32m"stonly-editor-language-select"[39m
              [36m>[39m
                [36m<option>[39m
                  [0mEnglish (Alex, Professional)[0m
                [36m</option>[39m
                [36m<option>[39m
                  [0mSpanish (Maria, Friendly)[0m
                [36m</option>[39m
              [36m</select>[39m
            [36m</div>[39m
            [36m<div[39m
              [33mclass[39m=[32m"footer"[39m
            [36m>[39m
              [36m<button[39m
                [33mclass[39m=[32m"renderBtn"[39m
                [33mid[39m=[32m"stonly-editor-generate-btn"[39m
              [36m>[39m
                [0mGenerate Video[0m
              [36m</button>[39m
            [36m</div>[39m
          [36m</aside>[39m
        [36m</div>[39m
      [36m</div>[39m
    [36m</body>[39m

      14 |   it('renders editor with slides panel', () => {
      15 |     render(<Editor />)
    > 16 |     expect(screen.getByText('Slide 1')).toBeInTheDocument()
         |                   ^
      17 |     expect(screen.getByText('Slide 2')).toBeInTheDocument()
      18 |     expect(screen.getByText('Slide 3')).toBeInTheDocument()
      19 |   })

      at Object.getElementError (node_modules/@testing-library/dom/dist/config.js:37:19)
      at getElementError (node_modules/@testing-library/dom/dist/query-helpers.js:20:35)
      at getMultipleElementsFoundError (node_modules/@testing-library/dom/dist/query-helpers.js:23:10)
      at node_modules/@testing-library/dom/dist/query-helpers.js:55:13
      at node_modules/@testing-library/dom/dist/query-helpers.js:95:19
      at Object.getByText (src/components/Studio/Editor/Editor.test.tsx:16:19)

  ● StudioEditor Component › renders slide preview

    TestingLibraryElementError: Found multiple elements with the text: Slide 1

    Here are the matching elements:

    Ignored nodes: comments, script, style
    [36m<div[39m
      [33mclass[39m=[32m"slidePreview"[39m
    [36m>[39m
      [0mSlide [0m
      [0m1[0m
    [36m</div>[39m

    Ignored nodes: comments, script, style
    [36m<h1>[39m
      [0mSlide [0m
      [0m1[0m
    [36m</h1>[39m

    (If this is intentional, then use the `*AllBy*` variant of the query (like `queryAllByText`, `getAllByText`, or `findAllByText`)).

    Ignored nodes: comments, script, style
    [36m<body>[39m
      [36m<div>[39m
        [36m<div[39m
          [33mclass[39m=[32m"editor"[39m
        [36m>[39m
          [36m<aside[39m
            [33mclass[39m=[32m"slidesPanel"[39m
          [36m>[39m
            [36m<div[39m
              [33mclass[39m=[32m"slideThumbnail activeThumbnail"[39m
              [33mid[39m=[32m"stonly-editor-slide-1"[39m
            [36m>[39m
              [36m<div[39m
                [33mclass[39m=[32m"slideNumber"[39m
              [36m>[39m
                [0m1[0m
              [36m</div>[39m
              [36m<div[39m
                [33mclass[39m=[32m"slidePreview"[39m
              [36m>[39m
                [0mSlide [0m
                [0m1[0m
              [36m</div>[39m
            [36m</div>[39m
            [36m<div[39m
              [33mclass[39m=[32m"slideThumbnail "[39m
              [33mid[39m=[32m"stonly-editor-slide-2"[39m
            [36m>[39m
              [36m<div[39m
                [33mclass[39m=[32m"slideNumber"[39m
              [36m>[39m
                [0m2[0m
              [36m</div>[39m
              [36m<div[39m
                [33mclass[39m=[32m"slidePreview"[39m
              [36m>[39m
                [0mSlide [0m
                [0m2[0m
              [36m</div>[39m
            [36m</div>[39m
            [36m<div[39m
              [33mclass[39m=[32m"slideThumbnail "[39m
              [33mid[39m=[32m"stonly-editor-slide-3"[39m
            [36m>[39m
              [36m<div[39m
                [33mclass[39m=[32m"slideNumber"[39m
              [36m>[39m
                [0m3[0m
              [36m</div>[39m
              [36m<div[39m
                [33mclass[39m=[32m"slidePreview"[39m
              [36m>[39m
                [0mSlide [0m
                [0m3[0m
              [36m</div>[39m
            [36m</div>[39m
            [36m<button[39m
              [33mclass[39m=[32m"addSlideBtn"[39m
            [36m>[39m
              [0m+[0m
            [36m</button>[39m
          [36m</aside>[39m
          [36m<main[39m
            [33mclass[39m=[32m"mainPreview"[39m
          [36m>[39m
            [36m<div[39m
              [33mclass[39m=[32m"slideContainer"[39m
            [36m>[39m
              [36m<div[39m
                [33mclass[39m=[32m"avatarOverlay"[39m
              [36m>[39m
                [36m<div[39m
                  [33mclass[39m=[32m"avatarPlaceholder"[39m
                [36m>[39m
                  [0mAI Avatar[0m
                [36m</div>[39m
              [36m</div>[39m
              [36m<div[39m
                [33mclass[39m=[32m"slideContent"[39m
              [36m>[39m
                [36m<h1>[39m
                  [0mSlide [0m
                  [0m1[0m
                [36m</h1>[39m
                [36m<p>[39m
                  [0mPresentation content preview...[0m
                [36m</p>[39m
              [36m</div>[39m
            [36m</div>[39m
          [36m</main>[39m
          [36m<aside[39m
            [33mclass[39m=[32m"settingsPanel"[39m
          [36m>[39m
            [36m<div[39m
              [33mclass[39m=[32m"section"[39m
            [36m>[39m
              [36m<h3>[39m
                [0mAI Avatar[0m
              [36m</h3>[39m
              [36m<div[39m
                [33mclass[39m=[32m"avatarGrid"[39m
                [33mid[39m=[32m"stonly-editor-avatar-grid"[39m
              [36m>[39m
                [36m<div[39m
                  [33mclass[39m=[32m"avatarCircleActive"[39m
                  [33mid[39m=[32m"stonly-editor-avatar-1"[39m
                [36m>[39m
                  [0m👨‍💼[0m
                [36m</div>[39m
                [36m<div[39m
                  [33mclass[39m=[32m"avatarCircle"[39m
                  [33mid[39m=[32m"stonly-editor-avatar-2"[39m
                [36m>[39m
                  [0m👩‍💼[0m
                [36m</div>[39m
                [36m<div[39m
                  [33mclass[39m=[32m"avatarCircle"[39m
                  [33mid[39m=[32m"stonly-editor-avatar-3"[39m
                [36m>[39m
                  [0m🤵[0m
                [36m</div>[39m
                [36m<div[39m
                  [33mclass[39m=[32m"avatarCircle"[39m
                [36m>[39m
                  [0m+[0m
                [36m</div>[39m
              [36m</div>[39m
            [36m</div>[39m
            [36m<div[39m
              [33mclass[39m=[32m"section"[39m
            [36m>[39m
              [36m<h3>[39m
                [0mSpeech Script[0m
              [36m</h3>[39m
              [36m<textarea[39m
                [33mclass[39m=[32m"scriptInput"[39m
                [33mid[39m=[32m"stonly-editor-script-input"[39m
                [33mplaceholder[39m=[32m"Write here what the avatar should say on this slide..."[39m
              [36m/>[39m
              [36m<div[39m
                [33mclass[39m=[32m"charCount"[39m
              [36m>[39m
                [0m0[0m
                [0m / 500[0m
              [36m</div>[39m
            [36m</div>[39m
            [36m<div[39m
              [33mclass[39m=[32m"section"[39m
            [36m>[39m
              [36m<h3>[39m
                [0mVoice & Language[0m
              [36m</h3>[39m
              [36m<select[39m
                [33mclass[39m=[32m"select"[39m
                [33mid[39m=[32m"stonly-editor-language-select"[39m
              [36m>[39m
                [36m<option>[39m
                  [0mEnglish (Alex, Professional)[0m
                [36m</option>[39m
                [36m<option>[39m
                  [0mSpanish (Maria, Friendly)[0m
                [36m</option>[39m
              [36m</select>[39m
            [36m</div>[39m
            [36m<div[39m
              [33mclass[39m=[32m"footer"[39m
            [36m>[39m
              [36m<button[39m
                [33mclass[39m=[32m"renderBtn"[39m
                [33mid[39m=[32m"stonly-editor-generate-btn"[39m
              [36m>[39m
                [0mGenerate Video[0m
              [36m</button>[39m
            [36m</div>[39m
          [36m</aside>[39m
        [36m</div>[39m
      [36m</div>[39m
    [36m</body>[39m

      21 |   it('renders slide preview', () => {
      22 |     render(<Editor />)
    > 23 |     expect(screen.getByText('Slide 1')).toBeInTheDocument()
         |                   ^
      24 |   })
      25 |
      26 |   it('renders AI avatar section', () => {

      at Object.getElementError (node_modules/@testing-library/dom/dist/config.js:37:19)
      at getElementError (node_modules/@testing-library/dom/dist/query-helpers.js:20:35)
      at getMultipleElementsFoundError (node_modules/@testing-library/dom/dist/query-helpers.js:23:10)
      at node_modules/@testing-library/dom/dist/query-helpers.js:55:13
      at node_modules/@testing-library/dom/dist/query-helpers.js:95:19
      at Object.getByText (src/components/Studio/Editor/Editor.test.tsx:23:19)

  ● StudioEditor Component › renders AI avatar section

    TestingLibraryElementError: Found multiple elements with the text: AI Avatar

    Here are the matching elements:

    Ignored nodes: comments, script, style
    [36m<div[39m
      [33mclass[39m=[32m"avatarPlaceholder"[39m
    [36m>[39m
      [0mAI Avatar[0m
    [36m</div>[39m

    Ignored nodes: comments, script, style
    [36m<h3>[39m
      [0mAI Avatar[0m
    [36m</h3>[39m

    (If this is intentional, then use the `*AllBy*` variant of the query (like `queryAllByText`, `getAllByText`, or `findAllByText`)).

    Ignored nodes: comments, script, style
    [36m<body>[39m
      [36m<div>[39m
        [36m<div[39m
          [33mclass[39m=[32m"editor"[39m
        [36m>[39m
          [36m<aside[39m
            [33mclass[39m=[32m"slidesPanel"[39m
          [36m>[39m
            [36m<div[39m
              [33mclass[39m=[32m"slideThumbnail activeThumbnail"[39m
              [33mid[39m=[32m"stonly-editor-slide-1"[39m
            [36m>[39m
              [36m<div[39m
                [33mclass[39m=[32m"slideNumber"[39m
              [36m>[39m
                [0m1[0m
              [36m</div>[39m
              [36m<div[39m
                [33mclass[39m=[32m"slidePreview"[39m
              [36m>[39m
                [0mSlide [0m
                [0m1[0m
              [36m</div>[39m
            [36m</div>[39m
            [36m<div[39m
              [33mclass[39m=[32m"slideThumbnail "[39m
              [33mid[39m=[32m"stonly-editor-slide-2"[39m
            [36m>[39m
              [36m<div[39m
                [33mclass[39m=[32m"slideNumber"[39m
              [36m>[39m
                [0m2[0m
              [36m</div>[39m
              [36m<div[39m
                [33mclass[39m=[32m"slidePreview"[39m
              [36m>[39m
                [0mSlide [0m
                [0m2[0m
              [36m</div>[39m
            [36m</div>[39m
            [36m<div[39m
              [33mclass[39m=[32m"slideThumbnail "[39m
              [33mid[39m=[32m"stonly-editor-slide-3"[39m
            [36m>[39m
              [36m<div[39m
                [33mclass[39m=[32m"slideNumber"[39m
              [36m>[39m
                [0m3[0m
              [36m</div>[39m
              [36m<div[39m
                [33mclass[39m=[32m"slidePreview"[39m
              [36m>[39m
                [0mSlide [0m
                [0m3[0m
              [36m</div>[39m
            [36m</div>[39m
            [36m<button[39m
              [33mclass[39m=[32m"addSlideBtn"[39m
            [36m>[39m
              [0m+[0m
            [36m</button>[39m
          [36m</aside>[39m
          [36m<main[39m
            [33mclass[39m=[32m"mainPreview"[39m
          [36m>[39m
            [36m<div[39m
              [33mclass[39m=[32m"slideContainer"[39m
            [36m>[39m
              [36m<div[39m
                [33mclass[39m=[32m"avatarOverlay"[39m
              [36m>[39m
                [36m<div[39m
                  [33mclass[39m=[32m"avatarPlaceholder"[39m
                [36m>[39m
                  [0mAI Avatar[0m
                [36m</div>[39m
              [36m</div>[39m
              [36m<div[39m
                [33mclass[39m=[32m"slideContent"[39m
              [36m>[39m
                [36m<h1>[39m
                  [0mSlide [0m
                  [0m1[0m
                [36m</h1>[39m
                [36m<p>[39m
                  [0mPresentation content preview...[0m
                [36m</p>[39m
              [36m</div>[39m
            [36m</div>[39m
          [36m</main>[39m
          [36m<aside[39m
            [33mclass[39m=[32m"settingsPanel"[39m
          [36m>[39m
            [36m<div[39m
              [33mclass[39m=[32m"section"[39m
            [36m>[39m
              [36m<h3>[39m
                [0mAI Avatar[0m
              [36m</h3>[39m
              [36m<div[39m
                [33mclass[39m=[32m"avatarGrid"[39m
                [33mid[39m=[32m"stonly-editor-avatar-grid"[39m
              [36m>[39m
                [36m<div[39m
                  [33mclass[39m=[32m"avatarCircleActive"[39m
                  [33mid[39m=[32m"stonly-editor-avatar-1"[39m
                [36m>[39m
                  [0m👨‍💼[0m
                [36m</div>[39m
                [36m<div[39m
                  [33mclass[39m=[32m"avatarCircle"[39m
                  [33mid[39m=[32m"stonly-editor-avatar-2"[39m
                [36m>[39m
                  [0m👩‍💼[0m
                [36m</div>[39m
                [36m<div[39m
                  [33mclass[39m=[32m"avatarCircle"[39m
                  [33mid[39m=[32m"stonly-editor-avatar-3"[39m
                [36m>[39m
                  [0m🤵[0m
                [36m</div>[39m
                [36m<div[39m
                  [33mclass[39m=[32m"avatarCircle"[39m
                [36m>[39m
                  [0m+[0m
                [36m</div>[39m
              [36m</div>[39m
            [36m</div>[39m
            [36m<div[39m
              [33mclass[39m=[32m"section"[39m
            [36m>[39m
              [36m<h3>[39m
                [0mSpeech Script[0m
              [36m</h3>[39m
              [36m<textarea[39m
                [33mclass[39m=[32m"scriptInput"[39m
                [33mid[39m=[32m"stonly-editor-script-input"[39m
                [33mplaceholder[39m=[32m"Write here what the avatar should say on this slide..."[39m
              [36m/>[39m
              [36m<div[39m
                [33mclass[39m=[32m"charCount"[39m
              [36m>[39m
                [0m0[0m
                [0m / 500[0m
              [36m</div>[39m
            [36m</div>[39m
            [36m<div[39m
              [33mclass[39m=[32m"section"[39m
            [36m>[39m
              [36m<h3>[39m
                [0mVoice & Language[0m
              [36m</h3>[39m
              [36m<select[39m
                [33mclass[39m=[32m"select"[39m
                [33mid[39m=[32m"stonly-editor-language-select"[39m
              [36m>[39m
                [36m<option>[39m
                  [0mEnglish (Alex, Professional)[0m
                [36m</option>[39m
                [36m<option>[39m
                  [0mSpanish (Maria, Friendly)[0m
                [36m</option>[39m
              [36m</select>[39m
            [36m</div>[39m
            [36m<div[39m
              [33mclass[39m=[32m"footer"[39m
            [36m>[39m
              [36m<button[39m
                [33mclass[39m=[32m"renderBtn"[39m
                [33mid[39m=[32m"stonly-editor-generate-btn"[39m
              [36m>[39m
                [0mGenerate Video[0m
              [36m</button>[39m
            [36m</div>[39m
          [36m</aside>[39m
        [36m</div>[39m
      [36m</div>[39m
    [36m</body>[39m

      26 |   it('renders AI avatar section', () => {
      27 |     render(<Editor />)
    > 28 |     expect(screen.getByText('AI Avatar')).toBeInTheDocument()
         |                   ^
      29 |   })
      30 |
      31 |   it('renders script textarea', () => {

      at Object.getElementError (node_modules/@testing-library/dom/dist/config.js:37:19)
      at getElementError (node_modules/@testing-library/dom/dist/query-helpers.js:20:35)
      at getMultipleElementsFoundError (node_modules/@testing-library/dom/dist/query-helpers.js:23:10)
      at node_modules/@testing-library/dom/dist/query-helpers.js:55:13
      at node_modules/@testing-library/dom/dist/query-helpers.js:95:19
      at Object.getByText (src/components/Studio/Editor/Editor.test.tsx:28:19)

  ● StudioEditor Component › switches active slide on click

    TestingLibraryElementError: Found multiple elements with the text: Slide 2

    Here are the matching elements:

    Ignored nodes: comments, script, style
    [36m<div[39m
      [33mclass[39m=[32m"slidePreview"[39m
    [36m>[39m
      [0mSlide [0m
      [0m2[0m
    [36m</div>[39m

    Ignored nodes: comments, script, style
    [36m<h1>[39m
      [0mSlide [0m
      [0m2[0m
    [36m</h1>[39m

    (If this is intentional, then use the `*AllBy*` variant of the query (like `queryAllByText`, `getAllByText`, or `findAllByText`)).

    Ignored nodes: comments, script, style
    [36m<body>[39m
      [36m<div>[39m
        [36m<div[39m
          [33mclass[39m=[32m"editor"[39m
        [36m>[39m
          [36m<aside[39m
            [33mclass[39m=[32m"slidesPanel"[39m
          [36m>[39m
            [36m<div[39m
              [33mclass[39m=[32m"slideThumbnail "[39m
              [33mid[39m=[32m"stonly-editor-slide-1"[39m
            [36m>[39m
              [36m<div[39m
                [33mclass[39m=[32m"slideNumber"[39m
              [36m>[39m
                [0m1[0m
              [36m</div>[39m
              [36m<div[39m
                [33mclass[39m=[32m"slidePreview"[39m
              [36m>[39m
                [0mSlide [0m
                [0m1[0m
              [36m</div>[39m
            [36m</div>[39m
            [36m<div[39m
              [33mclass[39m=[32m"slideThumbnail activeThumbnail"[39m
              [33mid[39m=[32m"stonly-editor-slide-2"[39m
            [36m>[39m
              [36m<div[39m
                [33mclass[39m=[32m"slideNumber"[39m
              [36m>[39m
                [0m2[0m
              [36m</div>[39m
              [36m<div[39m
                [33mclass[39m=[32m"slidePreview"[39m
              [36m>[39m
                [0mSlide [0m
                [0m2[0m
              [36m</div>[39m
            [36m</div>[39m
            [36m<div[39m
              [33mclass[39m=[32m"slideThumbnail "[39m
              [33mid[39m=[32m"stonly-editor-slide-3"[39m
            [36m>[39m
              [36m<div[39m
                [33mclass[39m=[32m"slideNumber"[39m
              [36m>[39m
                [0m3[0m
              [36m</div>[39m
              [36m<div[39m
                [33mclass[39m=[32m"slidePreview"[39m
              [36m>[39m
                [0mSlide [0m
                [0m3[0m
              [36m</div>[39m
            [36m</div>[39m
            [36m<button[39m
              [33mclass[39m=[32m"addSlideBtn"[39m
            [36m>[39m
              [0m+[0m
            [36m</button>[39m
          [36m</aside>[39m
          [36m<main[39m
            [33mclass[39m=[32m"mainPreview"[39m
          [36m>[39m
            [36m<div[39m
              [33mclass[39m=[32m"slideContainer"[39m
            [36m>[39m
              [36m<div[39m
                [33mclass[39m=[32m"avatarOverlay"[39m
              [36m>[39m
                [36m<div[39m
                  [33mclass[39m=[32m"avatarPlaceholder"[39m
                [36m>[39m
                  [0mAI Avatar[0m
                [36m</div>[39m
              [36m</div>[39m
              [36m<div[39m
                [33mclass[39m=[32m"slideContent"[39m
              [36m>[39m
                [36m<h1>[39m
                  [0mSlide [0m
                  [0m2[0m
                [36m</h1>[39m
                [36m<p>[39m
                  [0mPresentation content preview...[0m
                [36m</p>[39m
              [36m</div>[39m
            [36m</div>[39m
          [36m</main>[39m
          [36m<aside[39m
            [33mclass[39m=[32m"settingsPanel"[39m
          [36m>[39m
            [36m<div[39m
              [33mclass[39m=[32m"section"[39m
            [36m>[39m
              [36m<h3>[39m
                [0mAI Avatar[0m
              [36m</h3>[39m
              [36m<div[39m
                [33mclass[39m=[32m"avatarGrid"[39m
                [33mid[39m=[32m"stonly-editor-avatar-grid"[39m
              [36m>[39m
                [36m<div[39m
                  [33mclass[39m=[32m"avatarCircleActive"[39m
                  [33mid[39m=[32m"stonly-editor-avatar-1"[39m
                [36m>[39m
                  [0m👨‍💼[0m
                [36m</div>[39m
                [36m<div[39m
                  [33mclass[39m=[32m"avatarCircle"[39m
                  [33mid[39m=[32m"stonly-editor-avatar-2"[39m
                [36m>[39m
                  [0m👩‍💼[0m
                [36m</div>[39m
                [36m<div[39m
                  [33mclass[39m=[32m"avatarCircle"[39m
                  [33mid[39m=[32m"stonly-editor-avatar-3"[39m
                [36m>[39m
                  [0m🤵[0m
                [36m</div>[39m
                [36m<div[39m
                  [33mclass[39m=[32m"avatarCircle"[39m
                [36m>[39m
                  [0m+[0m
                [36m</div>[39m
              [36m</div>[39m
            [36m</div>[39m
            [36m<div[39m
              [33mclass[39m=[32m"section"[39m
            [36m>[39m
              [36m<h3>[39m
                [0mSpeech Script[0m
              [36m</h3>[39m
              [36m<textarea[39m
                [33mclass[39m=[32m"scriptInput"[39m
                [33mid[39m=[32m"stonly-editor-script-input"[39m
                [33mplaceholder[39m=[32m"Write here what the avatar should say on this slide..."[39m
              [36m/>[39m
              [36m<div[39m
                [33mclass[39m=[32m"charCount"[39m
              [36m>[39m
                [0m0[0m
                [0m / 500[0m
              [36m</div>[39m
            [36m</div>[39m
            [36m<div[39m
              [33mclass[39m=[32m"section"[39m
            [36m>[39m
              [36m<h3>[39m
                [0mVoice & Language[0m
              [36m</h3>[39m
              [36m<select[39m
                [33mclass[39m=[32m"select"[39m
                [33mid[39m=[32m"stonly-editor-language-select"[39m
              [36m>[39m
                [36m<option>[39m
                  [0mEnglish (Alex, Professional)[0m
                [36m</option>[39m
                [36m<option>[39m
                  [0mSpanish (Maria, Friendly)[0m
                [36m</option>[39m
              [36m</select>[39m
            [36m</div>[39m
            [36m<div[39m
              [33mclass[39m=[32m"footer"[39m
            [36m>[39m
              [36m<button[39m
                [33mclass[39m=[32m"renderBtn"[39m
                [33mid[39m=[32m"stonly-editor-generate-btn"[39m
              [36m>[39m
                [0mGenerate Video[0m
              [36m</button>[39m
            [36m</div>[39m
          [36m</aside>[39m
        [36m</div>[39m
      [36m</div>[39m
    [36m</body>[39m

      59 |     fireEvent.click(slide2)
      60 |
    > 61 |     expect(screen.getByText('Slide 2')).toBeInTheDocument()
         |                   ^
      62 |   })
      63 |
      64 |   it('shows rendering state when generating', () => {

      at Object.getElementError (node_modules/@testing-library/dom/dist/config.js:37:19)
      at getElementError (node_modules/@testing-library/dom/dist/query-helpers.js:20:35)
      at getMultipleElementsFoundError (node_modules/@testing-library/dom/dist/query-helpers.js:23:10)
      at node_modules/@testing-library/dom/dist/query-helpers.js:55:13
      at node_modules/@testing-library/dom/dist/query-helpers.js:95:19
      at Object.getByText (src/components/Studio/Editor/Editor.test.tsx:61:19)

FAIL src/components/Wizard/QuickWizard.test.tsx
  ● QuickWizard › renders step 1 by default

    TypeError: (0 , _navigation.useSearchParams) is not a function

      53 | export default function QuickWizard() {
      54 |   const router = useRouter()
    > 55 |   const searchParams = useSearchParams()
         |                                       ^
      56 |   const fileInputRef = useRef<HTMLInputElement>(null)
      57 |
      58 |   const [step, setStep] = useState(() => {

      at QuickWizard (src/components/Wizard/QuickWizard.tsx:55:39)
      at Object.react_stack_bottom_frame (node_modules/react-dom/cjs/react-dom-client.development.js:25904:20)
      at renderWithHooks (node_modules/react-dom/cjs/react-dom-client.development.js:7662:22)
      at updateFunctionComponent (node_modules/react-dom/cjs/react-dom-client.development.js:10166:19)
      at beginWork (node_modules/react-dom/cjs/react-dom-client.development.js:11778:18)
      at runWithFiberInDEV (node_modules/react-dom/cjs/react-dom-client.development.js:874:13)
      at performUnitOfWork (node_modules/react-dom/cjs/react-dom-client.development.js:17641:22)
      at workLoopSync (node_modules/react-dom/cjs/react-dom-client.development.js:17469:41)
      at renderRootSync (node_modules/react-dom/cjs/react-dom-client.development.js:17450:11)
      at performWorkOnRoot (node_modules/react-dom/cjs/react-dom-client.development.js:16583:35)
      at performWorkOnRootViaSchedulerTask (node_modules/react-dom/cjs/react-dom-client.development.js:18957:7)
      at flushActQueue (node_modules/react/cjs/react.development.js:590:34)
      at process.env.NODE_ENV.exports.act (node_modules/react/cjs/react.development.js:884:10)
      at node_modules/@testing-library/react/dist/act-compat.js:46:25
      at renderRoot (node_modules/@testing-library/react/dist/pure.js:189:26)
      at render (node_modules/@testing-library/react/dist/pure.js:291:10)
      at Object.<anonymous> (src/components/Wizard/QuickWizard.test.tsx:16:11)

  ● QuickWizard › renders file dropzone

    TypeError: (0 , _navigation.useSearchParams) is not a function

      53 | export default function QuickWizard() {
      54 |   const router = useRouter()
    > 55 |   const searchParams = useSearchParams()
         |                                       ^
      56 |   const fileInputRef = useRef<HTMLInputElement>(null)
      57 |
      58 |   const [step, setStep] = useState(() => {

      at QuickWizard (src/components/Wizard/QuickWizard.tsx:55:39)
      at Object.react_stack_bottom_frame (node_modules/react-dom/cjs/react-dom-client.development.js:25904:20)
      at renderWithHooks (node_modules/react-dom/cjs/react-dom-client.development.js:7662:22)
      at updateFunctionComponent (node_modules/react-dom/cjs/react-dom-client.development.js:10166:19)
      at beginWork (node_modules/react-dom/cjs/react-dom-client.development.js:11778:18)
      at runWithFiberInDEV (node_modules/react-dom/cjs/react-dom-client.development.js:874:13)
      at performUnitOfWork (node_modules/react-dom/cjs/react-dom-client.development.js:17641:22)
      at workLoopSync (node_modules/react-dom/cjs/react-dom-client.development.js:17469:41)
      at renderRootSync (node_modules/react-dom/cjs/react-dom-client.development.js:17450:11)
      at performWorkOnRoot (node_modules/react-dom/cjs/react-dom-client.development.js:16583:35)
      at performWorkOnRootViaSchedulerTask (node_modules/react-dom/cjs/react-dom-client.development.js:18957:7)
      at flushActQueue (node_modules/react/cjs/react.development.js:590:34)
      at process.env.NODE_ENV.exports.act (node_modules/react/cjs/react.development.js:884:10)
      at node_modules/@testing-library/react/dist/act-compat.js:46:25
      at renderRoot (node_modules/@testing-library/react/dist/pure.js:189:26)
      at render (node_modules/@testing-library/react/dist/pure.js:291:10)
      at Object.<anonymous> (src/components/Wizard/QuickWizard.test.tsx:21:11)

  ● QuickWizard › renders source import options

    TypeError: (0 , _navigation.useSearchParams) is not a function

      53 | export default function QuickWizard() {
      54 |   const router = useRouter()
    > 55 |   const searchParams = useSearchParams()
         |                                       ^
      56 |   const fileInputRef = useRef<HTMLInputElement>(null)
      57 |
      58 |   const [step, setStep] = useState(() => {

      at QuickWizard (src/components/Wizard/QuickWizard.tsx:55:39)
      at Object.react_stack_bottom_frame (node_modules/react-dom/cjs/react-dom-client.development.js:25904:20)
      at renderWithHooks (node_modules/react-dom/cjs/react-dom-client.development.js:7662:22)
      at updateFunctionComponent (node_modules/react-dom/cjs/react-dom-client.development.js:10166:19)
      at beginWork (node_modules/react-dom/cjs/react-dom-client.development.js:11778:18)
      at runWithFiberInDEV (node_modules/react-dom/cjs/react-dom-client.development.js:874:13)
      at performUnitOfWork (node_modules/react-dom/cjs/react-dom-client.development.js:17641:22)
      at workLoopSync (node_modules/react-dom/cjs/react-dom-client.development.js:17469:41)
      at renderRootSync (node_modules/react-dom/cjs/react-dom-client.development.js:17450:11)
      at performWorkOnRoot (node_modules/react-dom/cjs/react-dom-client.development.js:16583:35)
      at performWorkOnRootViaSchedulerTask (node_modules/react-dom/cjs/react-dom-client.development.js:18957:7)
      at flushActQueue (node_modules/react/cjs/react.development.js:590:34)
      at process.env.NODE_ENV.exports.act (node_modules/react/cjs/react.development.js:884:10)
      at node_modules/@testing-library/react/dist/act-compat.js:46:25
      at renderRoot (node_modules/@testing-library/react/dist/pure.js:189:26)
      at render (node_modules/@testing-library/react/dist/pure.js:291:10)
      at Object.<anonymous> (src/components/Wizard/QuickWizard.test.tsx:26:11)

  ● QuickWizard › renders step navigation

    TypeError: (0 , _navigation.useSearchParams) is not a function

      53 | export default function QuickWizard() {
      54 |   const router = useRouter()
    > 55 |   const searchParams = useSearchParams()
         |                                       ^
      56 |   const fileInputRef = useRef<HTMLInputElement>(null)
      57 |
      58 |   const [step, setStep] = useState(() => {

      at QuickWizard (src/components/Wizard/QuickWizard.tsx:55:39)
      at Object.react_stack_bottom_frame (node_modules/react-dom/cjs/react-dom-client.development.js:25904:20)
      at renderWithHooks (node_modules/react-dom/cjs/react-dom-client.development.js:7662:22)
      at updateFunctionComponent (node_modules/react-dom/cjs/react-dom-client.development.js:10166:19)
      at beginWork (node_modules/react-dom/cjs/react-dom-client.development.js:11778:18)
      at runWithFiberInDEV (node_modules/react-dom/cjs/react-dom-client.development.js:874:13)
      at performUnitOfWork (node_modules/react-dom/cjs/react-dom-client.development.js:17641:22)
      at workLoopSync (node_modules/react-dom/cjs/react-dom-client.development.js:17469:41)
      at renderRootSync (node_modules/react-dom/cjs/react-dom-client.development.js:17450:11)
      at performWorkOnRoot (node_modules/react-dom/cjs/react-dom-client.development.js:16583:35)
      at performWorkOnRootViaSchedulerTask (node_modules/react-dom/cjs/react-dom-client.development.js:18957:7)
      at flushActQueue (node_modules/react/cjs/react.development.js:590:34)
      at process.env.NODE_ENV.exports.act (node_modules/react/cjs/react.development.js:884:10)
      at node_modules/@testing-library/react/dist/act-compat.js:46:25
      at renderRoot (node_modules/@testing-library/react/dist/pure.js:189:26)
      at render (node_modules/@testing-library/react/dist/pure.js:291:10)
      at Object.<anonymous> (src/components/Wizard/QuickWizard.test.tsx:32:11)

  ● QuickWizard › navigates to step 2 when file is uploaded

    TypeError: (0 , _navigation.useSearchParams) is not a function

      53 | export default function QuickWizard() {
      54 |   const router = useRouter()
    > 55 |   const searchParams = useSearchParams()
         |                                       ^
      56 |   const fileInputRef = useRef<HTMLInputElement>(null)
      57 |
      58 |   const [step, setStep] = useState(() => {

      at QuickWizard (src/components/Wizard/QuickWizard.tsx:55:39)
      at Object.react_stack_bottom_frame (node_modules/react-dom/cjs/react-dom-client.development.js:25904:20)
      at renderWithHooks (node_modules/react-dom/cjs/react-dom-client.development.js:7662:22)
      at updateFunctionComponent (node_modules/react-dom/cjs/react-dom-client.development.js:10166:19)
      at beginWork (node_modules/react-dom/cjs/react-dom-client.development.js:11778:18)
      at runWithFiberInDEV (node_modules/react-dom/cjs/react-dom-client.development.js:874:13)
      at performUnitOfWork (node_modules/react-dom/cjs/react-dom-client.development.js:17641:22)
      at workLoopSync (node_modules/react-dom/cjs/react-dom-client.development.js:17469:41)
      at renderRootSync (node_modules/react-dom/cjs/react-dom-client.development.js:17450:11)
      at performWorkOnRoot (node_modules/react-dom/cjs/react-dom-client.development.js:16583:35)
      at performWorkOnRootViaSchedulerTask (node_modules/react-dom/cjs/react-dom-client.development.js:18957:7)
      at flushActQueue (node_modules/react/cjs/react.development.js:590:34)
      at process.env.NODE_ENV.exports.act (node_modules/react/cjs/react.development.js:884:10)
      at node_modules/@testing-library/react/dist/act-compat.js:46:25
      at renderRoot (node_modules/@testing-library/react/dist/pure.js:189:26)
      at render (node_modules/@testing-library/react/dist/pure.js:291:10)
      at Object.<anonymous> (src/components/Wizard/QuickWizard.test.tsx:38:11)

  ● QuickWizard › shows avatar selection in step 2

    TypeError: (0 , _navigation.useSearchParams) is not a function

      53 | export default function QuickWizard() {
      54 |   const router = useRouter()
    > 55 |   const searchParams = useSearchParams()
         |                                       ^
      56 |   const fileInputRef = useRef<HTMLInputElement>(null)
      57 |
      58 |   const [step, setStep] = useState(() => {

      at QuickWizard (src/components/Wizard/QuickWizard.tsx:55:39)
      at Object.react_stack_bottom_frame (node_modules/react-dom/cjs/react-dom-client.development.js:25904:20)
      at renderWithHooks (node_modules/react-dom/cjs/react-dom-client.development.js:7662:22)
      at updateFunctionComponent (node_modules/react-dom/cjs/react-dom-client.development.js:10166:19)
      at beginWork (node_modules/react-dom/cjs/react-dom-client.development.js:11778:18)
      at runWithFiberInDEV (node_modules/react-dom/cjs/react-dom-client.development.js:874:13)
      at performUnitOfWork (node_modules/react-dom/cjs/react-dom-client.development.js:17641:22)
      at workLoopSync (node_modules/react-dom/cjs/react-dom-client.development.js:17469:41)
      at renderRootSync (node_modules/react-dom/cjs/react-dom-client.development.js:17450:11)
      at performWorkOnRoot (node_modules/react-dom/cjs/react-dom-client.development.js:16583:35)
      at performWorkOnRootViaSchedulerTask (node_modules/react-dom/cjs/react-dom-client.development.js:18957:7)
      at flushActQueue (node_modules/react/cjs/react.development.js:590:34)
      at process.env.NODE_ENV.exports.act (node_modules/react/cjs/react.development.js:884:10)
      at node_modules/@testing-library/react/dist/act-compat.js:46:25
      at renderRoot (node_modules/@testing-library/react/dist/pure.js:189:26)
      at render (node_modules/@testing-library/react/dist/pure.js:291:10)
      at Object.<anonymous> (src/components/Wizard/QuickWizard.test.tsx:50:11)

  ● QuickWizard › renders voice selection in step 3

    TypeError: (0 , _navigation.useSearchParams) is not a function

      53 | export default function QuickWizard() {
      54 |   const router = useRouter()
    > 55 |   const searchParams = useSearchParams()
         |                                       ^
      56 |   const fileInputRef = useRef<HTMLInputElement>(null)
      57 |
      58 |   const [step, setStep] = useState(() => {

      at QuickWizard (src/components/Wizard/QuickWizard.tsx:55:39)
      at Object.react_stack_bottom_frame (node_modules/react-dom/cjs/react-dom-client.development.js:25904:20)
      at renderWithHooks (node_modules/react-dom/cjs/react-dom-client.development.js:7662:22)
      at updateFunctionComponent (node_modules/react-dom/cjs/react-dom-client.development.js:10166:19)
      at beginWork (node_modules/react-dom/cjs/react-dom-client.development.js:11778:18)
      at runWithFiberInDEV (node_modules/react-dom/cjs/react-dom-client.development.js:874:13)
      at performUnitOfWork (node_modules/react-dom/cjs/react-dom-client.development.js:17641:22)
      at workLoopSync (node_modules/react-dom/cjs/react-dom-client.development.js:17469:41)
      at renderRootSync (node_modules/react-dom/cjs/react-dom-client.development.js:17450:11)
      at performWorkOnRoot (node_modules/react-dom/cjs/react-dom-client.development.js:16583:35)
      at performWorkOnRootViaSchedulerTask (node_modules/react-dom/cjs/react-dom-client.development.js:18957:7)
      at flushActQueue (node_modules/react/cjs/react.development.js:590:34)
      at process.env.NODE_ENV.exports.act (node_modules/react/cjs/react.development.js:884:10)
      at node_modules/@testing-library/react/dist/act-compat.js:46:25
      at renderRoot (node_modules/@testing-library/react/dist/pure.js:189:26)
      at render (node_modules/@testing-library/react/dist/pure.js:291:10)
      at Object.<anonymous> (src/components/Wizard/QuickWizard.test.tsx:64:11)

  ● QuickWizard › shows summary in step 4

    TypeError: (0 , _navigation.useSearchParams) is not a function

      53 | export default function QuickWizard() {
      54 |   const router = useRouter()
    > 55 |   const searchParams = useSearchParams()
         |                                       ^
      56 |   const fileInputRef = useRef<HTMLInputElement>(null)
      57 |
      58 |   const [step, setStep] = useState(() => {

      at QuickWizard (src/components/Wizard/QuickWizard.tsx:55:39)
      at Object.react_stack_bottom_frame (node_modules/react-dom/cjs/react-dom-client.development.js:25904:20)
      at renderWithHooks (node_modules/react-dom/cjs/react-dom-client.development.js:7662:22)
      at updateFunctionComponent (node_modules/react-dom/cjs/react-dom-client.development.js:10166:19)
      at beginWork (node_modules/react-dom/cjs/react-dom-client.development.js:11778:18)
      at runWithFiberInDEV (node_modules/react-dom/cjs/react-dom-client.development.js:874:13)
      at performUnitOfWork (node_modules/react-dom/cjs/react-dom-client.development.js:17641:22)
      at workLoopSync (node_modules/react-dom/cjs/react-dom-client.development.js:17469:41)
      at renderRootSync (node_modules/react-dom/cjs/react-dom-client.development.js:17450:11)
      at performWorkOnRoot (node_modules/react-dom/cjs/react-dom-client.development.js:16583:35)
      at performWorkOnRootViaSchedulerTask (node_modules/react-dom/cjs/react-dom-client.development.js:18957:7)
      at flushActQueue (node_modules/react/cjs/react.development.js:590:34)
      at process.env.NODE_ENV.exports.act (node_modules/react/cjs/react.development.js:884:10)
      at node_modules/@testing-library/react/dist/act-compat.js:46:25
      at renderRoot (node_modules/@testing-library/react/dist/pure.js:189:26)
      at render (node_modules/@testing-library/react/dist/pure.js:291:10)
      at Object.<anonymous> (src/components/Wizard/QuickWizard.test.tsx:88:11)

  ● QuickWizard › renders generate button

    TypeError: (0 , _navigation.useSearchParams) is not a function

      53 | export default function QuickWizard() {
      54 |   const router = useRouter()
    > 55 |   const searchParams = useSearchParams()
         |                                       ^
      56 |   const fileInputRef = useRef<HTMLInputElement>(null)
      57 |
      58 |   const [step, setStep] = useState(() => {

      at QuickWizard (src/components/Wizard/QuickWizard.tsx:55:39)
      at Object.react_stack_bottom_frame (node_modules/react-dom/cjs/react-dom-client.development.js:25904:20)
      at renderWithHooks (node_modules/react-dom/cjs/react-dom-client.development.js:7662:22)
      at updateFunctionComponent (node_modules/react-dom/cjs/react-dom-client.development.js:10166:19)
      at beginWork (node_modules/react-dom/cjs/react-dom-client.development.js:11778:18)
      at runWithFiberInDEV (node_modules/react-dom/cjs/react-dom-client.development.js:874:13)
      at performUnitOfWork (node_modules/react-dom/cjs/react-dom-client.development.js:17641:22)
      at workLoopSync (node_modules/react-dom/cjs/react-dom-client.development.js:17469:41)
      at renderRootSync (node_modules/react-dom/cjs/react-dom-client.development.js:17450:11)
      at performWorkOnRoot (node_modules/react-dom/cjs/react-dom-client.development.js:16583:35)
      at performWorkOnRootViaSchedulerTask (node_modules/react-dom/cjs/react-dom-client.development.js:18957:7)
      at flushActQueue (node_modules/react/cjs/react.development.js:590:34)
      at process.env.NODE_ENV.exports.act (node_modules/react/cjs/react.development.js:884:10)
      at node_modules/@testing-library/react/dist/act-compat.js:46:25
      at renderRoot (node_modules/@testing-library/react/dist/pure.js:189:26)
      at render (node_modules/@testing-library/react/dist/pure.js:291:10)
      at Object.<anonymous> (src/components/Wizard/QuickWizard.test.tsx:105:11)

FAIL src/components/Wizard/Wizard.test.tsx
  ● Wizard Component › renders AI Assistant sidebar

    TestingLibraryElementError: Unable to find an element with the text: AI Assistant. This could be because the text is broken up by multiple elements. In this case, you can provide a function for your text matcher to make your matcher more flexible.

    Ignored nodes: comments, script, style
    [36m<body>[39m
      [36m<div>[39m
        [36m<div[39m
          [33mclass[39m=[32m"wizardContainer"[39m
        [36m>[39m
          [36m<aside[39m
            [33mclass[39m=[32m"sidebar"[39m
          [36m>[39m
            [36m<button[39m
              [33mclass[39m=[32m"backLink"[39m
            [36m>[39m
              [0m Back to projects[0m
            [36m</button>[39m
            [36m<div[39m
              [33mclass[39m=[32m"sidebarHeader"[39m
            [36m>[39m
              [36m<h3>[39m
                [0mCreation Steps[0m
              [36m</h3>[39m
            [36m</div>[39m
            [36m<nav[39m
              [33mclass[39m=[32m"stepsList"[39m
            [36m>[39m
              [36m<div[39m
                [33mclass[39m=[32m"
                    stepItem 
                    stepActive 
                    
                  "[39m
              [36m>[39m
                [36m<div[39m
                  [33mclass[39m=[32m"stepIcon"[39m
                [36m/>[39m
                [36m<span>[39m
                  [0m1[0m
                  [0m. [0m
                  [0mGeneral Settings[0m
                [36m</span>[39m
              [36m</div>[39m
              [36m<div[39m
                [33mclass[39m=[32m"
                    stepItem 
                     
                    
                  "[39m
              [36m>[39m
                [36m<div[39m
                  [33mclass[39m=[32m"stepIcon"[39m
                [36m/>[39m
                [36m<span>[39m
                  [0m2[0m
                  [0m. [0m
                  [0mAvatar[0m
                [36m</span>[39m
              [36m</div>[39m
              [36m<div[39m
                [33mclass[39m=[32m"
                    stepItem 
                     
                    
                  "[39m
              [36m>[39m
                [36m<div[39m
                  [33mclass[39m=[32m"stepIcon"[39m
                [36m/>[39m
                [36m<span>[39m
                  [0m3[0m
                  [0m. [0m
                  [0mRole[0m
                [36m</span>[39m
              [36m</div>[39m
              [36m<div[39m
                [33mclass[39m=[32m"
                    stepItem 
                     
                    
                  "[39m
              [36m>[39m
                [36m<div[39m
                  [33mclass[39m=[32m"stepIcon"[39m
                [36m/>[39m
                [36m<span>[39m
                  [0m4[0m
                  [0m. [0m
                  [0mInstructions[0m
                [36m</span>[39m
              [36m</div>[39m
              [36m<div[39m
                [33mclass[39m=[32m"
                    stepItem 
                     
                    
                  "[39m
              [36m>[39m
                [36m<div[39m
                  [33mclass[39m=[32m"stepIcon"[39m
                [36m/>[39m
                [36m<span>[39m
                  [0m5[0m
                  [0m. [0m
                  [0mKnowledge Base[0m
                [36m</span>[39m
              [36m</div>[39m
              [36m<div[39m
                [33mclass[39m=[32m"
                    stepItem 
                     
                    
                  "[39m
              [36m>[39m
                [36m<div[39m
                  [33mclass[39m=[32m"stepIcon"[39m
                [36m/>[39m
                [36m<span>[39m
                  [0m6[0m
                  [0m. [0m
                  [0mPreview[0m
                [36m</span>[39m
              [36m</div>[39m
              [36m<div[39m
                [33mclass[39m=[32m"
                    stepItem 
                     
                    
                  "[39m
              [36m>[39m
                [36m<div[39m
                  [33mclass[39m=[32m"stepIcon"[39m
                [36m/>[39m
                [36m<span>[39m
                  [0m7[0m
                  [0m. [0m
                  [0mShare / Assign[0m
                [36m</span>[39m
              [36m</div>[39m
            [36m</nav>[39m
          [36m</aside>[39m
          [36m<main[39m
            [33mclass[39m=[32m"content"[39m
          [36m>[39m
            [36m<div[39m
              [33mclass[39m=[32m"panel"[39m
            [36m>[39m
              [36m<div[39m
                [33mclass[39m=[32m"stepContent"[39m
                [33mdata-tour[39m=[32m"project-name"[39m
              [36m>[39m
                [36m<h2[39m
                  [33mclass[39m=[32m"stepTitle"[39m
                [36m>[39m
                  [0mGeneral Settings[0m
                [36m</h2>[39m
                [36m<p[39m
                  [33mclass[39m=[32m"stepDesc"[39m
                [36m>[39m
                  [0mSetup the base configuration for your project.[0m
                [36m</p>[39m
                [36m<div[39m
                  [33mclass[39m=[32m"formGroup"[39m
                [36m>[39m
                  [36m<label>[39m
                    [0mProject Name[0m
                  [36m</label>[39m
                  [36m<input[39m
                    [33mclass[39m=[32m"input"[39m
                    [33mdata-tour[39m=[32m"project-name"[39m
                    [33mtype[39m=[32m"text"[39m
                    [33mvalue[39m=[32m"New Project"[39m
                  [36m/>[39m
                [36m</div>[39m
                [36m<div[39m
                  [33mclass[39m=[32m"formRow"[39m
                [36m>[39m
                  [36m<div[39m
                    [33mclass[39m=[32m"formGroup"[39m
                  [36m>[39m
                    [36m<label>[39m
                      [0mDefault Language[0m
                    [36m</label>[39m
                    [36m<select[39m
                      [33mclass[39m=[32m"input"[39m
                    [36m>[39m
                      [36m<option>[39m
                        [0mEnglish[0m
                      [36m</option>[39m
                      [36m<option>[39m
                        [0mSpanish[0m
                      [36m</option>[39m
                      [36m<option>[39m
                        [0mGerman[0m
                      [36m</option>[39m
                      [36m<option>[39m
                        [0mFrench[0m
                      [36m</option>[39m
                    [36m</select>[39m
                  [36m</div>[39m
                  [36m<div[39m
                    [33mclass[39m=[32m"formGroup"[39m
                  [36m>[39m
                    [36m<label>[39m
                      [0mCreation Mode[0m
                    [36m</label>[39m
                    [36m<select[39m
                      [33mclass[39m=[32m"input"[39m
                    [36m>[39m
                      [36m<option>[39m
                        [0mStep-by-step[0m
                      [36m</option>[39m
                      [36m<option>[39m
                        [0mAI-Generated[0m
                      [36m</option>[39m
                    [36m</select>[39m
                  [36m</div>[39m
                [36m</div>[39m
              [36m</div>[39m
              [36m<div[39m
                [33mclass[39m=[32m"footerNav"[39m
              [36m>[39m
                [36m<button[39m
                  [33mclass[39m=[32m"secondaryBtn"[39m
                  [33mdisabled[39m=[32m""[39m
                [36m>[39m
                  [0m Prev[0m
                [36m</button>[39m
                [36m<button[39m
                  [33mclass[39m=[32m"primaryBtn"[39m
                  [33mdata-tour[39m=[32m"next-btn"[39m
                [36m>[39m
                  [0mNext[0m
                  [0m [0m
                [36m</button>[39m
              [36m</div>[39m
            [36m</div>[39m
          [36m</main>[39m
          [36m<aside[39m
            [33mclass[39m=[32m"aiSidebar"[39m
          [36m>[39m
            [36m<div[39m
              [33mclass[39m=[32m"aiHeader"[39m
            [36m>[39m
              [36m<div[39m
                [33mclass[39m=[32m"aiIcon"[39m
              [36m/>[39m
              [36m<span[39m
                [33mclass[39m=[32m"aiTitle"[39m
              [36m>[39m
                [0mOnboarding Progress[0m
              [36m</span>[39m
            [36m</div>[39m
            [36m<div[39m
              [33mclass[39m=[32m"stonlyContainer"[39m
              [33mid[39m=[32m"stonly-checklist-container"[39m
            [36m/>[39m
            [36m<div[39m
              [33mclass[39m=[32m"aiChat"[39m
              [33mstyle[39m=[32m"border-top: 1px solid rgb(241, 245, 249); margin-top: 1rem; padding-top: 1rem;"[39m
            [36m>[39m
              [36m<div[39m
                [33mclass[39m=[32m"aiMsg"[39m
              [36m>[39m
                [36m<b>[39m
                  [0mPro Tip:[0m
                [36m</b>[39m
                [0m Complete the checklist to earn your [0m
                [36m<b>[39m
                  [0m+5 AI minute reward[0m
                [36m</b>[39m
                [0m![0m
              [36m</div>[39m
              [36m<div[39m
                [33mclass[39m=[32m"aiMsg"[39m
              [36m>[39m
                [0mTip: Choose a descriptive project name to help your team find it later.[0m
              [36m</div>[39m
            [36m</div>[39m
            [36m<input[39m
              [33mclass[39m=[32m"aiInput"[39m
              [33mplaceholder[39m=[32m"Ask AI anything..."[39m
              [33mtype[39m=[32m"text"[39m
            [36m/>[39m
          [36m</aside>[39m
        [36m</div>[39m
      [36m</div>[39m
    [36m</body>[39m

      65 |   it('renders AI Assistant sidebar', () => {
      66 |     render(<Wizard />)
    > 67 |     expect(screen.getByText('AI Assistant')).toBeInTheDocument()
         |                   ^
      68 |   })
      69 | })

      at Object.getElementError (node_modules/@testing-library/dom/dist/config.js:37:19)
      at node_modules/@testing-library/dom/dist/query-helpers.js:76:38
      at node_modules/@testing-library/dom/dist/query-helpers.js:52:17
      at node_modules/@testing-library/dom/dist/query-helpers.js:95:19
      at Object.getByText (src/components/Wizard/Wizard.test.tsx:67:19)

FAIL src/components/TourBuilder/SettingsWidget.test.tsx
  ● SettingsWidget › renders element settings panel

    Element type is invalid: expected a string (for built-in components) or a class/function (for composite components) but got: undefined. You likely forgot to export your component from the file it's defined in, or you might have mixed up default and named imports.

    Check the render method of `SettingsWidget`.

      17 | describe('SettingsWidget', () => {
      18 |   it('renders element settings panel', () => {
    > 19 |     render(<SettingsWidget element={mockElement} onClose={jest.fn()} />);
         |           ^
      20 |
      21 |     expect(screen.getByText('Element Settings')).toBeInTheDocument();
      22 |   });

      at createFiberFromTypeAndProps (node_modules/react-dom/cjs/react-dom-client.development.js:5021:28)
      at createFiberFromElement (node_modules/react-dom/cjs/react-dom-client.development.js:5035:14)
      at reconcileChildFibersImpl (node_modules/react-dom/cjs/react-dom-client.development.js:6920:31)
      at node_modules/react-dom/cjs/react-dom-client.development.js:7098:33
      at reconcileChildren (node_modules/react-dom/cjs/react-dom-client.development.js:9701:13)
      at beginWork (node_modules/react-dom/cjs/react-dom-client.development.js:12049:13)
      at runWithFiberInDEV (node_modules/react-dom/cjs/react-dom-client.development.js:874:13)
      at performUnitOfWork (node_modules/react-dom/cjs/react-dom-client.development.js:17641:22)
      at workLoopSync (node_modules/react-dom/cjs/react-dom-client.development.js:17469:41)
      at renderRootSync (node_modules/react-dom/cjs/react-dom-client.development.js:17450:11)
      at performWorkOnRoot (node_modules/react-dom/cjs/react-dom-client.development.js:16583:35)
      at performWorkOnRootViaSchedulerTask (node_modules/react-dom/cjs/react-dom-client.development.js:18957:7)
      at flushActQueue (node_modules/react/cjs/react.development.js:590:34)
      at process.env.NODE_ENV.exports.act (node_modules/react/cjs/react.development.js:884:10)
      at node_modules/@testing-library/react/dist/act-compat.js:46:25
      at renderRoot (node_modules/@testing-library/react/dist/pure.js:189:26)
      at render (node_modules/@testing-library/react/dist/pure.js:291:10)
      at Object.<anonymous> (src/components/TourBuilder/SettingsWidget.test.tsx:19:11)

  ● SettingsWidget › displays CSS selector for element

    Element type is invalid: expected a string (for built-in components) or a class/function (for composite components) but got: undefined. You likely forgot to export your component from the file it's defined in, or you might have mixed up default and named imports.

    Check the render method of `SettingsWidget`.

      23 |
      24 |   it('displays CSS selector for element', () => {
    > 25 |     render(<SettingsWidget element={mockElement} onClose={jest.fn()} />);
         |           ^
      26 |
      27 |     expect(screen.getByText('[data-tour="step-1"]')).toBeInTheDocument();
      28 |   });

      at createFiberFromTypeAndProps (node_modules/react-dom/cjs/react-dom-client.development.js:5021:28)
      at createFiberFromElement (node_modules/react-dom/cjs/react-dom-client.development.js:5035:14)
      at reconcileChildFibersImpl (node_modules/react-dom/cjs/react-dom-client.development.js:6920:31)
      at node_modules/react-dom/cjs/react-dom-client.development.js:7098:33
      at reconcileChildren (node_modules/react-dom/cjs/react-dom-client.development.js:9701:13)
      at beginWork (node_modules/react-dom/cjs/react-dom-client.development.js:12049:13)
      at runWithFiberInDEV (node_modules/react-dom/cjs/react-dom-client.development.js:874:13)
      at performUnitOfWork (node_modules/react-dom/cjs/react-dom-client.development.js:17641:22)
      at workLoopSync (node_modules/react-dom/cjs/react-dom-client.development.js:17469:41)
      at renderRootSync (node_modules/react-dom/cjs/react-dom-client.development.js:17450:11)
      at performWorkOnRoot (node_modules/react-dom/cjs/react-dom-client.development.js:16583:35)
      at performWorkOnRootViaSchedulerTask (node_modules/react-dom/cjs/react-dom-client.development.js:18957:7)
      at flushActQueue (node_modules/react/cjs/react.development.js:590:34)
      at process.env.NODE_ENV.exports.act (node_modules/react/cjs/react.development.js:884:10)
      at node_modules/@testing-library/react/dist/act-compat.js:46:25
      at renderRoot (node_modules/@testing-library/react/dist/pure.js:189:26)
      at render (node_modules/@testing-library/react/dist/pure.js:291:10)
      at Object.<anonymous> (src/components/TourBuilder/SettingsWidget.test.tsx:25:11)

  ● SettingsWidget › displays element tag name

    Element type is invalid: expected a string (for built-in components) or a class/function (for composite components) but got: undefined. You likely forgot to export your component from the file it's defined in, or you might have mixed up default and named imports.

    Check the render method of `SettingsWidget`.

      29 |
      30 |   it('displays element tag name', () => {
    > 31 |     render(<SettingsWidget element={mockElement} onClose={jest.fn()} />);
         |           ^
      32 |
      33 |     expect(screen.getByText('<div>')).toBeInTheDocument();
      34 |   });

      at createFiberFromTypeAndProps (node_modules/react-dom/cjs/react-dom-client.development.js:5021:28)
      at createFiberFromElement (node_modules/react-dom/cjs/react-dom-client.development.js:5035:14)
      at reconcileChildFibersImpl (node_modules/react-dom/cjs/react-dom-client.development.js:6920:31)
      at node_modules/react-dom/cjs/react-dom-client.development.js:7098:33
      at reconcileChildren (node_modules/react-dom/cjs/react-dom-client.development.js:9701:13)
      at beginWork (node_modules/react-dom/cjs/react-dom-client.development.js:12049:13)
      at runWithFiberInDEV (node_modules/react-dom/cjs/react-dom-client.development.js:874:13)
      at performUnitOfWork (node_modules/react-dom/cjs/react-dom-client.development.js:17641:22)
      at workLoopSync (node_modules/react-dom/cjs/react-dom-client.development.js:17469:41)
      at renderRootSync (node_modules/react-dom/cjs/react-dom-client.development.js:17450:11)
      at performWorkOnRoot (node_modules/react-dom/cjs/react-dom-client.development.js:16583:35)
      at performWorkOnRootViaSchedulerTask (node_modules/react-dom/cjs/react-dom-client.development.js:18957:7)
      at flushActQueue (node_modules/react/cjs/react.development.js:590:34)
      at process.env.NODE_ENV.exports.act (node_modules/react/cjs/react.development.js:884:10)
      at node_modules/@testing-library/react/dist/act-compat.js:46:25
      at renderRoot (node_modules/@testing-library/react/dist/pure.js:189:26)
      at render (node_modules/@testing-library/react/dist/pure.js:291:10)
      at Object.<anonymous> (src/components/TourBuilder/SettingsWidget.test.tsx:31:11)

  ● SettingsWidget › displays parent chain

    Element type is invalid: expected a string (for built-in components) or a class/function (for composite components) but got: undefined. You likely forgot to export your component from the file it's defined in, or you might have mixed up default and named imports.

    Check the render method of `SettingsWidget`.

      35 |
      36 |   it('displays parent chain', () => {
    > 37 |     render(<SettingsWidget element={mockElement} onClose={jest.fn()} />);
         |           ^
      38 |
      39 |     expect(screen.getByText('section#parent')).toBeInTheDocument();
      40 |   });

      at createFiberFromTypeAndProps (node_modules/react-dom/cjs/react-dom-client.development.js:5021:28)
      at createFiberFromElement (node_modules/react-dom/cjs/react-dom-client.development.js:5035:14)
      at reconcileChildFibersImpl (node_modules/react-dom/cjs/react-dom-client.development.js:6920:31)
      at node_modules/react-dom/cjs/react-dom-client.development.js:7098:33
      at reconcileChildren (node_modules/react-dom/cjs/react-dom-client.development.js:9701:13)
      at beginWork (node_modules/react-dom/cjs/react-dom-client.development.js:12049:13)
      at runWithFiberInDEV (node_modules/react-dom/cjs/react-dom-client.development.js:874:13)
      at performUnitOfWork (node_modules/react-dom/cjs/react-dom-client.development.js:17641:22)
      at workLoopSync (node_modules/react-dom/cjs/react-dom-client.development.js:17469:41)
      at renderRootSync (node_modules/react-dom/cjs/react-dom-client.development.js:17450:11)
      at performWorkOnRoot (node_modules/react-dom/cjs/react-dom-client.development.js:16583:35)
      at performWorkOnRootViaSchedulerTask (node_modules/react-dom/cjs/react-dom-client.development.js:18957:7)
      at flushActQueue (node_modules/react/cjs/react.development.js:590:34)
      at process.env.NODE_ENV.exports.act (node_modules/react/cjs/react.development.js:884:10)
      at node_modules/@testing-library/react/dist/act-compat.js:46:25
      at renderRoot (node_modules/@testing-library/react/dist/pure.js:189:26)
      at render (node_modules/@testing-library/react/dist/pure.js:291:10)
      at Object.<anonymous> (src/components/TourBuilder/SettingsWidget.test.tsx:37:11)

  ● SettingsWidget › switches to design tab when clicked

    Element type is invalid: expected a string (for built-in components) or a class/function (for composite components) but got: undefined. You likely forgot to export your component from the file it's defined in, or you might have mixed up default and named imports.

    Check the render method of `SettingsWidget`.

      41 |
      42 |   it('switches to design tab when clicked', () => {
    > 43 |     render(<SettingsWidget element={mockElement} onClose={jest.fn()} />);
         |           ^
      44 |
      45 |     const designTab = screen.getByText('Design');
      46 |     fireEvent.click(designTab);

      at createFiberFromTypeAndProps (node_modules/react-dom/cjs/react-dom-client.development.js:5021:28)
      at createFiberFromElement (node_modules/react-dom/cjs/react-dom-client.development.js:5035:14)
      at reconcileChildFibersImpl (node_modules/react-dom/cjs/react-dom-client.development.js:6920:31)
      at node_modules/react-dom/cjs/react-dom-client.development.js:7098:33
      at reconcileChildren (node_modules/react-dom/cjs/react-dom-client.development.js:9701:13)
      at beginWork (node_modules/react-dom/cjs/react-dom-client.development.js:12049:13)
      at runWithFiberInDEV (node_modules/react-dom/cjs/react-dom-client.development.js:874:13)
      at performUnitOfWork (node_modules/react-dom/cjs/react-dom-client.development.js:17641:22)
      at workLoopSync (node_modules/react-dom/cjs/react-dom-client.development.js:17469:41)
      at renderRootSync (node_modules/react-dom/cjs/react-dom-client.development.js:17450:11)
      at performWorkOnRoot (node_modules/react-dom/cjs/react-dom-client.development.js:16583:35)
      at performWorkOnRootViaSchedulerTask (node_modules/react-dom/cjs/react-dom-client.development.js:18957:7)
      at flushActQueue (node_modules/react/cjs/react.development.js:590:34)
      at process.env.NODE_ENV.exports.act (node_modules/react/cjs/react.development.js:884:10)
      at node_modules/@testing-library/react/dist/act-compat.js:46:25
      at renderRoot (node_modules/@testing-library/react/dist/pure.js:189:26)
      at render (node_modules/@testing-library/react/dist/pure.js:291:10)
      at Object.<anonymous> (src/components/TourBuilder/SettingsWidget.test.tsx:43:11)

  ● SettingsWidget › calls onClose when save highlight is clicked

    Element type is invalid: expected a string (for built-in components) or a class/function (for composite components) but got: undefined. You likely forgot to export your component from the file it's defined in, or you might have mixed up default and named imports.

    Check the render method of `SettingsWidget`.

      51 |   it('calls onClose when save highlight is clicked', () => {
      52 |     const onClose = jest.fn();
    > 53 |     render(<SettingsWidget element={mockElement} onClose={onClose} />);
         |           ^
      54 |
      55 |     const saveButton = screen.getByText('Save Highlight');
      56 |     fireEvent.click(saveButton);

      at createFiberFromTypeAndProps (node_modules/react-dom/cjs/react-dom-client.development.js:5021:28)
      at createFiberFromElement (node_modules/react-dom/cjs/react-dom-client.development.js:5035:14)
      at reconcileChildFibersImpl (node_modules/react-dom/cjs/react-dom-client.development.js:6920:31)
      at node_modules/react-dom/cjs/react-dom-client.development.js:7098:33
      at reconcileChildren (node_modules/react-dom/cjs/react-dom-client.development.js:9701:13)
      at beginWork (node_modules/react-dom/cjs/react-dom-client.development.js:12049:13)
      at runWithFiberInDEV (node_modules/react-dom/cjs/react-dom-client.development.js:874:13)
      at performUnitOfWork (node_modules/react-dom/cjs/react-dom-client.development.js:17641:22)
      at workLoopSync (node_modules/react-dom/cjs/react-dom-client.development.js:17469:41)
      at renderRootSync (node_modules/react-dom/cjs/react-dom-client.development.js:17450:11)
      at performWorkOnRoot (node_modules/react-dom/cjs/react-dom-client.development.js:16583:35)
      at performWorkOnRootViaSchedulerTask (node_modules/react-dom/cjs/react-dom-client.development.js:18957:7)
      at flushActQueue (node_modules/react/cjs/react.development.js:590:34)
      at process.env.NODE_ENV.exports.act (node_modules/react/cjs/react.development.js:884:10)
      at node_modules/@testing-library/react/dist/act-compat.js:46:25
      at renderRoot (node_modules/@testing-library/react/dist/pure.js:189:26)
      at render (node_modules/@testing-library/react/dist/pure.js:291:10)
      at Object.<anonymous> (src/components/TourBuilder/SettingsWidget.test.tsx:53:11)

  ● SettingsWidget › switches back to selection tab

    Element type is invalid: expected a string (for built-in components) or a class/function (for composite components) but got: undefined. You likely forgot to export your component from the file it's defined in, or you might have mixed up default and named imports.

    Check the render method of `SettingsWidget`.

      60 |
      61 |   it('switches back to selection tab', () => {
    > 62 |     render(<SettingsWidget element={mockElement} onClose={jest.fn()} />);
         |           ^
      63 |
      64 |     const designTab = screen.getByText('Design');
      65 |     fireEvent.click(designTab);

      at createFiberFromTypeAndProps (node_modules/react-dom/cjs/react-dom-client.development.js:5021:28)
      at createFiberFromElement (node_modules/react-dom/cjs/react-dom-client.development.js:5035:14)
      at reconcileChildFibersImpl (node_modules/react-dom/cjs/react-dom-client.development.js:6920:31)
      at node_modules/react-dom/cjs/react-dom-client.development.js:7098:33
      at reconcileChildren (node_modules/react-dom/cjs/react-dom-client.development.js:9701:13)
      at beginWork (node_modules/react-dom/cjs/react-dom-client.development.js:12049:13)
      at runWithFiberInDEV (node_modules/react-dom/cjs/react-dom-client.development.js:874:13)
      at performUnitOfWork (node_modules/react-dom/cjs/react-dom-client.development.js:17641:22)
      at workLoopSync (node_modules/react-dom/cjs/react-dom-client.development.js:17469:41)
      at renderRootSync (node_modules/react-dom/cjs/react-dom-client.development.js:17450:11)
      at performWorkOnRoot (node_modules/react-dom/cjs/react-dom-client.development.js:16583:35)
      at performWorkOnRootViaSchedulerTask (node_modules/react-dom/cjs/react-dom-client.development.js:18957:7)
      at flushActQueue (node_modules/react/cjs/react.development.js:590:34)
      at process.env.NODE_ENV.exports.act (node_modules/react/cjs/react.development.js:884:10)
      at node_modules/@testing-library/react/dist/act-compat.js:46:25
      at renderRoot (node_modules/@testing-library/react/dist/pure.js:189:26)
      at render (node_modules/@testing-library/react/dist/pure.js:291:10)
      at Object.<anonymous> (src/components/TourBuilder/SettingsWidget.test.tsx:62:11)

FAIL src/components/TourBuilder/SelectionOverlay.test.tsx
  ● SelectionOverlay › renders hover overlay

    TestingLibraryElementError: Unable to find an element by: [data-testid="selection-overlay-hover"]

    Ignored nodes: comments, script, style
    [36m<body>[39m
      [36m<div>[39m
        [36m<div[39m
          [33mstyle[39m=[32m"position: fixed; border: 2px solid rgba(99, 102, 241, 0.4); border-radius: 4px; pointer-events: none; z-index: 10000; box-shadow: none; top: 100px; left: 50px; width: 200px; height: 150px;"[39m
        [36m/>[39m
      [36m</div>[39m
    [36m</body>[39m

      15 |     render(<SelectionOverlay element={mockElement} type="hover" />);
      16 |
    > 17 |     expect(screen.getByTestId('selection-overlay-hover')).toBeInTheDocument();
         |                   ^
      18 |   });
      19 |
      20 |   it('renders select overlay with label', () => {

      at Object.getElementError (node_modules/@testing-library/dom/dist/config.js:37:19)
      at node_modules/@testing-library/dom/dist/query-helpers.js:76:38
      at node_modules/@testing-library/dom/dist/query-helpers.js:52:17
      at node_modules/@testing-library/dom/dist/query-helpers.js:95:19
      at Object.getByTestId (src/components/TourBuilder/SelectionOverlay.test.tsx:17:19)

  ● SelectionOverlay › renders select overlay with label

    TestingLibraryElementError: Unable to find an element with the text: div#test-element. This could be because the text is broken up by multiple elements. In this case, you can provide a function for your text matcher to make your matcher more flexible.

    Ignored nodes: comments, script, style
    [36m<body>[39m
      [36m<div>[39m
        [36m<div[39m
          [33mstyle[39m=[32m"position: fixed; border: 3px solid rgb(99, 102, 241); border-radius: 4px; pointer-events: none; z-index: 10000; box-shadow: 0 0 0 9999px rgba(0, 0, 0, 0.3); top: 100px; left: 50px; width: 200px; height: 150px;"[39m
        [36m>[39m
          [36m<div[39m
            [33mstyle[39m=[32m"position: absolute; top: -30px; left: 0px; background: rgb(99, 102, 241); color: white; padding: 2px 8px; border-radius: 4px 4px 0 0; font-size: 12px; font-weight: bold; white-space: nowrap;"[39m
          [36m>[39m
            [0mdiv[0m
            [0m#test-element[0m
            [0m [data-tour="step-1"][0m
          [36m</div>[39m
        [36m</div>[39m
      [36m</div>[39m
    [36m</body>[39m

      21 |     render(<SelectionOverlay element={mockElement} type="select" />);
      22 |
    > 23 |     expect(screen.getByText('div#test-element')).toBeInTheDocument();
         |                   ^
      24 |   });
      25 |
      26 |   it('renders data-tour attribute in label', () => {

      at Object.getElementError (node_modules/@testing-library/dom/dist/config.js:37:19)
      at node_modules/@testing-library/dom/dist/query-helpers.js:76:38
      at node_modules/@testing-library/dom/dist/query-helpers.js:52:17
      at node_modules/@testing-library/dom/dist/query-helpers.js:95:19
      at Object.getByText (src/components/TourBuilder/SelectionOverlay.test.tsx:23:19)

FAIL src/components/ProjectEditor/ProjectEditor.test.tsx
  ● ProjectEditor › renders project editor title

    Element type is invalid: expected a string (for built-in components) or a class/function (for composite components) but got: undefined. You likely forgot to export your component from the file it's defined in, or you might have mixed up default and named imports.

    Check the render method of `ProjectEditor`.

      14 | describe('ProjectEditor', () => {
      15 |   it('renders project editor title', () => {
    > 16 |     render(<ProjectEditor />);
         |           ^
      17 |     expect(screen.getByText('Project Settings')).toBeInTheDocument();
      18 |   });
      19 |

      at createFiberFromTypeAndProps (node_modules/react-dom/cjs/react-dom-client.development.js:5021:28)
      at createFiberFromElement (node_modules/react-dom/cjs/react-dom-client.development.js:5035:14)
      at createChild (node_modules/react-dom/cjs/react-dom-client.development.js:6338:26)
      at reconcileChildrenArray (node_modules/react-dom/cjs/react-dom-client.development.js:6670:25)
      at reconcileChildFibersImpl (node_modules/react-dom/cjs/react-dom-client.development.js:6993:30)
      at node_modules/react-dom/cjs/react-dom-client.development.js:7098:33
      at reconcileChildren (node_modules/react-dom/cjs/react-dom-client.development.js:9701:13)
      at beginWork (node_modules/react-dom/cjs/react-dom-client.development.js:12049:13)
      at runWithFiberInDEV (node_modules/react-dom/cjs/react-dom-client.development.js:874:13)
      at performUnitOfWork (node_modules/react-dom/cjs/react-dom-client.development.js:17641:22)
      at workLoopSync (node_modules/react-dom/cjs/react-dom-client.development.js:17469:41)
      at renderRootSync (node_modules/react-dom/cjs/react-dom-client.development.js:17450:11)
      at performWorkOnRoot (node_modules/react-dom/cjs/react-dom-client.development.js:16583:35)
      at performWorkOnRootViaSchedulerTask (node_modules/react-dom/cjs/react-dom-client.development.js:18957:7)
      at flushActQueue (node_modules/react/cjs/react.development.js:590:34)
      at process.env.NODE_ENV.exports.act (node_modules/react/cjs/react.development.js:884:10)
      at node_modules/@testing-library/react/dist/act-compat.js:46:25
      at renderRoot (node_modules/@testing-library/react/dist/pure.js:189:26)
      at render (node_modules/@testing-library/react/dist/pure.js:291:10)
      at Object.<anonymous> (src/components/ProjectEditor/ProjectEditor.test.tsx:16:11)

  ● ProjectEditor › renders project name input

    Element type is invalid: expected a string (for built-in components) or a class/function (for composite components) but got: undefined. You likely forgot to export your component from the file it's defined in, or you might have mixed up default and named imports.

    Check the render method of `ProjectEditor`.

      19 |
      20 |   it('renders project name input', () => {
    > 21 |     render(<ProjectEditor />);
         |           ^
      22 |     expect(screen.getByLabelText('Project name')).toBeInTheDocument();
      23 |   });
      24 |

      at createFiberFromTypeAndProps (node_modules/react-dom/cjs/react-dom-client.development.js:5021:28)
      at createFiberFromElement (node_modules/react-dom/cjs/react-dom-client.development.js:5035:14)
      at createChild (node_modules/react-dom/cjs/react-dom-client.development.js:6338:26)
      at reconcileChildrenArray (node_modules/react-dom/cjs/react-dom-client.development.js:6670:25)
      at reconcileChildFibersImpl (node_modules/react-dom/cjs/react-dom-client.development.js:6993:30)
      at node_modules/react-dom/cjs/react-dom-client.development.js:7098:33
      at reconcileChildren (node_modules/react-dom/cjs/react-dom-client.development.js:9701:13)
      at beginWork (node_modules/react-dom/cjs/react-dom-client.development.js:12049:13)
      at runWithFiberInDEV (node_modules/react-dom/cjs/react-dom-client.development.js:874:13)
      at performUnitOfWork (node_modules/react-dom/cjs/react-dom-client.development.js:17641:22)
      at workLoopSync (node_modules/react-dom/cjs/react-dom-client.development.js:17469:41)
      at renderRootSync (node_modules/react-dom/cjs/react-dom-client.development.js:17450:11)
      at performWorkOnRoot (node_modules/react-dom/cjs/react-dom-client.development.js:16583:35)
      at performWorkOnRootViaSchedulerTask (node_modules/react-dom/cjs/react-dom-client.development.js:18957:7)
      at flushActQueue (node_modules/react/cjs/react.development.js:590:34)
      at process.env.NODE_ENV.exports.act (node_modules/react/cjs/react.development.js:884:10)
      at node_modules/@testing-library/react/dist/act-compat.js:46:25
      at renderRoot (node_modules/@testing-library/react/dist/pure.js:189:26)
      at render (node_modules/@testing-library/react/dist/pure.js:291:10)
      at Object.<anonymous> (src/components/ProjectEditor/ProjectEditor.test.tsx:21:11)

  ● ProjectEditor › renders avatar section

    Element type is invalid: expected a string (for built-in components) or a class/function (for composite components) but got: undefined. You likely forgot to export your component from the file it's defined in, or you might have mixed up default and named imports.

    Check the render method of `ProjectEditor`.

      24 |
      25 |   it('renders avatar section', () => {
    > 26 |     render(<ProjectEditor />);
         |           ^
      27 |     expect(screen.getByText('AI Avatar')).toBeInTheDocument();
      28 |   });
      29 |

      at createFiberFromTypeAndProps (node_modules/react-dom/cjs/react-dom-client.development.js:5021:28)
      at createFiberFromElement (node_modules/react-dom/cjs/react-dom-client.development.js:5035:14)
      at createChild (node_modules/react-dom/cjs/react-dom-client.development.js:6338:26)
      at reconcileChildrenArray (node_modules/react-dom/cjs/react-dom-client.development.js:6670:25)
      at reconcileChildFibersImpl (node_modules/react-dom/cjs/react-dom-client.development.js:6993:30)
      at node_modules/react-dom/cjs/react-dom-client.development.js:7098:33
      at reconcileChildren (node_modules/react-dom/cjs/react-dom-client.development.js:9701:13)
      at beginWork (node_modules/react-dom/cjs/react-dom-client.development.js:12049:13)
      at runWithFiberInDEV (node_modules/react-dom/cjs/react-dom-client.development.js:874:13)
      at performUnitOfWork (node_modules/react-dom/cjs/react-dom-client.development.js:17641:22)
      at workLoopSync (node_modules/react-dom/cjs/react-dom-client.development.js:17469:41)
      at renderRootSync (node_modules/react-dom/cjs/react-dom-client.development.js:17450:11)
      at performWorkOnRoot (node_modules/react-dom/cjs/react-dom-client.development.js:16583:35)
      at performWorkOnRootViaSchedulerTask (node_modules/react-dom/cjs/react-dom-client.development.js:18957:7)
      at flushActQueue (node_modules/react/cjs/react.development.js:590:34)
      at process.env.NODE_ENV.exports.act (node_modules/react/cjs/react.development.js:884:10)
      at node_modules/@testing-library/react/dist/act-compat.js:46:25
      at renderRoot (node_modules/@testing-library/react/dist/pure.js:189:26)
      at render (node_modules/@testing-library/react/dist/pure.js:291:10)
      at Object.<anonymous> (src/components/ProjectEditor/ProjectEditor.test.tsx:26:11)

  ● ProjectEditor › renders language select

    Element type is invalid: expected a string (for built-in components) or a class/function (for composite components) but got: undefined. You likely forgot to export your component from the file it's defined in, or you might have mixed up default and named imports.

    Check the render method of `ProjectEditor`.

      29 |
      30 |   it('renders language select', () => {
    > 31 |     render(<ProjectEditor />);
         |           ^
      32 |     expect(screen.getByLabelText('Language')).toBeInTheDocument();
      33 |   });
      34 |

      at createFiberFromTypeAndProps (node_modules/react-dom/cjs/react-dom-client.development.js:5021:28)
      at createFiberFromElement (node_modules/react-dom/cjs/react-dom-client.development.js:5035:14)
      at createChild (node_modules/react-dom/cjs/react-dom-client.development.js:6338:26)
      at reconcileChildrenArray (node_modules/react-dom/cjs/react-dom-client.development.js:6670:25)
      at reconcileChildFibersImpl (node_modules/react-dom/cjs/react-dom-client.development.js:6993:30)
      at node_modules/react-dom/cjs/react-dom-client.development.js:7098:33
      at reconcileChildren (node_modules/react-dom/cjs/react-dom-client.development.js:9701:13)
      at beginWork (node_modules/react-dom/cjs/react-dom-client.development.js:12049:13)
      at runWithFiberInDEV (node_modules/react-dom/cjs/react-dom-client.development.js:874:13)
      at performUnitOfWork (node_modules/react-dom/cjs/react-dom-client.development.js:17641:22)
      at workLoopSync (node_modules/react-dom/cjs/react-dom-client.development.js:17469:41)
      at renderRootSync (node_modules/react-dom/cjs/react-dom-client.development.js:17450:11)
      at performWorkOnRoot (node_modules/react-dom/cjs/react-dom-client.development.js:16583:35)
      at performWorkOnRootViaSchedulerTask (node_modules/react-dom/cjs/react-dom-client.development.js:18957:7)
      at flushActQueue (node_modules/react/cjs/react.development.js:590:34)
      at process.env.NODE_ENV.exports.act (node_modules/react/cjs/react.development.js:884:10)
      at node_modules/@testing-library/react/dist/act-compat.js:46:25
      at renderRoot (node_modules/@testing-library/react/dist/pure.js:189:26)
      at render (node_modules/@testing-library/react/dist/pure.js:291:10)
      at Object.<anonymous> (src/components/ProjectEditor/ProjectEditor.test.tsx:31:11)

  ● ProjectEditor › renders save button

    Element type is invalid: expected a string (for built-in components) or a class/function (for composite components) but got: undefined. You likely forgot to export your component from the file it's defined in, or you might have mixed up default and named imports.

    Check the render method of `ProjectEditor`.

      34 |
      35 |   it('renders save button', () => {
    > 36 |     render(<ProjectEditor />);
         |           ^
      37 |     expect(screen.getByText('Save changes')).toBeInTheDocument();
      38 |   });
      39 | });

      at createFiberFromTypeAndProps (node_modules/react-dom/cjs/react-dom-client.development.js:5021:28)
      at createFiberFromElement (node_modules/react-dom/cjs/react-dom-client.development.js:5035:14)
      at createChild (node_modules/react-dom/cjs/react-dom-client.development.js:6338:26)
      at reconcileChildrenArray (node_modules/react-dom/cjs/react-dom-client.development.js:6670:25)
      at reconcileChildFibersImpl (node_modules/react-dom/cjs/react-dom-client.development.js:6993:30)
      at node_modules/react-dom/cjs/react-dom-client.development.js:7098:33
      at reconcileChildren (node_modules/react-dom/cjs/react-dom-client.development.js:9701:13)
      at beginWork (node_modules/react-dom/cjs/react-dom-client.development.js:12049:13)
      at runWithFiberInDEV (node_modules/react-dom/cjs/react-dom-client.development.js:874:13)
      at performUnitOfWork (node_modules/react-dom/cjs/react-dom-client.development.js:17641:22)
      at workLoopSync (node_modules/react-dom/cjs/react-dom-client.development.js:17469:41)
      at renderRootSync (node_modules/react-dom/cjs/react-dom-client.development.js:17450:11)
      at performWorkOnRoot (node_modules/react-dom/cjs/react-dom-client.development.js:16583:35)
      at performWorkOnRootViaSchedulerTask (node_modules/react-dom/cjs/react-dom-client.development.js:18957:7)
      at flushActQueue (node_modules/react/cjs/react.development.js:590:34)
      at process.env.NODE_ENV.exports.act (node_modules/react/cjs/react.development.js:884:10)
      at node_modules/@testing-library/react/dist/act-compat.js:46:25
      at renderRoot (node_modules/@testing-library/react/dist/pure.js:189:26)
      at render (node_modules/@testing-library/react/dist/pure.js:291:10)
      at Object.<anonymous> (src/components/ProjectEditor/ProjectEditor.test.tsx:36:11)

FAIL src/components/Wizard/variants/MagicWizard.test.tsx
  ● MagicWizard › renders magic wizard title

    Element type is invalid: expected a string (for built-in components) or a class/function (for composite components) but got: undefined. You likely forgot to export your component from the file it's defined in, or you might have mixed up default and named imports.

    Check the render method of `MagicWizard`.

      26 |
      27 |   it('renders magic wizard title', () => {
    > 28 |     render(<MagicWizard />);
         |           ^
      29 |     expect(screen.getByText('Magic Content Importer')).toBeInTheDocument();
      30 |   });
      31 |

      at createFiberFromTypeAndProps (node_modules/react-dom/cjs/react-dom-client.development.js:5021:28)
      at createFiberFromElement (node_modules/react-dom/cjs/react-dom-client.development.js:5035:14)
      at createChild (node_modules/react-dom/cjs/react-dom-client.development.js:6338:26)
      at reconcileChildrenArray (node_modules/react-dom/cjs/react-dom-client.development.js:6670:25)
      at reconcileChildFibersImpl (node_modules/react-dom/cjs/react-dom-client.development.js:6993:30)
      at node_modules/react-dom/cjs/react-dom-client.development.js:7098:33
      at reconcileChildren (node_modules/react-dom/cjs/react-dom-client.development.js:9701:13)
      at beginWork (node_modules/react-dom/cjs/react-dom-client.development.js:12049:13)
      at runWithFiberInDEV (node_modules/react-dom/cjs/react-dom-client.development.js:874:13)
      at performUnitOfWork (node_modules/react-dom/cjs/react-dom-client.development.js:17641:22)
      at workLoopSync (node_modules/react-dom/cjs/react-dom-client.development.js:17469:41)
      at renderRootSync (node_modules/react-dom/cjs/react-dom-client.development.js:17450:11)
      at performWorkOnRoot (node_modules/react-dom/cjs/react-dom-client.development.js:16583:35)
      at performWorkOnRootViaSchedulerTask (node_modules/react-dom/cjs/react-dom-client.development.js:18957:7)
      at flushActQueue (node_modules/react/cjs/react.development.js:590:34)
      at process.env.NODE_ENV.exports.act (node_modules/react/cjs/react.development.js:884:10)
      at node_modules/@testing-library/react/dist/act-compat.js:46:25
      at renderRoot (node_modules/@testing-library/react/dist/pure.js:189:26)
      at render (node_modules/@testing-library/react/dist/pure.js:291:10)
      at Object.<anonymous> (src/components/Wizard/variants/MagicWizard.test.tsx:28:11)

  ● MagicWizard › renders upload zone

    Element type is invalid: expected a string (for built-in components) or a class/function (for composite components) but got: undefined. You likely forgot to export your component from the file it's defined in, or you might have mixed up default and named imports.

    Check the render method of `MagicWizard`.

      31 |
      32 |   it('renders upload zone', () => {
    > 33 |     render(<MagicWizard />);
         |           ^
      34 |     expect(screen.getByText('Drag & Drop to Start')).toBeInTheDocument();
      35 |   });
      36 |

      at createFiberFromTypeAndProps (node_modules/react-dom/cjs/react-dom-client.development.js:5021:28)
      at createFiberFromElement (node_modules/react-dom/cjs/react-dom-client.development.js:5035:14)
      at createChild (node_modules/react-dom/cjs/react-dom-client.development.js:6338:26)
      at reconcileChildrenArray (node_modules/react-dom/cjs/react-dom-client.development.js:6670:25)
      at reconcileChildFibersImpl (node_modules/react-dom/cjs/react-dom-client.development.js:6993:30)
      at node_modules/react-dom/cjs/react-dom-client.development.js:7098:33
      at reconcileChildren (node_modules/react-dom/cjs/react-dom-client.development.js:9701:13)
      at beginWork (node_modules/react-dom/cjs/react-dom-client.development.js:12049:13)
      at runWithFiberInDEV (node_modules/react-dom/cjs/react-dom-client.development.js:874:13)
      at performUnitOfWork (node_modules/react-dom/cjs/react-dom-client.development.js:17641:22)
      at workLoopSync (node_modules/react-dom/cjs/react-dom-client.development.js:17469:41)
      at renderRootSync (node_modules/react-dom/cjs/react-dom-client.development.js:17450:11)
      at performWorkOnRoot (node_modules/react-dom/cjs/react-dom-client.development.js:16583:35)
      at performWorkOnRootViaSchedulerTask (node_modules/react-dom/cjs/react-dom-client.development.js:18957:7)
      at flushActQueue (node_modules/react/cjs/react.development.js:590:34)
      at process.env.NODE_ENV.exports.act (node_modules/react/cjs/react.development.js:884:10)
      at node_modules/@testing-library/react/dist/act-compat.js:46:25
      at renderRoot (node_modules/@testing-library/react/dist/pure.js:189:26)
      at render (node_modules/@testing-library/react/dist/pure.js:291:10)
      at Object.<anonymous> (src/components/Wizard/variants/MagicWizard.test.tsx:33:11)

  ● MagicWizard › renders source tabs

    Element type is invalid: expected a string (for built-in components) or a class/function (for composite components) but got: undefined. You likely forgot to export your component from the file it's defined in, or you might have mixed up default and named imports.

    Check the render method of `MagicWizard`.

      36 |
      37 |   it('renders source tabs', () => {
    > 38 |     render(<MagicWizard />);
         |           ^
      39 |     expect(screen.getByText('Upload File')).toBeInTheDocument();
      40 |     expect(screen.getByText('Import from URL')).toBeInTheDocument();
      41 |     expect(screen.getByText('YouTube Video')).toBeInTheDocument();

      at createFiberFromTypeAndProps (node_modules/react-dom/cjs/react-dom-client.development.js:5021:28)
      at createFiberFromElement (node_modules/react-dom/cjs/react-dom-client.development.js:5035:14)
      at createChild (node_modules/react-dom/cjs/react-dom-client.development.js:6338:26)
      at reconcileChildrenArray (node_modules/react-dom/cjs/react-dom-client.development.js:6670:25)
      at reconcileChildFibersImpl (node_modules/react-dom/cjs/react-dom-client.development.js:6993:30)
      at node_modules/react-dom/cjs/react-dom-client.development.js:7098:33
      at reconcileChildren (node_modules/react-dom/cjs/react-dom-client.development.js:9701:13)
      at beginWork (node_modules/react-dom/cjs/react-dom-client.development.js:12049:13)
      at runWithFiberInDEV (node_modules/react-dom/cjs/react-dom-client.development.js:874:13)
      at performUnitOfWork (node_modules/react-dom/cjs/react-dom-client.development.js:17641:22)
      at workLoopSync (node_modules/react-dom/cjs/react-dom-client.development.js:17469:41)
      at renderRootSync (node_modules/react-dom/cjs/react-dom-client.development.js:17450:11)
      at performWorkOnRoot (node_modules/react-dom/cjs/react-dom-client.development.js:16583:35)
      at performWorkOnRootViaSchedulerTask (node_modules/react-dom/cjs/react-dom-client.development.js:18957:7)
      at flushActQueue (node_modules/react/cjs/react.development.js:590:34)
      at process.env.NODE_ENV.exports.act (node_modules/react/cjs/react.development.js:884:10)
      at node_modules/@testing-library/react/dist/act-compat.js:46:25
      at renderRoot (node_modules/@testing-library/react/dist/pure.js:189:26)
      at render (node_modules/@testing-library/react/dist/pure.js:291:10)
      at Object.<anonymous> (src/components/Wizard/variants/MagicWizard.test.tsx:38:11)

  ● MagicWizard › renders browse button

    Element type is invalid: expected a string (for built-in components) or a class/function (for composite components) but got: undefined. You likely forgot to export your component from the file it's defined in, or you might have mixed up default and named imports.

    Check the render method of `MagicWizard`.

      43 |
      44 |   it('renders browse button', () => {
    > 45 |     render(<MagicWizard />);
         |           ^
      46 |     expect(screen.getByText('Browse Local Files')).toBeInTheDocument();
      47 |   });
      48 |

      at createFiberFromTypeAndProps (node_modules/react-dom/cjs/react-dom-client.development.js:5021:28)
      at createFiberFromElement (node_modules/react-dom/cjs/react-dom-client.development.js:5035:14)
      at createChild (node_modules/react-dom/cjs/react-dom-client.development.js:6338:26)
      at reconcileChildrenArray (node_modules/react-dom/cjs/react-dom-client.development.js:6670:25)
      at reconcileChildFibersImpl (node_modules/react-dom/cjs/react-dom-client.development.js:6993:30)
      at node_modules/react-dom/cjs/react-dom-client.development.js:7098:33
      at reconcileChildren (node_modules/react-dom/cjs/react-dom-client.development.js:9701:13)
      at beginWork (node_modules/react-dom/cjs/react-dom-client.development.js:12049:13)
      at runWithFiberInDEV (node_modules/react-dom/cjs/react-dom-client.development.js:874:13)
      at performUnitOfWork (node_modules/react-dom/cjs/react-dom-client.development.js:17641:22)
      at workLoopSync (node_modules/react-dom/cjs/react-dom-client.development.js:17469:41)
      at renderRootSync (node_modules/react-dom/cjs/react-dom-client.development.js:17450:11)
      at performWorkOnRoot (node_modules/react-dom/cjs/react-dom-client.development.js:16583:35)
      at performWorkOnRootViaSchedulerTask (node_modules/react-dom/cjs/react-dom-client.development.js:18957:7)
      at flushActQueue (node_modules/react/cjs/react.development.js:590:34)
      at process.env.NODE_ENV.exports.act (node_modules/react/cjs/react.development.js:884:10)
      at node_modules/@testing-library/react/dist/act-compat.js:46:25
      at renderRoot (node_modules/@testing-library/react/dist/pure.js:189:26)
      at render (node_modules/@testing-library/react/dist/pure.js:291:10)
      at Object.<anonymous> (src/components/Wizard/variants/MagicWizard.test.tsx:45:11)

  ● MagicWizard › renders URL input section

    Element type is invalid: expected a string (for built-in components) or a class/function (for composite components) but got: undefined. You likely forgot to export your component from the file it's defined in, or you might have mixed up default and named imports.

    Check the render method of `MagicWizard`.

      48 |
      49 |   it('renders URL input section', () => {
    > 50 |     render(<MagicWizard />);
         |           ^
      51 |     expect(screen.getByPlaceholderText('Paste a website URL or Google Drive link...')).toBeInTheDocument();
      52 |   });
      53 |

      at createFiberFromTypeAndProps (node_modules/react-dom/cjs/react-dom-client.development.js:5021:28)
      at createFiberFromElement (node_modules/react-dom/cjs/react-dom-client.development.js:5035:14)
      at createChild (node_modules/react-dom/cjs/react-dom-client.development.js:6338:26)
      at reconcileChildrenArray (node_modules/react-dom/cjs/react-dom-client.development.js:6670:25)
      at reconcileChildFibersImpl (node_modules/react-dom/cjs/react-dom-client.development.js:6993:30)
      at node_modules/react-dom/cjs/react-dom-client.development.js:7098:33
      at reconcileChildren (node_modules/react-dom/cjs/react-dom-client.development.js:9701:13)
      at beginWork (node_modules/react-dom/cjs/react-dom-client.development.js:12049:13)
      at runWithFiberInDEV (node_modules/react-dom/cjs/react-dom-client.development.js:874:13)
      at performUnitOfWork (node_modules/react-dom/cjs/react-dom-client.development.js:17641:22)
      at workLoopSync (node_modules/react-dom/cjs/react-dom-client.development.js:17469:41)
      at renderRootSync (node_modules/react-dom/cjs/react-dom-client.development.js:17450:11)
      at performWorkOnRoot (node_modules/react-dom/cjs/react-dom-client.development.js:16583:35)
      at performWorkOnRootViaSchedulerTask (node_modules/react-dom/cjs/react-dom-client.development.js:18957:7)
      at flushActQueue (node_modules/react/cjs/react.development.js:590:34)
      at process.env.NODE_ENV.exports.act (node_modules/react/cjs/react.development.js:884:10)
      at node_modules/@testing-library/react/dist/act-compat.js:46:25
      at renderRoot (node_modules/@testing-library/react/dist/pure.js:189:26)
      at render (node_modules/@testing-library/react/dist/pure.js:291:10)
      at Object.<anonymous> (src/components/Wizard/variants/MagicWizard.test.tsx:50:11)

  ● MagicWizard › shows file input on browse click

    Element type is invalid: expected a string (for built-in components) or a class/function (for composite components) but got: undefined. You likely forgot to export your component from the file it's defined in, or you might have mixed up default and named imports.

    Check the render method of `MagicWizard`.

      53 |
      54 |   it('shows file input on browse click', () => {
    > 55 |     render(<MagicWizard />);
         |           ^
      56 |     const input = document.querySelector('input[type="file"]') as HTMLInputElement;
      57 |     expect(input).not.toBeNull();
      58 |   });

      at createFiberFromTypeAndProps (node_modules/react-dom/cjs/react-dom-client.development.js:5021:28)
      at createFiberFromElement (node_modules/react-dom/cjs/react-dom-client.development.js:5035:14)
      at createChild (node_modules/react-dom/cjs/react-dom-client.development.js:6338:26)
      at reconcileChildrenArray (node_modules/react-dom/cjs/react-dom-client.development.js:6670:25)
      at reconcileChildFibersImpl (node_modules/react-dom/cjs/react-dom-client.development.js:6993:30)
      at node_modules/react-dom/cjs/react-dom-client.development.js:7098:33
      at reconcileChildren (node_modules/react-dom/cjs/react-dom-client.development.js:9701:13)
      at beginWork (node_modules/react-dom/cjs/react-dom-client.development.js:12049:13)
      at runWithFiberInDEV (node_modules/react-dom/cjs/react-dom-client.development.js:874:13)
      at performUnitOfWork (node_modules/react-dom/cjs/react-dom-client.development.js:17641:22)
      at workLoopSync (node_modules/react-dom/cjs/react-dom-client.development.js:17469:41)
      at renderRootSync (node_modules/react-dom/cjs/react-dom-client.development.js:17450:11)
      at performWorkOnRoot (node_modules/react-dom/cjs/react-dom-client.development.js:16583:35)
      at performWorkOnRootViaSchedulerTask (node_modules/react-dom/cjs/react-dom-client.development.js:18957:7)
      at flushActQueue (node_modules/react/cjs/react.development.js:590:34)
      at process.env.NODE_ENV.exports.act (node_modules/react/cjs/react.development.js:884:10)
      at node_modules/@testing-library/react/dist/act-compat.js:46:25
      at renderRoot (node_modules/@testing-library/react/dist/pure.js:189:26)
      at render (node_modules/@testing-library/react/dist/pure.js:291:10)
      at Object.<anonymous> (src/components/Wizard/variants/MagicWizard.test.tsx:55:11)

FAIL src/components/TourBuilder/TourBuilder.test.tsx
  ● TourBuilder › renders nothing when builder mode is not active

    TypeError: useUIStore.mockReturnValue is not a function

      30 |   it('renders nothing when builder mode is not active', () => {
      31 |     const { useUIStore } = require('@/lib/store');
    > 32 |     useUIStore.mockReturnValue({ isBuilderModeActive: false });
         |                ^
      33 |     
      34 |     const { container } = render(<TourBuilder />);
      35 |     

      at Object.mockReturnValue (src/components/TourBuilder/TourBuilder.test.tsx:32:16)

  ● TourBuilder › renders overlay components when builder mode is active

    TypeError: useUIStore.mockReturnValue is not a function

      39 |   it('renders overlay components when builder mode is active', () => {
      40 |     const { useUIStore } = require('@/lib/store');
    > 41 |     useUIStore.mockReturnValue({ isBuilderModeActive: true });
         |                ^
      42 |     
      43 |     render(<TourBuilder />);
      44 |     

      at Object.mockReturnValue (src/components/TourBuilder/TourBuilder.test.tsx:41:16)

FAIL src/components/Onboarding/OnboardingGuide.test.tsx
  ● OnboardingGuide › renders the checklist widget when guide is open

    Element type is invalid: expected a string (for built-in components) or a class/function (for composite components) but got: undefined. You likely forgot to export your component from the file it's defined in, or you might have mixed up default and named imports.

    Check the render method of `OnboardingGuide`.

      50 |
      51 |   it('renders the checklist widget when guide is open', () => {
    > 52 |     render(<OnboardingGuide />);
         |           ^
      53 |
      54 |     expect(screen.getByText('Launch Checklist')).toBeInTheDocument();
      55 |   });

      at createFiberFromTypeAndProps (node_modules/react-dom/cjs/react-dom-client.development.js:5021:28)
      at createFiberFromElement (node_modules/react-dom/cjs/react-dom-client.development.js:5035:14)
      at createChild (node_modules/react-dom/cjs/react-dom-client.development.js:6338:26)
      at reconcileChildrenArray (node_modules/react-dom/cjs/react-dom-client.development.js:6670:25)
      at reconcileChildFibersImpl (node_modules/react-dom/cjs/react-dom-client.development.js:6993:30)
      at node_modules/react-dom/cjs/react-dom-client.development.js:7098:33
      at reconcileChildren (node_modules/react-dom/cjs/react-dom-client.development.js:9701:13)
      at beginWork (node_modules/react-dom/cjs/react-dom-client.development.js:12049:13)
      at runWithFiberInDEV (node_modules/react-dom/cjs/react-dom-client.development.js:874:13)
      at performUnitOfWork (node_modules/react-dom/cjs/react-dom-client.development.js:17641:22)
      at workLoopSync (node_modules/react-dom/cjs/react-dom-client.development.js:17469:41)
      at renderRootSync (node_modules/react-dom/cjs/react-dom-client.development.js:17450:11)
      at performWorkOnRoot (node_modules/react-dom/cjs/react-dom-client.development.js:16583:35)
      at performWorkOnRootViaSchedulerTask (node_modules/react-dom/cjs/react-dom-client.development.js:18957:7)
      at flushActQueue (node_modules/react/cjs/react.development.js:590:34)
      at process.env.NODE_ENV.exports.act (node_modules/react/cjs/react.development.js:884:10)
      at node_modules/@testing-library/react/dist/act-compat.js:46:25
      at renderRoot (node_modules/@testing-library/react/dist/pure.js:189:26)
      at render (node_modules/@testing-library/react/dist/pure.js:291:10)
      at Object.<anonymous> (src/components/Onboarding/OnboardingGuide.test.tsx:52:11)

  ● OnboardingGuide › renders onboarding steps

    Element type is invalid: expected a string (for built-in components) or a class/function (for composite components) but got: undefined. You likely forgot to export your component from the file it's defined in, or you might have mixed up default and named imports.

    Check the render method of `OnboardingGuide`.

      56 |
      57 |   it('renders onboarding steps', () => {
    > 58 |     render(<OnboardingGuide />);
         |           ^
      59 |
      60 |     expect(screen.getByText('Test Step')).toBeInTheDocument();
      61 |   });

      at createFiberFromTypeAndProps (node_modules/react-dom/cjs/react-dom-client.development.js:5021:28)
      at createFiberFromElement (node_modules/react-dom/cjs/react-dom-client.development.js:5035:14)
      at createChild (node_modules/react-dom/cjs/react-dom-client.development.js:6338:26)
      at reconcileChildrenArray (node_modules/react-dom/cjs/react-dom-client.development.js:6670:25)
      at reconcileChildFibersImpl (node_modules/react-dom/cjs/react-dom-client.development.js:6993:30)
      at node_modules/react-dom/cjs/react-dom-client.development.js:7098:33
      at reconcileChildren (node_modules/react-dom/cjs/react-dom-client.development.js:9701:13)
      at beginWork (node_modules/react-dom/cjs/react-dom-client.development.js:12049:13)
      at runWithFiberInDEV (node_modules/react-dom/cjs/react-dom-client.development.js:874:13)
      at performUnitOfWork (node_modules/react-dom/cjs/react-dom-client.development.js:17641:22)
      at workLoopSync (node_modules/react-dom/cjs/react-dom-client.development.js:17469:41)
      at renderRootSync (node_modules/react-dom/cjs/react-dom-client.development.js:17450:11)
      at performWorkOnRoot (node_modules/react-dom/cjs/react-dom-client.development.js:16583:35)
      at performWorkOnRootViaSchedulerTask (node_modules/react-dom/cjs/react-dom-client.development.js:18957:7)
      at flushActQueue (node_modules/react/cjs/react.development.js:590:34)
      at process.env.NODE_ENV.exports.act (node_modules/react/cjs/react.development.js:884:10)
      at node_modules/@testing-library/react/dist/act-compat.js:46:25
      at renderRoot (node_modules/@testing-library/react/dist/pure.js:189:26)
      at render (node_modules/@testing-library/react/dist/pure.js:291:10)
      at Object.<anonymous> (src/components/Onboarding/OnboardingGuide.test.tsx:58:11)

  ● OnboardingGuide › displays progress indicator

    Element type is invalid: expected a string (for built-in components) or a class/function (for composite components) but got: undefined. You likely forgot to export your component from the file it's defined in, or you might have mixed up default and named imports.

    Check the render method of `OnboardingGuide`.

      62 |
      63 |   it('displays progress indicator', () => {
    > 64 |     render(<OnboardingGuide />);
         |           ^
      65 |
      66 |     expect(screen.getByText(/0\/1/)).toBeInTheDocument();
      67 |   });

      at createFiberFromTypeAndProps (node_modules/react-dom/cjs/react-dom-client.development.js:5021:28)
      at createFiberFromElement (node_modules/react-dom/cjs/react-dom-client.development.js:5035:14)
      at createChild (node_modules/react-dom/cjs/react-dom-client.development.js:6338:26)
      at reconcileChildrenArray (node_modules/react-dom/cjs/react-dom-client.development.js:6670:25)
      at reconcileChildFibersImpl (node_modules/react-dom/cjs/react-dom-client.development.js:6993:30)
      at node_modules/react-dom/cjs/react-dom-client.development.js:7098:33
      at reconcileChildren (node_modules/react-dom/cjs/react-dom-client.development.js:9701:13)
      at beginWork (node_modules/react-dom/cjs/react-dom-client.development.js:12049:13)
      at runWithFiberInDEV (node_modules/react-dom/cjs/react-dom-client.development.js:874:13)
      at performUnitOfWork (node_modules/react-dom/cjs/react-dom-client.development.js:17641:22)
      at workLoopSync (node_modules/react-dom/cjs/react-dom-client.development.js:17469:41)
      at renderRootSync (node_modules/react-dom/cjs/react-dom-client.development.js:17450:11)
      at performWorkOnRoot (node_modules/react-dom/cjs/react-dom-client.development.js:16583:35)
      at performWorkOnRootViaSchedulerTask (node_modules/react-dom/cjs/react-dom-client.development.js:18957:7)
      at flushActQueue (node_modules/react/cjs/react.development.js:590:34)
      at process.env.NODE_ENV.exports.act (node_modules/react/cjs/react.development.js:884:10)
      at node_modules/@testing-library/react/dist/act-compat.js:46:25
      at renderRoot (node_modules/@testing-library/react/dist/pure.js:189:26)
      at render (node_modules/@testing-library/react/dist/pure.js:291:10)
      at Object.<anonymous> (src/components/Onboarding/OnboardingGuide.test.tsx:64:11)

  ● OnboardingGuide › renders the reward badge

    Element type is invalid: expected a string (for built-in components) or a class/function (for composite components) but got: undefined. You likely forgot to export your component from the file it's defined in, or you might have mixed up default and named imports.

    Check the render method of `OnboardingGuide`.

      68 |
      69 |   it('renders the reward badge', () => {
    > 70 |     render(<OnboardingGuide />);
         |           ^
      71 |
      72 |     expect(screen.getByText('+5 AI min reward')).toBeInTheDocument();
      73 |   });

      at createFiberFromTypeAndProps (node_modules/react-dom/cjs/react-dom-client.development.js:5021:28)
      at createFiberFromElement (node_modules/react-dom/cjs/react-dom-client.development.js:5035:14)
      at createChild (node_modules/react-dom/cjs/react-dom-client.development.js:6338:26)
      at reconcileChildrenArray (node_modules/react-dom/cjs/react-dom-client.development.js:6670:25)
      at reconcileChildFibersImpl (node_modules/react-dom/cjs/react-dom-client.development.js:6993:30)
      at node_modules/react-dom/cjs/react-dom-client.development.js:7098:33
      at reconcileChildren (node_modules/react-dom/cjs/react-dom-client.development.js:9701:13)
      at beginWork (node_modules/react-dom/cjs/react-dom-client.development.js:12049:13)
      at runWithFiberInDEV (node_modules/react-dom/cjs/react-dom-client.development.js:874:13)
      at performUnitOfWork (node_modules/react-dom/cjs/react-dom-client.development.js:17641:22)
      at workLoopSync (node_modules/react-dom/cjs/react-dom-client.development.js:17469:41)
      at renderRootSync (node_modules/react-dom/cjs/react-dom-client.development.js:17450:11)
      at performWorkOnRoot (node_modules/react-dom/cjs/react-dom-client.development.js:16583:35)
      at performWorkOnRootViaSchedulerTask (node_modules/react-dom/cjs/react-dom-client.development.js:18957:7)
      at flushActQueue (node_modules/react/cjs/react.development.js:590:34)
      at process.env.NODE_ENV.exports.act (node_modules/react/cjs/react.development.js:884:10)
      at node_modules/@testing-library/react/dist/act-compat.js:46:25
      at renderRoot (node_modules/@testing-library/react/dist/pure.js:189:26)
      at render (node_modules/@testing-library/react/dist/pure.js:291:10)
      at Object.<anonymous> (src/components/Onboarding/OnboardingGuide.test.tsx:70:11)

  ● OnboardingGuide › minimizes widget when minimize button is clicked

    TypeError: useUIStore.mockReturnValue is not a function

      76 |     const setGuideMinimized = jest.fn();
      77 |     const { useUIStore } = require('@/lib/store');
    > 78 |     useUIStore.mockReturnValue({
         |                ^
      79 |       isGuideOpen: true,
      80 |       isGuideMinimized: false,
      81 |       setGuideMinimized,

      at Object.mockReturnValue (src/components/Onboarding/OnboardingGuide.test.tsx:78:16)

FAIL src/components/Sidebar/Sidebar.test.tsx
  ● Sidebar › renders logo

    Element type is invalid: expected a string (for built-in components) or a class/function (for composite components) but got: undefined. You likely forgot to export your component from the file it's defined in, or you might have mixed up default and named imports.

    Check the render method of `Sidebar`.

      14 |
      15 |   it('renders logo', () => {
    > 16 |     render(<Sidebar />);
         |           ^
      17 |     expect(screen.getByText('PITCH AVATAR')).toBeInTheDocument();
      18 |   });
      19 |

      at createFiberFromTypeAndProps (node_modules/react-dom/cjs/react-dom-client.development.js:5021:28)
      at createFiberFromElement (node_modules/react-dom/cjs/react-dom-client.development.js:5035:14)
      at reconcileChildFibersImpl (node_modules/react-dom/cjs/react-dom-client.development.js:6920:31)
      at node_modules/react-dom/cjs/react-dom-client.development.js:7098:33
      at reconcileChildren (node_modules/react-dom/cjs/react-dom-client.development.js:9701:13)
      at beginWork (node_modules/react-dom/cjs/react-dom-client.development.js:12049:13)
      at runWithFiberInDEV (node_modules/react-dom/cjs/react-dom-client.development.js:874:13)
      at performUnitOfWork (node_modules/react-dom/cjs/react-dom-client.development.js:17641:22)
      at workLoopSync (node_modules/react-dom/cjs/react-dom-client.development.js:17469:41)
      at renderRootSync (node_modules/react-dom/cjs/react-dom-client.development.js:17450:11)
      at performWorkOnRoot (node_modules/react-dom/cjs/react-dom-client.development.js:16583:35)
      at performWorkOnRootViaSchedulerTask (node_modules/react-dom/cjs/react-dom-client.development.js:18957:7)
      at flushActQueue (node_modules/react/cjs/react.development.js:590:34)
      at process.env.NODE_ENV.exports.act (node_modules/react/cjs/react.development.js:884:10)
      at node_modules/@testing-library/react/dist/act-compat.js:46:25
      at renderRoot (node_modules/@testing-library/react/dist/pure.js:189:26)
      at render (node_modules/@testing-library/react/dist/pure.js:291:10)
      at Object.<anonymous> (src/components/Sidebar/Sidebar.test.tsx:16:11)

  ● Sidebar › renders navigation items

    Element type is invalid: expected a string (for built-in components) or a class/function (for composite components) but got: undefined. You likely forgot to export your component from the file it's defined in, or you might have mixed up default and named imports.

    Check the render method of `Sidebar`.

      19 |
      20 |   it('renders navigation items', () => {
    > 21 |     render(<Sidebar />);
         |           ^
      22 |     expect(screen.getByText('Dashboard')).toBeInTheDocument();
      23 |     expect(screen.getByText('Projects')).toBeInTheDocument();
      24 |     expect(screen.getByText('Avatar Roles')).toBeInTheDocument();

      at createFiberFromTypeAndProps (node_modules/react-dom/cjs/react-dom-client.development.js:5021:28)
      at createFiberFromElement (node_modules/react-dom/cjs/react-dom-client.development.js:5035:14)
      at reconcileChildFibersImpl (node_modules/react-dom/cjs/react-dom-client.development.js:6920:31)
      at node_modules/react-dom/cjs/react-dom-client.development.js:7098:33
      at reconcileChildren (node_modules/react-dom/cjs/react-dom-client.development.js:9701:13)
      at beginWork (node_modules/react-dom/cjs/react-dom-client.development.js:12049:13)
      at runWithFiberInDEV (node_modules/react-dom/cjs/react-dom-client.development.js:874:13)
      at performUnitOfWork (node_modules/react-dom/cjs/react-dom-client.development.js:17641:22)
      at workLoopSync (node_modules/react-dom/cjs/react-dom-client.development.js:17469:41)
      at renderRootSync (node_modules/react-dom/cjs/react-dom-client.development.js:17450:11)
      at performWorkOnRoot (node_modules/react-dom/cjs/react-dom-client.development.js:16583:35)
      at performWorkOnRootViaSchedulerTask (node_modules/react-dom/cjs/react-dom-client.development.js:18957:7)
      at flushActQueue (node_modules/react/cjs/react.development.js:590:34)
      at process.env.NODE_ENV.exports.act (node_modules/react/cjs/react.development.js:884:10)
      at node_modules/@testing-library/react/dist/act-compat.js:46:25
      at renderRoot (node_modules/@testing-library/react/dist/pure.js:189:26)
      at render (node_modules/@testing-library/react/dist/pure.js:291:10)
      at Object.<anonymous> (src/components/Sidebar/Sidebar.test.tsx:21:11)

  ● Sidebar › renders upgrade button

    Element type is invalid: expected a string (for built-in components) or a class/function (for composite components) but got: undefined. You likely forgot to export your component from the file it's defined in, or you might have mixed up default and named imports.

    Check the render method of `Sidebar`.

      26 |
      27 |   it('renders upgrade button', () => {
    > 28 |     render(<Sidebar />);
         |           ^
      29 |     expect(screen.getByText('Upgrade Plan')).toBeInTheDocument();
      30 |   });
      31 |

      at createFiberFromTypeAndProps (node_modules/react-dom/cjs/react-dom-client.development.js:5021:28)
      at createFiberFromElement (node_modules/react-dom/cjs/react-dom-client.development.js:5035:14)
      at reconcileChildFibersImpl (node_modules/react-dom/cjs/react-dom-client.development.js:6920:31)
      at node_modules/react-dom/cjs/react-dom-client.development.js:7098:33
      at reconcileChildren (node_modules/react-dom/cjs/react-dom-client.development.js:9701:13)
      at beginWork (node_modules/react-dom/cjs/react-dom-client.development.js:12049:13)
      at runWithFiberInDEV (node_modules/react-dom/cjs/react-dom-client.development.js:874:13)
      at performUnitOfWork (node_modules/react-dom/cjs/react-dom-client.development.js:17641:22)
      at workLoopSync (node_modules/react-dom/cjs/react-dom-client.development.js:17469:41)
      at renderRootSync (node_modules/react-dom/cjs/react-dom-client.development.js:17450:11)
      at performWorkOnRoot (node_modules/react-dom/cjs/react-dom-client.development.js:16583:35)
      at performWorkOnRootViaSchedulerTask (node_modules/react-dom/cjs/react-dom-client.development.js:18957:7)
      at flushActQueue (node_modules/react/cjs/react.development.js:590:34)
      at process.env.NODE_ENV.exports.act (node_modules/react/cjs/react.development.js:884:10)
      at node_modules/@testing-library/react/dist/act-compat.js:46:25
      at renderRoot (node_modules/@testing-library/react/dist/pure.js:189:26)
      at render (node_modules/@testing-library/react/dist/pure.js:291:10)
      at Object.<anonymous> (src/components/Sidebar/Sidebar.test.tsx:28:11)

  ● Sidebar › highlights active route

    Element type is invalid: expected a string (for built-in components) or a class/function (for composite components) but got: undefined. You likely forgot to export your component from the file it's defined in, or you might have mixed up default and named imports.

    Check the render method of `Sidebar`.

      31 |
      32 |   it('highlights active route', () => {
    > 33 |     render(<Sidebar />);
         |           ^
      34 |     const dashboardLink = screen.getByText('Dashboard').closest('a');
      35 |     expect(dashboardLink).toHaveClass('active');
      36 |   });

      at createFiberFromTypeAndProps (node_modules/react-dom/cjs/react-dom-client.development.js:5021:28)
      at createFiberFromElement (node_modules/react-dom/cjs/react-dom-client.development.js:5035:14)
      at reconcileChildFibersImpl (node_modules/react-dom/cjs/react-dom-client.development.js:6920:31)
      at node_modules/react-dom/cjs/react-dom-client.development.js:7098:33
      at reconcileChildren (node_modules/react-dom/cjs/react-dom-client.development.js:9701:13)
      at beginWork (node_modules/react-dom/cjs/react-dom-client.development.js:12049:13)
      at runWithFiberInDEV (node_modules/react-dom/cjs/react-dom-client.development.js:874:13)
      at performUnitOfWork (node_modules/react-dom/cjs/react-dom-client.development.js:17641:22)
      at workLoopSync (node_modules/react-dom/cjs/react-dom-client.development.js:17469:41)
      at renderRootSync (node_modules/react-dom/cjs/react-dom-client.development.js:17450:11)
      at performWorkOnRoot (node_modules/react-dom/cjs/react-dom-client.development.js:16583:35)
      at performWorkOnRootViaSchedulerTask (node_modules/react-dom/cjs/react-dom-client.development.js:18957:7)
      at flushActQueue (node_modules/react/cjs/react.development.js:590:34)
      at process.env.NODE_ENV.exports.act (node_modules/react/cjs/react.development.js:884:10)
      at node_modules/@testing-library/react/dist/act-compat.js:46:25
      at renderRoot (node_modules/@testing-library/react/dist/pure.js:189:26)
      at render (node_modules/@testing-library/react/dist/pure.js:291:10)
      at Object.<anonymous> (src/components/Sidebar/Sidebar.test.tsx:33:11)

FAIL src/components/ui/Toast.test.tsx
  ● Toast › renders error icon

    TestingLibraryElementError: Found multiple elements with the text: ✕

    Here are the matching elements:

    Ignored nodes: comments, script, style
    [36m<span[39m
      [33mclass[39m=[32m"icon"[39m
    [36m>[39m
      [0m✕[0m
    [36m</span>[39m

    Ignored nodes: comments, script, style
    [36m<button[39m
      [33maria-label[39m=[32m"Close notification"[39m
      [33mclass[39m=[32m"closeBtn"[39m
    [36m>[39m
      [0m✕[0m
    [36m</button>[39m

    (If this is intentional, then use the `*AllBy*` variant of the query (like `queryAllByText`, `getAllByText`, or `findAllByText`)).

    Ignored nodes: comments, script, style
    [36m<body>[39m
      [36m<div>[39m
        [36m<div[39m
          [33mclass[39m=[32m"toast error"[39m
          [33mrole[39m=[32m"alert"[39m
        [36m>[39m
          [36m<span[39m
            [33mclass[39m=[32m"icon"[39m
          [36m>[39m
            [0m✕[0m
          [36m</span>[39m
          [36m<span[39m
            [33mclass[39m=[32m"message"[39m
          [36m>[39m
            [0mTest message[0m
          [36m</span>[39m
          [36m<button[39m
            [33maria-label[39m=[32m"Close notification"[39m
            [33mclass[39m=[32m"closeBtn"[39m
          [36m>[39m
            [0m✕[0m
          [36m</button>[39m
        [36m</div>[39m
      [36m</div>[39m
    [36m</body>[39m

      27 |     render(<Toast message="Test message" type="error" onClose={jest.fn()} />);
      28 |
    > 29 |     expect(screen.getByText('✕')).toBeInTheDocument();
         |                   ^
      30 |   });
      31 |
      32 |   it('renders info icon', () => {

      at Object.getElementError (node_modules/@testing-library/dom/dist/config.js:37:19)
      at getElementError (node_modules/@testing-library/dom/dist/query-helpers.js:20:35)
      at getMultipleElementsFoundError (node_modules/@testing-library/dom/dist/query-helpers.js:23:10)
      at node_modules/@testing-library/dom/dist/query-helpers.js:55:13
      at node_modules/@testing-library/dom/dist/query-helpers.js:95:19
      at Object.getByText (src/components/ui/Toast.test.tsx:29:19)

FAIL src/lib/store.test.ts
  ● useUIStore › OnboardingGuide › opens guide

    expect(received).toBe(expected) // Object.is equality

    Expected: false
    Received: true

      34 |       useUIStore.getState().openGuide();
      35 |       expect(useUIStore.getState().isGuideOpen).toBe(true);
    > 36 |       expect(useUIStore.getState().isGuideMinimized).toBe(false);
         |                                                      ^
      37 |     });
      38 |
      39 |     it('closes guide', () => {

      at Object.toBe (src/lib/store.test.ts:36:54)

FAIL src/lib/auth-guard.test.ts
  ● Test suite failed to run

    ReferenceError: Request is not defined

      18 |
      19 |   return null;
    > 20 | }
         |  ^
      21 |
      22 | export async function getAuthenticatedUser(request: Request) {
      23 |   const authHeader = request.headers.get('Authorization');

      at Object.Request (node_modules/next/src/server/web/spec-extension/request.ts:14:34)
      at Object.<anonymous> (node_modules/next/server.js:2:16)
      at Object.<anonymous> (src/lib/auth-guard.ts:20:17)
      at Object.<anonymous> (src/lib/auth-guard.test.ts:12:60)

FAIL src/components/Wizard/WizardChat.test.tsx
  ● WizardChat › renders FAB initially

    Element type is invalid: expected a string (for built-in components) or a class/function (for composite components) but got: undefined. You likely forgot to export your component from the file it's defined in, or you might have mixed up default and named imports.

    Check the render method of `WizardChat`.

      21 |
      22 |   it('renders FAB initially', () => {
    > 23 |     render(<WizardChat {...defaultProps} />);
         |           ^
      24 |     expect(screen.getByLabelText('Open AI assistant')).toBeInTheDocument();
      25 |   });
      26 |

      at createFiberFromTypeAndProps (node_modules/react-dom/cjs/react-dom-client.development.js:5021:28)
      at createFiberFromElement (node_modules/react-dom/cjs/react-dom-client.development.js:5035:14)
      at reconcileChildFibersImpl (node_modules/react-dom/cjs/react-dom-client.development.js:6920:31)
      at node_modules/react-dom/cjs/react-dom-client.development.js:7098:33
      at reconcileChildren (node_modules/react-dom/cjs/react-dom-client.development.js:9701:13)
      at beginWork (node_modules/react-dom/cjs/react-dom-client.development.js:12049:13)
      at runWithFiberInDEV (node_modules/react-dom/cjs/react-dom-client.development.js:874:13)
      at performUnitOfWork (node_modules/react-dom/cjs/react-dom-client.development.js:17641:22)
      at workLoopSync (node_modules/react-dom/cjs/react-dom-client.development.js:17469:41)
      at renderRootSync (node_modules/react-dom/cjs/react-dom-client.development.js:17450:11)
      at performWorkOnRoot (node_modules/react-dom/cjs/react-dom-client.development.js:16583:35)
      at performWorkOnRootViaSchedulerTask (node_modules/react-dom/cjs/react-dom-client.development.js:18957:7)
      at flushActQueue (node_modules/react/cjs/react.development.js:590:34)
      at process.env.NODE_ENV.exports.act (node_modules/react/cjs/react.development.js:884:10)
      at node_modules/@testing-library/react/dist/act-compat.js:46:25
      at renderRoot (node_modules/@testing-library/react/dist/pure.js:189:26)
      at render (node_modules/@testing-library/react/dist/pure.js:291:10)
      at Object.<anonymous> (src/components/Wizard/WizardChat.test.tsx:23:11)

  ● WizardChat › opens dialog when FAB clicked

    Element type is invalid: expected a string (for built-in components) or a class/function (for composite components) but got: undefined. You likely forgot to export your component from the file it's defined in, or you might have mixed up default and named imports.

    Check the render method of `WizardChat`.

      26 |
      27 |   it('opens dialog when FAB clicked', () => {
    > 28 |     render(<WizardChat {...defaultProps} />);
         |           ^
      29 |     fireEvent.click(screen.getByLabelText('Open AI assistant'));
      30 |     expect(screen.getByPlaceholderText('Ask Sara anything…')).toBeInTheDocument();
      31 |   });

      at createFiberFromTypeAndProps (node_modules/react-dom/cjs/react-dom-client.development.js:5021:28)
      at createFiberFromElement (node_modules/react-dom/cjs/react-dom-client.development.js:5035:14)
      at reconcileChildFibersImpl (node_modules/react-dom/cjs/react-dom-client.development.js:6920:31)
      at node_modules/react-dom/cjs/react-dom-client.development.js:7098:33
      at reconcileChildren (node_modules/react-dom/cjs/react-dom-client.development.js:9701:13)
      at beginWork (node_modules/react-dom/cjs/react-dom-client.development.js:12049:13)
      at runWithFiberInDEV (node_modules/react-dom/cjs/react-dom-client.development.js:874:13)
      at performUnitOfWork (node_modules/react-dom/cjs/react-dom-client.development.js:17641:22)
      at workLoopSync (node_modules/react-dom/cjs/react-dom-client.development.js:17469:41)
      at renderRootSync (node_modules/react-dom/cjs/react-dom-client.development.js:17450:11)
      at performWorkOnRoot (node_modules/react-dom/cjs/react-dom-client.development.js:16583:35)
      at performWorkOnRootViaSchedulerTask (node_modules/react-dom/cjs/react-dom-client.development.js:18957:7)
      at flushActQueue (node_modules/react/cjs/react.development.js:590:34)
      at process.env.NODE_ENV.exports.act (node_modules/react/cjs/react.development.js:884:10)
      at node_modules/@testing-library/react/dist/act-compat.js:46:25
      at renderRoot (node_modules/@testing-library/react/dist/pure.js:189:26)
      at render (node_modules/@testing-library/react/dist/pure.js:291:10)
      at Object.<anonymous> (src/components/Wizard/WizardChat.test.tsx:28:11)

  ● WizardChat › displays hint message when opened

    Element type is invalid: expected a string (for built-in components) or a class/function (for composite components) but got: undefined. You likely forgot to export your component from the file it's defined in, or you might have mixed up default and named imports.

    Check the render method of `WizardChat`.

      32 |
      33 |   it('displays hint message when opened', () => {
    > 34 |     render(<WizardChat {...defaultProps} />);
         |           ^
      35 |     fireEvent.click(screen.getByLabelText('Open AI assistant'));
      36 |     expect(screen.getByText('Upload your PDF or PPTX file to get started.')).toBeInTheDocument();
      37 |   });

      at createFiberFromTypeAndProps (node_modules/react-dom/cjs/react-dom-client.development.js:5021:28)
      at createFiberFromElement (node_modules/react-dom/cjs/react-dom-client.development.js:5035:14)
      at reconcileChildFibersImpl (node_modules/react-dom/cjs/react-dom-client.development.js:6920:31)
      at node_modules/react-dom/cjs/react-dom-client.development.js:7098:33
      at reconcileChildren (node_modules/react-dom/cjs/react-dom-client.development.js:9701:13)
      at beginWork (node_modules/react-dom/cjs/react-dom-client.development.js:12049:13)
      at runWithFiberInDEV (node_modules/react-dom/cjs/react-dom-client.development.js:874:13)
      at performUnitOfWork (node_modules/react-dom/cjs/react-dom-client.development.js:17641:22)
      at workLoopSync (node_modules/react-dom/cjs/react-dom-client.development.js:17469:41)
      at renderRootSync (node_modules/react-dom/cjs/react-dom-client.development.js:17450:11)
      at performWorkOnRoot (node_modules/react-dom/cjs/react-dom-client.development.js:16583:35)
      at performWorkOnRootViaSchedulerTask (node_modules/react-dom/cjs/react-dom-client.development.js:18957:7)
      at flushActQueue (node_modules/react/cjs/react.development.js:590:34)
      at process.env.NODE_ENV.exports.act (node_modules/react/cjs/react.development.js:884:10)
      at node_modules/@testing-library/react/dist/act-compat.js:46:25
      at renderRoot (node_modules/@testing-library/react/dist/pure.js:189:26)
      at render (node_modules/@testing-library/react/dist/pure.js:291:10)
      at Object.<anonymous> (src/components/Wizard/WizardChat.test.tsx:34:11)

  ● WizardChat › renders step indicator

    Element type is invalid: expected a string (for built-in components) or a class/function (for composite components) but got: undefined. You likely forgot to export your component from the file it's defined in, or you might have mixed up default and named imports.

    Check the render method of `WizardChat`.

      38 |
      39 |   it('renders step indicator', () => {
    > 40 |     render(<WizardChat {...defaultProps} />);
         |           ^
      41 |     fireEvent.click(screen.getByLabelText('Open AI assistant'));
      42 |     expect(screen.getByText('Step 1: Upload Slides')).toBeInTheDocument();
      43 |   });

      at createFiberFromTypeAndProps (node_modules/react-dom/cjs/react-dom-client.development.js:5021:28)
      at createFiberFromElement (node_modules/react-dom/cjs/react-dom-client.development.js:5035:14)
      at reconcileChildFibersImpl (node_modules/react-dom/cjs/react-dom-client.development.js:6920:31)
      at node_modules/react-dom/cjs/react-dom-client.development.js:7098:33
      at reconcileChildren (node_modules/react-dom/cjs/react-dom-client.development.js:9701:13)
      at beginWork (node_modules/react-dom/cjs/react-dom-client.development.js:12049:13)
      at runWithFiberInDEV (node_modules/react-dom/cjs/react-dom-client.development.js:874:13)
      at performUnitOfWork (node_modules/react-dom/cjs/react-dom-client.development.js:17641:22)
      at workLoopSync (node_modules/react-dom/cjs/react-dom-client.development.js:17469:41)
      at renderRootSync (node_modules/react-dom/cjs/react-dom-client.development.js:17450:11)
      at performWorkOnRoot (node_modules/react-dom/cjs/react-dom-client.development.js:16583:35)
      at performWorkOnRootViaSchedulerTask (node_modules/react-dom/cjs/react-dom-client.development.js:18957:7)
      at flushActQueue (node_modules/react/cjs/react.development.js:590:34)
      at process.env.NODE_ENV.exports.act (node_modules/react/cjs/react.development.js:884:10)
      at node_modules/@testing-library/react/dist/act-compat.js:46:25
      at renderRoot (node_modules/@testing-library/react/dist/pure.js:189:26)
      at render (node_modules/@testing-library/react/dist/pure.js:291:10)
      at Object.<anonymous> (src/components/Wizard/WizardChat.test.tsx:40:11)

  ● WizardChat › renders suggestion chips

    Element type is invalid: expected a string (for built-in components) or a class/function (for composite components) but got: undefined. You likely forgot to export your component from the file it's defined in, or you might have mixed up default and named imports.

    Check the render method of `WizardChat`.

      44 |
      45 |   it('renders suggestion chips', () => {
    > 46 |     render(<WizardChat {...defaultProps} />);
         |           ^
      47 |     expect(screen.getByText('What formats work?')).toBeInTheDocument();
      48 |   });
      49 |

      at createFiberFromTypeAndProps (node_modules/react-dom/cjs/react-dom-client.development.js:5021:28)
      at createFiberFromElement (node_modules/react-dom/cjs/react-dom-client.development.js:5035:14)
      at reconcileChildFibersImpl (node_modules/react-dom/cjs/react-dom-client.development.js:6920:31)
      at node_modules/react-dom/cjs/react-dom-client.development.js:7098:33
      at reconcileChildren (node_modules/react-dom/cjs/react-dom-client.development.js:9701:13)
      at beginWork (node_modules/react-dom/cjs/react-dom-client.development.js:12049:13)
      at runWithFiberInDEV (node_modules/react-dom/cjs/react-dom-client.development.js:874:13)
      at performUnitOfWork (node_modules/react-dom/cjs/react-dom-client.development.js:17641:22)
      at workLoopSync (node_modules/react-dom/cjs/react-dom-client.development.js:17469:41)
      at renderRootSync (node_modules/react-dom/cjs/react-dom-client.development.js:17450:11)
      at performWorkOnRoot (node_modules/react-dom/cjs/react-dom-client.development.js:16583:35)
      at performWorkOnRootViaSchedulerTask (node_modules/react-dom/cjs/react-dom-client.development.js:18957:7)
      at flushActQueue (node_modules/react/cjs/react.development.js:590:34)
      at process.env.NODE_ENV.exports.act (node_modules/react/cjs/react.development.js:884:10)
      at node_modules/@testing-library/react/dist/act-compat.js:46:25
      at renderRoot (node_modules/@testing-library/react/dist/pure.js:189:26)
      at render (node_modules/@testing-library/react/dist/pure.js:291:10)
      at Object.<anonymous> (src/components/Wizard/WizardChat.test.tsx:46:11)

  ● WizardChat › sends message on enter

    Element type is invalid: expected a string (for built-in components) or a class/function (for composite components) but got: undefined. You likely forgot to export your component from the file it's defined in, or you might have mixed up default and named imports.

    Check the render method of `WizardChat`.

      49 |
      50 |   it('sends message on enter', () => {
    > 51 |     render(<WizardChat {...defaultProps} />);
         |           ^
      52 |     fireEvent.click(screen.getByLabelText('Open AI assistant'));
      53 |     
      54 |     const input = screen.getByPlaceholderText('Ask Sara anything…');

      at createFiberFromTypeAndProps (node_modules/react-dom/cjs/react-dom-client.development.js:5021:28)
      at createFiberFromElement (node_modules/react-dom/cjs/react-dom-client.development.js:5035:14)
      at reconcileChildFibersImpl (node_modules/react-dom/cjs/react-dom-client.development.js:6920:31)
      at node_modules/react-dom/cjs/react-dom-client.development.js:7098:33
      at reconcileChildren (node_modules/react-dom/cjs/react-dom-client.development.js:9701:13)
      at beginWork (node_modules/react-dom/cjs/react-dom-client.development.js:12049:13)
      at runWithFiberInDEV (node_modules/react-dom/cjs/react-dom-client.development.js:874:13)
      at performUnitOfWork (node_modules/react-dom/cjs/react-dom-client.development.js:17641:22)
      at workLoopSync (node_modules/react-dom/cjs/react-dom-client.development.js:17469:41)
      at renderRootSync (node_modules/react-dom/cjs/react-dom-client.development.js:17450:11)
      at performWorkOnRoot (node_modules/react-dom/cjs/react-dom-client.development.js:16583:35)
      at performWorkOnRootViaSchedulerTask (node_modules/react-dom/cjs/react-dom-client.development.js:18957:7)
      at flushActQueue (node_modules/react/cjs/react.development.js:590:34)
      at process.env.NODE_ENV.exports.act (node_modules/react/cjs/react.development.js:884:10)
      at node_modules/@testing-library/react/dist/act-compat.js:46:25
      at renderRoot (node_modules/@testing-library/react/dist/pure.js:189:26)
      at render (node_modules/@testing-library/react/dist/pure.js:291:10)
      at Object.<anonymous> (src/components/Wizard/WizardChat.test.tsx:51:11)

  ● WizardChat › has voice recording button

    Element type is invalid: expected a string (for built-in components) or a class/function (for composite components) but got: undefined. You likely forgot to export your component from the file it's defined in, or you might have mixed up default and named imports.

    Check the render method of `WizardChat`.

      60 |
      61 |   it('has voice recording button', () => {
    > 62 |     render(<WizardChat {...defaultProps} />);
         |           ^
      63 |     fireEvent.click(screen.getByLabelText('Open AI assistant'));
      64 |     expect(screen.getByLabelText('Ask with voice (mic)')).toBeInTheDocument();
      65 |   });

      at createFiberFromTypeAndProps (node_modules/react-dom/cjs/react-dom-client.development.js:5021:28)
      at createFiberFromElement (node_modules/react-dom/cjs/react-dom-client.development.js:5035:14)
      at reconcileChildFibersImpl (node_modules/react-dom/cjs/react-dom-client.development.js:6920:31)
      at node_modules/react-dom/cjs/react-dom-client.development.js:7098:33
      at reconcileChildren (node_modules/react-dom/cjs/react-dom-client.development.js:9701:13)
      at beginWork (node_modules/react-dom/cjs/react-dom-client.development.js:12049:13)
      at runWithFiberInDEV (node_modules/react-dom/cjs/react-dom-client.development.js:874:13)
      at performUnitOfWork (node_modules/react-dom/cjs/react-dom-client.development.js:17641:22)
      at workLoopSync (node_modules/react-dom/cjs/react-dom-client.development.js:17469:41)
      at renderRootSync (node_modules/react-dom/cjs/react-dom-client.development.js:17450:11)
      at performWorkOnRoot (node_modules/react-dom/cjs/react-dom-client.development.js:16583:35)
      at performWorkOnRootViaSchedulerTask (node_modules/react-dom/cjs/react-dom-client.development.js:18957:7)
      at flushActQueue (node_modules/react/cjs/react.development.js:590:34)
      at process.env.NODE_ENV.exports.act (node_modules/react/cjs/react.development.js:884:10)
      at node_modules/@testing-library/react/dist/act-compat.js:46:25
      at renderRoot (node_modules/@testing-library/react/dist/pure.js:189:26)
      at render (node_modules/@testing-library/react/dist/pure.js:291:10)
      at Object.<anonymous> (src/components/Wizard/WizardChat.test.tsx:62:11)

  ● WizardChat › has close button

    Element type is invalid: expected a string (for built-in components) or a class/function (for composite components) but got: undefined. You likely forgot to export your component from the file it's defined in, or you might have mixed up default and named imports.

    Check the render method of `WizardChat`.

      66 |
      67 |   it('has close button', () => {
    > 68 |     render(<WizardChat {...defaultProps} />);
         |           ^
      69 |     fireEvent.click(screen.getByLabelText('Open AI assistant'));
      70 |     expect(screen.getByLabelText('Close (dismiss Sara)')).toBeInTheDocument();
      71 |   });

      at createFiberFromTypeAndProps (node_modules/react-dom/cjs/react-dom-client.development.js:5021:28)
      at createFiberFromElement (node_modules/react-dom/cjs/react-dom-client.development.js:5035:14)
      at reconcileChildFibersImpl (node_modules/react-dom/cjs/react-dom-client.development.js:6920:31)
      at node_modules/react-dom/cjs/react-dom-client.development.js:7098:33
      at reconcileChildren (node_modules/react-dom/cjs/react-dom-client.development.js:9701:13)
      at beginWork (node_modules/react-dom/cjs/react-dom-client.development.js:12049:13)
      at runWithFiberInDEV (node_modules/react-dom/cjs/react-dom-client.development.js:874:13)
      at performUnitOfWork (node_modules/react-dom/cjs/react-dom-client.development.js:17641:22)
      at workLoopSync (node_modules/react-dom/cjs/react-dom-client.development.js:17469:41)
      at renderRootSync (node_modules/react-dom/cjs/react-dom-client.development.js:17450:11)
      at performWorkOnRoot (node_modules/react-dom/cjs/react-dom-client.development.js:16583:35)
      at performWorkOnRootViaSchedulerTask (node_modules/react-dom/cjs/react-dom-client.development.js:18957:7)
      at flushActQueue (node_modules/react/cjs/react.development.js:590:34)
      at process.env.NODE_ENV.exports.act (node_modules/react/cjs/react.development.js:884:10)
      at node_modules/@testing-library/react/dist/act-compat.js:46:25
      at renderRoot (node_modules/@testing-library/react/dist/pure.js:189:26)
      at render (node_modules/@testing-library/react/dist/pure.js:291:10)
      at Object.<anonymous> (src/components/Wizard/WizardChat.test.tsx:68:11)

  ● WizardChat › responds to user messages

    Element type is invalid: expected a string (for built-in components) or a class/function (for composite components) but got: undefined. You likely forgot to export your component from the file it's defined in, or you might have mixed up default and named imports.

    Check the render method of `WizardChat`.

      72 |
      73 |   it('responds to user messages', async () => {
    > 74 |     render(<WizardChat {...defaultProps} />);
         |           ^
      75 |     fireEvent.click(screen.getByLabelText('Open AI assistant'));
      76 |     
      77 |     const input = screen.getByPlaceholderText('Ask Sara anything…');

      at createFiberFromTypeAndProps (node_modules/react-dom/cjs/react-dom-client.development.js:5021:28)
      at createFiberFromElement (node_modules/react-dom/cjs/react-dom-client.development.js:5035:14)
      at reconcileChildFibersImpl (node_modules/react-dom/cjs/react-dom-client.development.js:6920:31)
      at node_modules/react-dom/cjs/react-dom-client.development.js:7098:33
      at reconcileChildren (node_modules/react-dom/cjs/react-dom-client.development.js:9701:13)
      at beginWork (node_modules/react-dom/cjs/react-dom-client.development.js:12049:13)
      at runWithFiberInDEV (node_modules/react-dom/cjs/react-dom-client.development.js:874:13)
      at performUnitOfWork (node_modules/react-dom/cjs/react-dom-client.development.js:17641:22)
      at workLoopSync (node_modules/react-dom/cjs/react-dom-client.development.js:17469:41)
      at renderRootSync (node_modules/react-dom/cjs/react-dom-client.development.js:17450:11)
      at performWorkOnRoot (node_modules/react-dom/cjs/react-dom-client.development.js:16583:35)
      at performWorkOnRootViaSchedulerTask (node_modules/react-dom/cjs/react-dom-client.development.js:18957:7)
      at flushActQueue (node_modules/react/cjs/react.development.js:590:34)
      at process.env.NODE_ENV.exports.act (node_modules/react/cjs/react.development.js:884:10)
      at node_modules/@testing-library/react/dist/act-compat.js:46:25
      at renderRoot (node_modules/@testing-library/react/dist/pure.js:189:26)
      at render (node_modules/@testing-library/react/dist/pure.js:291:10)
      at Object.<anonymous> (src/components/Wizard/WizardChat.test.tsx:74:11)

  ● WizardChat › shows overflow menu

    Element type is invalid: expected a string (for built-in components) or a class/function (for composite components) but got: undefined. You likely forgot to export your component from the file it's defined in, or you might have mixed up default and named imports.

    Check the render method of `WizardChat`.

      84 |
      85 |   it('shows overflow menu', () => {
    > 86 |     render(<WizardChat {...defaultProps} />);
         |           ^
      87 |     fireEvent.click(screen.getByLabelText('Open AI assistant'));
      88 |     fireEvent.click(screen.getByLabelText('More options'));
      89 |     expect(screen.getByText('Upload audio')).toBeInTheDocument();

      at createFiberFromTypeAndProps (node_modules/react-dom/cjs/react-dom-client.development.js:5021:28)
      at createFiberFromElement (node_modules/react-dom/cjs/react-dom-client.development.js:5035:14)
      at reconcileChildFibersImpl (node_modules/react-dom/cjs/react-dom-client.development.js:6920:31)
      at node_modules/react-dom/cjs/react-dom-client.development.js:7098:33
      at reconcileChildren (node_modules/react-dom/cjs/react-dom-client.development.js:9701:13)
      at beginWork (node_modules/react-dom/cjs/react-dom-client.development.js:12049:13)
      at runWithFiberInDEV (node_modules/react-dom/cjs/react-dom-client.development.js:874:13)
      at performUnitOfWork (node_modules/react-dom/cjs/react-dom-client.development.js:17641:22)
      at workLoopSync (node_modules/react-dom/cjs/react-dom-client.development.js:17469:41)
      at renderRootSync (node_modules/react-dom/cjs/react-dom-client.development.js:17450:11)
      at performWorkOnRoot (node_modules/react-dom/cjs/react-dom-client.development.js:16583:35)
      at performWorkOnRootViaSchedulerTask (node_modules/react-dom/cjs/react-dom-client.development.js:18957:7)
      at flushActQueue (node_modules/react/cjs/react.development.js:590:34)
      at process.env.NODE_ENV.exports.act (node_modules/react/cjs/react.development.js:884:10)
      at node_modules/@testing-library/react/dist/act-compat.js:46:25
      at renderRoot (node_modules/@testing-library/react/dist/pure.js:189:26)
      at render (node_modules/@testing-library/react/dist/pure.js:291:10)
      at Object.<anonymous> (src/components/Wizard/WizardChat.test.tsx:86:11)

FAIL src/components/Support/SaraWidget.test.tsx
  ● SaraWidget › opens chat dialog on FAB click

    TestingLibraryElementError: Unable to find an element with the placeholder text of: Ask Sara anything…

    Ignored nodes: comments, script, style
    [36m<body>[39m
      [36m<div>[39m
        [36m<button[39m
          [33mclass[39m=[32m"fab"[39m
        [36m>[39m
          [36m<div[39m
            [33mclass[39m=[32m"fabFaceWrap"[39m
          [36m>[39m
            [36m<div[39m
              [33mclass[39m=[32m"fabFaceClip"[39m
            [36m>[39m
              [36m<svg[39m
                [33maria-hidden[39m=[32m"true"[39m
                [33mclass[39m=[32m"charSvg"[39m
                [33mviewBox[39m=[32m"0 0 200 240"[39m
                [33mxmlns[39m=[32m"http://www.w3.org/2000/svg"[39m
              [36m>[39m
                [36m<path[39m
                  [33md[39m=[32m"M22 248 L36 194 C54 180 80 187 90 197 L100 226 L110 197 C120 187 146 180 164 194 L178 248Z"[39m
                  [33mfill[39m=[32m"#1a2840"[39m
                [36m/>[39m
                [36m<path[39m
                  [33md[39m=[32m"M90 197 L100 226 L82 211 L70 196Z"[39m
                  [33mfill[39m=[32m"#223255"[39m
                [36m/>[39m
                [36m<path[39m
                  [33md[39m=[32m"M110 197 L100 226 L118 211 L130 196Z"[39m
                  [33mfill[39m=[32m"#223255"[39m
                [36m/>[39m
                [36m<polygon[39m
                  [33mfill[39m=[32m"#f8fafc"[39m
                  [33mpoints[39m=[32m"86,157 100,228 114,157"[39m
                [36m/>[39m
                [36m<path[39m
                  [33md[39m=[32m"M86 157 L68 177 L86 168Z"[39m
                  [33mfill[39m=[32m"#f8fafc"[39m
                [36m/>[39m
                [36m<path[39m
                  [33md[39m=[32m"M114 157 L132 177 L114 168Z"[39m
                  [33mfill[39m=[32m"#f8fafc"[39m
                [36m/>[39m
                [36m<circle[39m
                  [33mcx[39m=[32m"100"[39m
                  [33mcy[39m=[32m"163"[39m
                  [33mfill[39m=[32m"#c7d2fe"[39m
                  [33mr[39m=[32m"5"[39m
                [36m/>[39m
                [36m<circle[39m
                  [33mcx[39m=[32m"100"[39m
                  [33mcy[39m=[32m"163"[39m
                  [33mfill[39m=[32m"#6366f1"[39m
                  [33mr[39m=[32m"2.8"[39m
                [36m/>[39m
                [36m<rect[39m
                  [33mfill[39m=[32m"#F2C090"[39m
                  [33mheight[39m=[32m"46"[39m
                  [33mrx[39m=[32m"8"[39m
                  [33mwidth[39m=[32m"20"[39m
                  [33mx[39m=[32m"90"[39m
                  [33my[39m=[32m"155"[39m
                [36m/>[39m
                [36m<ellipse[39m
                  [33mcx[39m=[32m"100"[39m
                  [33mcy[39m=[32m"115"[39m
                  [33mfill[39m=[32m"#F2C090"[39m
                  [33mrx[39m=[32m"50"[39m
                  [33mry[39m=[32m"56"[39m
                [36m/>[39m
                [36m<ellipse[39m
                  [33mcx[39m=[32m"100"[39m
                  [33mcy[39m=[32m"88"[39m
                  [33mfill[39m=[32m"#180E06"[39m
                  [33mrx[39m=[32m"52"[39m
                  [33mry[39m=[32m"44"[39m
                [36m/>[39m
                [36m<path[39m
                  [33md[39m=[32m"M50 96 Q47 120 50 152"[39m
                  [33mfill[39m=[32m"none"[39m
                  [33mstroke[39m=[32m"#180E06"[39m
                  [33mstroke-linecap[39m=[32m"round"[39m
                  [33mstroke-width[39m=[32m"10"[39m
                [36m/>[39m
                [36m<path[39m
                  [33md[39m=[32m"M150 96 Q153 120 150 152"[39m
                  [33mfill[39m=[32m"none"[39m
                  [33mstroke[39m=[32m"#180E06"[39m
                  [33mstroke-linecap[39m=[32m"round"[39m
                  [33mstroke-width[39m=[32m"10"[39m
                [36m/>[39m
                [36m<ellipse[39m
                  [33mcx[39m=[32m"100"[39m
                  [33mcy[39m=[32m"122"[39m
                  [33mfill[39m=[32m"#F2C090"[39m
                  [33mrx[39m=[32m"46"[39m
                  [33mry[39m=[32m"52"[39m
                [36m/>[39m
                [36m<path[39m
                  [33md[39m=[32m"M54 98 Q58 68 100 63 Q142 68 146 98 Q132 78 100 76 Q68 78 54 98Z"[39m
                  [33mfill[39m=[32m"#180E06"[39m
                [36m/>[39m
                [36m<ellipse[39m
                  [33mcx[39m=[32m"100"[39m
                  [33mcy[39m=[32m"60"[39m
                  [33mfill[39m=[32m"#180E06"[39m
                  [33mrx[39m=[32m"18"[39m
                  [33mry[39m=[32m"14"[39m
                [36m/>[39m
                [36m<circle[39m
                  [33mcx[39m=[32m"52"[39m
                  [33mcy[39m=[32m"128"[39m
                  [33mfill[39m=[32m"#EDE8E0"[39m
                  [33mr[39m=[32m"5"[39m
                [36m/>[39m
                [36m<circle[39m
                  [33mcx[39m=[32m"148"[39m
                  [33mcy[39m=[32m"128"[39m
                  [33mfill[39m=[32m"#EDE8E0"[39m
                  [33mr[39m=[32m"5"[39m
                [36m/>[39m
                [36m<path[39m
                  [33md[39m=[32m"M71 93 Q82 87 93 91"[39m
                  [33mfill[39m=[32m"none"[39m
                  [33mstroke[39m=[32m"#180E06"[39m
                  [33mstroke-linecap[39m=[32m"round"[39m
                  [33mstroke-width[39m=[32m"2.2"[39m
                [36m/>[39m
                [36m<path[39m
                  [33md[39m=[32m"M107 91 Q118 87 129 93"[39m
                  [33mfill[39m=[32m"none"[39m
                  [33mstroke[39m=[32m"#180E06"[39m
                  [33mstroke-linecap[39m=[32m"round"[39m
                  [33mstroke-width[39m=[32m"2.2"[39m
                [36m/>[39m
                [36m<ellipse[39m
                  [33mcx[39m=[32m"82"[39m
                  [33mcy[39m=[32m"108"[39m
                  [33mfill[39m=[32m"white"[39m
                  [33mrx[39m=[32m"11.5"[39m
                  [33mry[39m=[32m"9.5"[39m
                [36m/>[39m
                [36m<ellipse[39m
                  [33mcx[39m=[32m"118"[39m
                  [33mcy[39m=[32m"108"[39m
                  [33mfill[39m=[32m"white"[39m
                  [33mrx[39m=[32m"11.5"[39m
                  [33mry[39m=[32m"9.5"[39m
                [36m/>[39m
                [36m<ellipse[39m
                  [33mcx[39m=[32m"82"[39m
                  [33mcy[39m=[32m"109"[39m
                  [33mfill[39m=[32m"#6B4020"[39m
                  [33mrx[39m=[32m"7"[39m
                  [33mry[39m=[32m"7.5"[39m
                [36m/>[39m
                [36m<ellipse[39m
                  [33mcx[39m=[32m"118"[39m
                  [33mcy[39m=[32m"109"[39m
                  [33mfill[39m=[32m"#6B4020"[39m
                  [33mrx[39m=[32m"7"[39m
                  [33mry[39m=[32m"7.5"[39m
                [36m/>[39m
                [36m<circle[39m
                  [33mcx[39m=[32m"82.5"[39m
                  [33mcy[39m=[32m"110"[39m
                  [33mfill[39m=[32m"#0f0a06"[39m
                  [33mr[39m=[32m"4"[39m
                [36m/>[39m
                [36m<circle[39m
                  [33mcx[39m=[32m"118.5"[39m
                  [33mcy[39m=[32m"110"[39m
                  [33mfill[39m=[32m"#0f0a06"[39m
                  [33mr[39m=[32m"4"[39m
                [36m/>[39m
                [36m<circle[39m
                  [33mcx[39m=[32m"85"[39m
                  [33mcy[39m=[32m"107"[39m
                  [33mfill[39m=[32m"white"[39m
                  [33mopacity[39m=[32m"0.95"[39m
                  [33mr[39m=[32m"2"[39m
                [36m/>[39m
                [36m<circle[39m
                  [33mcx[39m=[32m"121"[39m
                  [33mcy[39m=[32m"107"[39m
                  [33mfill[39m=[32m"white"[39m
                  [33mopacity[39m=[32m"0.95"[39m
                  [33mr[39m=[32m"2"[39m
                [36m/>[39m
                [36m<ellipse[39m
                  [33mclass[39m=[32m"eyelidL"[39m
                  [33mcx[39m=[32m"82"[39m
                  [33mcy[39m=[32m"108"[39m
                  [33mfill[39m=[32m"#F2C090"[39m
                  [33mrx[39m=[32m"11.5"[39m
                  [33mry[39m=[32m"9.5"[39m
                [36m/>[39m
                [36m<ellipse[39m
                  [33mclass[39m=[32m"eyelidR"[39m
                  [33mcx[39m=[32m"118"[39m
                  [33mcy[39m=[32m"108"[39m
                  [33mfill[39m=[32m"#F2C090"[39m
                  [33mrx[39m=[32m"11.5"[39m
                  [33mry[39m=[32m"9.5"[39m
                [36m/>[39m
                [36m<rect[39m
                  [33mfill[39m=[32m"none"[39m
                  [33mheight[39m=[32m"16"[39m
                  [33mrx[39m=[32m"3"[39m
                  [33mstroke[39m=[32m"#1a1a2e"[39m
                  [33mstroke-width[39m=[32m"2"[39m
                  [33mwidth[39m=[32m"28"[39m
                  [33mx[39m=[32m"68"[39m
                  [33my[39m=[32m"101"[39m
                [36m/>[39m
                [36m<rect[39m
                  [33mfill[39m=[32m"none"[39m
                  [33mheight[39m=[32m"16"[39m
                  [33mrx[39m=[32m"3"[39m
                  [33mstroke[39m=[32m"#1a1a2e"[39m
                  [33mstroke-width[39m=[32m"2"[39m
                  [33mwidth[39m=[32m"28"[39m
                  [33mx[39m=[32m"104"[39m
                  [33my[39m=[32m"101"[39m
                [36m/>[39m
                [36m<line[39m
                  [33mstroke[39m=[32m"#1a1a2e"[39m
                  [33mstroke-width[39m=[32m"2"[39m
                  [33mx1[39m=[32m"96"[39m
                  [33mx2[39m=[32m"104"[39m
                  [33my1[39m=[32m"109"[39m
                  [33my2[39m=[32m"109"[39m
                [36m/>[39m
                [36m<path[39m
                  [33md[39m=[32m"M96 124 Q100 131 104 124"[39m
                  [33mfill[39m=[32m"none"[39m
                  [33mstroke[39m=[32m"#c8884a"[39m
                  [33mstroke-linecap[39m=[32m"round"[39m
                  [33mstroke-width[39m=[32m"1.5"[39m
                [36m/>[39m
                [36m<path[39m
                  [33mclass[39m=[32m"mouthSmile"[39m
                  [33md[39m=[32m"M90 138 Q100 146 110 138"[39m
                  [33mfill[39m=[32m"none"[39m
                  [33mstroke[39m=[32m"#8B3A2A"[39m
                  [33mstroke-linecap[39m=[32m"round"[39m
                  [33mstroke-width[39m=[32m"2.2"[39m
                [36m/>[39m
                [36m<g[39m
                  [33mclass[39m=[32m"mouthSpeakGroup"[39m
                [36m>[39m
                  [36m<ellipse[39m
                    [33mcx[39m=[32m"100"[39m
                    [33mcy[39m=[32m"141"[39m
                    [33mfill[39m=[32m"#8B3A2A"[39m
                    [33mrx[39m=[32m"10"[39m
                    [33mry[39m=[32m"7.5"[39m
                  [36m/>[39m
                  [36m<ellipse[39m
                    [33mcx[39m=[32m"100"[39m
                    [33mcy[39m=[32m"142"[39m
                    [33mfill[39m=[32m"#4a0f0f"[39m
                    [33mrx[39m=[32m"6.5"[39m
                    [33mry[39m=[32m"4.5"[39m
                  [36m/>[39m
                [36m</g>[39m
                [36m<ellipse[39m
                  [33mclass[39m=[32m"mouthThink"[39m
                  [33mcx[39m=[32m"100"[39m
                  [33mcy[39m=[32m"140"[39m
                  [33mfill[39m=[32m"none"[39m
                  [33mrx[39m=[32m"5.5"[39m
                  [33mry[39m=[32m"4.5"[39m
                  [33mstroke[39m=[32m"#8B3A2A"[39m
                  [33mstroke-width[39m=[32m"2"[39m
                [36m/>[39m
              [36m</svg>[39m
            [36m</div>[39m
            [36m<span[39m
              [33mclass[39m=[32m"fabOnline"[39m
            [36m/>[39m
          [36m</div>[39m
          [36m<div[39m
            [33mclass[39m=[32m"fabInfo"[39m
          [36m>[39m
            [36m<span[39m
              [33mclass[39m=[32m"fabName"[39m
            [36m>[39m
              [0mSara[0m
            [36m</span>[39m
            [36m<span[39m
              [33mclass[39m=[32m"fabSub"[39m
            [36m>[39m
              [0mAI Assistant · online[0m
            [36m</span>[39m
          [36m</div>[39m
        [36m</button>[39m
      [36m</div>[39m
    [36m</body>[39m

      66 |     render(<SaraWidget />);
      67 |     fireEvent.click(screen.getByText('Sara'));
    > 68 |     expect(screen.getByPlaceholderText('Ask Sara anything…')).toBeInTheDocument();
         |                   ^
      69 |   });
      70 |
      71 |   it('sends user message', async () => {

      at Object.getElementError (node_modules/@testing-library/dom/dist/config.js:37:19)
      at node_modules/@testing-library/dom/dist/query-helpers.js:76:38
      at node_modules/@testing-library/dom/dist/query-helpers.js:52:17
      at node_modules/@testing-library/dom/dist/query-helpers.js:95:19
      at Object.getByPlaceholderText (src/components/Support/SaraWidget.test.tsx:68:19)

  ● SaraWidget › sends user message

    TestingLibraryElementError: Unable to find an element with the placeholder text of: Ask Sara anything…

    Ignored nodes: comments, script, style
    [36m<body>[39m
      [36m<div>[39m
        [36m<button[39m
          [33mclass[39m=[32m"fab"[39m
        [36m>[39m
          [36m<div[39m
            [33mclass[39m=[32m"fabFaceWrap"[39m
          [36m>[39m
            [36m<div[39m
              [33mclass[39m=[32m"fabFaceClip"[39m
            [36m>[39m
              [36m<svg[39m
                [33maria-hidden[39m=[32m"true"[39m
                [33mclass[39m=[32m"charSvg"[39m
                [33mviewBox[39m=[32m"0 0 200 240"[39m
                [33mxmlns[39m=[32m"http://www.w3.org/2000/svg"[39m
              [36m>[39m
                [36m<path[39m
                  [33md[39m=[32m"M22 248 L36 194 C54 180 80 187 90 197 L100 226 L110 197 C120 187 146 180 164 194 L178 248Z"[39m
                  [33mfill[39m=[32m"#1a2840"[39m
                [36m/>[39m
                [36m<path[39m
                  [33md[39m=[32m"M90 197 L100 226 L82 211 L70 196Z"[39m
                  [33mfill[39m=[32m"#223255"[39m
                [36m/>[39m
                [36m<path[39m
                  [33md[39m=[32m"M110 197 L100 226 L118 211 L130 196Z"[39m
                  [33mfill[39m=[32m"#223255"[39m
                [36m/>[39m
                [36m<polygon[39m
                  [33mfill[39m=[32m"#f8fafc"[39m
                  [33mpoints[39m=[32m"86,157 100,228 114,157"[39m
                [36m/>[39m
                [36m<path[39m
                  [33md[39m=[32m"M86 157 L68 177 L86 168Z"[39m
                  [33mfill[39m=[32m"#f8fafc"[39m
                [36m/>[39m
                [36m<path[39m
                  [33md[39m=[32m"M114 157 L132 177 L114 168Z"[39m
                  [33mfill[39m=[32m"#f8fafc"[39m
                [36m/>[39m
                [36m<circle[39m
                  [33mcx[39m=[32m"100"[39m
                  [33mcy[39m=[32m"163"[39m
                  [33mfill[39m=[32m"#c7d2fe"[39m
                  [33mr[39m=[32m"5"[39m
                [36m/>[39m
                [36m<circle[39m
                  [33mcx[39m=[32m"100"[39m
                  [33mcy[39m=[32m"163"[39m
                  [33mfill[39m=[32m"#6366f1"[39m
                  [33mr[39m=[32m"2.8"[39m
                [36m/>[39m
                [36m<rect[39m
                  [33mfill[39m=[32m"#F2C090"[39m
                  [33mheight[39m=[32m"46"[39m
                  [33mrx[39m=[32m"8"[39m
                  [33mwidth[39m=[32m"20"[39m
                  [33mx[39m=[32m"90"[39m
                  [33my[39m=[32m"155"[39m
                [36m/>[39m
                [36m<ellipse[39m
                  [33mcx[39m=[32m"100"[39m
                  [33mcy[39m=[32m"115"[39m
                  [33mfill[39m=[32m"#F2C090"[39m
                  [33mrx[39m=[32m"50"[39m
                  [33mry[39m=[32m"56"[39m
                [36m/>[39m
                [36m<ellipse[39m
                  [33mcx[39m=[32m"100"[39m
                  [33mcy[39m=[32m"88"[39m
                  [33mfill[39m=[32m"#180E06"[39m
                  [33mrx[39m=[32m"52"[39m
                  [33mry[39m=[32m"44"[39m
                [36m/>[39m
                [36m<path[39m
                  [33md[39m=[32m"M50 96 Q47 120 50 152"[39m
                  [33mfill[39m=[32m"none"[39m
                  [33mstroke[39m=[32m"#180E06"[39m
                  [33mstroke-linecap[39m=[32m"round"[39m
                  [33mstroke-width[39m=[32m"10"[39m
                [36m/>[39m
                [36m<path[39m
                  [33md[39m=[32m"M150 96 Q153 120 150 152"[39m
                  [33mfill[39m=[32m"none"[39m
                  [33mstroke[39m=[32m"#180E06"[39m
                  [33mstroke-linecap[39m=[32m"round"[39m
                  [33mstroke-width[39m=[32m"10"[39m
                [36m/>[39m
                [36m<ellipse[39m
                  [33mcx[39m=[32m"100"[39m
                  [33mcy[39m=[32m"122"[39m
                  [33mfill[39m=[32m"#F2C090"[39m
                  [33mrx[39m=[32m"46"[39m
                  [33mry[39m=[32m"52"[39m
                [36m/>[39m
                [36m<path[39m
                  [33md[39m=[32m"M54 98 Q58 68 100 63 Q142 68 146 98 Q132 78 100 76 Q68 78 54 98Z"[39m
                  [33mfill[39m=[32m"#180E06"[39m
                [36m/>[39m
                [36m<ellipse[39m
                  [33mcx[39m=[32m"100"[39m
                  [33mcy[39m=[32m"60"[39m
                  [33mfill[39m=[32m"#180E06"[39m
                  [33mrx[39m=[32m"18"[39m
                  [33mry[39m=[32m"14"[39m
                [36m/>[39m
                [36m<circle[39m
                  [33mcx[39m=[32m"52"[39m
                  [33mcy[39m=[32m"128"[39m
                  [33mfill[39m=[32m"#EDE8E0"[39m
                  [33mr[39m=[32m"5"[39m
                [36m/>[39m
                [36m<circle[39m
                  [33mcx[39m=[32m"148"[39m
                  [33mcy[39m=[32m"128"[39m
                  [33mfill[39m=[32m"#EDE8E0"[39m
                  [33mr[39m=[32m"5"[39m
                [36m/>[39m
                [36m<path[39m
                  [33md[39m=[32m"M71 93 Q82 87 93 91"[39m
                  [33mfill[39m=[32m"none"[39m
                  [33mstroke[39m=[32m"#180E06"[39m
                  [33mstroke-linecap[39m=[32m"round"[39m
                  [33mstroke-width[39m=[32m"2.2"[39m
                [36m/>[39m
                [36m<path[39m
                  [33md[39m=[32m"M107 91 Q118 87 129 93"[39m
                  [33mfill[39m=[32m"none"[39m
                  [33mstroke[39m=[32m"#180E06"[39m
                  [33mstroke-linecap[39m=[32m"round"[39m
                  [33mstroke-width[39m=[32m"2.2"[39m
                [36m/>[39m
                [36m<ellipse[39m
                  [33mcx[39m=[32m"82"[39m
                  [33mcy[39m=[32m"108"[39m
                  [33mfill[39m=[32m"white"[39m
                  [33mrx[39m=[32m"11.5"[39m
                  [33mry[39m=[32m"9.5"[39m
                [36m/>[39m
                [36m<ellipse[39m
                  [33mcx[39m=[32m"118"[39m
                  [33mcy[39m=[32m"108"[39m
                  [33mfill[39m=[32m"white"[39m
                  [33mrx[39m=[32m"11.5"[39m
                  [33mry[39m=[32m"9.5"[39m
                [36m/>[39m
                [36m<ellipse[39m
                  [33mcx[39m=[32m"82"[39m
                  [33mcy[39m=[32m"109"[39m
                  [33mfill[39m=[32m"#6B4020"[39m
                  [33mrx[39m=[32m"7"[39m
                  [33mry[39m=[32m"7.5"[39m
                [36m/>[39m
                [36m<ellipse[39m
                  [33mcx[39m=[32m"118"[39m
                  [33mcy[39m=[32m"109"[39m
                  [33mfill[39m=[32m"#6B4020"[39m
                  [33mrx[39m=[32m"7"[39m
                  [33mry[39m=[32m"7.5"[39m
                [36m/>[39m
                [36m<circle[39m
                  [33mcx[39m=[32m"82.5"[39m
                  [33mcy[39m=[32m"110"[39m
                  [33mfill[39m=[32m"#0f0a06"[39m
                  [33mr[39m=[32m"4"[39m
                [36m/>[39m
                [36m<circle[39m
                  [33mcx[39m=[32m"118.5"[39m
                  [33mcy[39m=[32m"110"[39m
                  [33mfill[39m=[32m"#0f0a06"[39m
                  [33mr[39m=[32m"4"[39m
                [36m/>[39m
                [36m<circle[39m
                  [33mcx[39m=[32m"85"[39m
                  [33mcy[39m=[32m"107"[39m
                  [33mfill[39m=[32m"white"[39m
                  [33mopacity[39m=[32m"0.95"[39m
                  [33mr[39m=[32m"2"[39m
                [36m/>[39m
                [36m<circle[39m
                  [33mcx[39m=[32m"121"[39m
                  [33mcy[39m=[32m"107"[39m
                  [33mfill[39m=[32m"white"[39m
                  [33mopacity[39m=[32m"0.95"[39m
                  [33mr[39m=[32m"2"[39m
                [36m/>[39m
                [36m<ellipse[39m
                  [33mclass[39m=[32m"eyelidL"[39m
                  [33mcx[39m=[32m"82"[39m
                  [33mcy[39m=[32m"108"[39m
                  [33mfill[39m=[32m"#F2C090"[39m
                  [33mrx[39m=[32m"11.5"[39m
                  [33mry[39m=[32m"9.5"[39m
                [36m/>[39m
                [36m<ellipse[39m
                  [33mclass[39m=[32m"eyelidR"[39m
                  [33mcx[39m=[32m"118"[39m
                  [33mcy[39m=[32m"108"[39m
                  [33mfill[39m=[32m"#F2C090"[39m
                  [33mrx[39m=[32m"11.5"[39m
                  [33mry[39m=[32m"9.5"[39m
                [36m/>[39m
                [36m<rect[39m
                  [33mfill[39m=[32m"none"[39m
                  [33mheight[39m=[32m"16"[39m
                  [33mrx[39m=[32m"3"[39m
                  [33mstroke[39m=[32m"#1a1a2e"[39m
                  [33mstroke-width[39m=[32m"2"[39m
                  [33mwidth[39m=[32m"28"[39m
                  [33mx[39m=[32m"68"[39m
                  [33my[39m=[32m"101"[39m
                [36m/>[39m
                [36m<rect[39m
                  [33mfill[39m=[32m"none"[39m
                  [33mheight[39m=[32m"16"[39m
                  [33mrx[39m=[32m"3"[39m
                  [33mstroke[39m=[32m"#1a1a2e"[39m
                  [33mstroke-width[39m=[32m"2"[39m
                  [33mwidth[39m=[32m"28"[39m
                  [33mx[39m=[32m"104"[39m
                  [33my[39m=[32m"101"[39m
                [36m/>[39m
                [36m<line[39m
                  [33mstroke[39m=[32m"#1a1a2e"[39m
                  [33mstroke-width[39m=[32m"2"[39m
                  [33mx1[39m=[32m"96"[39m
                  [33mx2[39m=[32m"104"[39m
                  [33my1[39m=[32m"109"[39m
                  [33my2[39m=[32m"109"[39m
                [36m/>[39m
                [36m<path[39m
                  [33md[39m=[32m"M96 124 Q100 131 104 124"[39m
                  [33mfill[39m=[32m"none"[39m
                  [33mstroke[39m=[32m"#c8884a"[39m
                  [33mstroke-linecap[39m=[32m"round"[39m
                  [33mstroke-width[39m=[32m"1.5"[39m
                [36m/>[39m
                [36m<path[39m
                  [33mclass[39m=[32m"mouthSmile"[39m
                  [33md[39m=[32m"M90 138 Q100 146 110 138"[39m
                  [33mfill[39m=[32m"none"[39m
                  [33mstroke[39m=[32m"#8B3A2A"[39m
                  [33mstroke-linecap[39m=[32m"round"[39m
                  [33mstroke-width[39m=[32m"2.2"[39m
                [36m/>[39m
                [36m<g[39m
                  [33mclass[39m=[32m"mouthSpeakGroup"[39m
                [36m>[39m
                  [36m<ellipse[39m
                    [33mcx[39m=[32m"100"[39m
                    [33mcy[39m=[32m"141"[39m
                    [33mfill[39m=[32m"#8B3A2A"[39m
                    [33mrx[39m=[32m"10"[39m
                    [33mry[39m=[32m"7.5"[39m
                  [36m/>[39m
                  [36m<ellipse[39m
                    [33mcx[39m=[32m"100"[39m
                    [33mcy[39m=[32m"142"[39m
                    [33mfill[39m=[32m"#4a0f0f"[39m
                    [33mrx[39m=[32m"6.5"[39m
                    [33mry[39m=[32m"4.5"[39m
                  [36m/>[39m
                [36m</g>[39m
                [36m<ellipse[39m
                  [33mclass[39m=[32m"mouthThink"[39m
                  [33mcx[39m=[32m"100"[39m
                  [33mcy[39m=[32m"140"[39m
                  [33mfill[39m=[32m"none"[39m
                  [33mrx[39m=[32m"5.5"[39m
                  [33mry[39m=[32m"4.5"[39m
                  [33mstroke[39m=[32m"#8B3A2A"[39m
                  [33mstroke-width[39m=[32m"2"[39m
                [36m/>[39m
              [36m</svg>[39m
            [36m</div>[39m
            [36m<span[39m
              [33mclass[39m=[32m"fabOnline"[39m
            [36m/>[39m
          [36m</div>[39m
          [36m<div[39m
            [33mclass[39m=[32m"fabInfo"[39m
          [36m>[39m
            [36m<span[39m
              [33mclass[39m=[32m"fabName"[39m
            [36m>[39m
              [0mSara[0m
            [36m</span>[39m
            [36m<span[39m
              [33mclass[39m=[32m"fabSub"[39m
            [36m>[39m
              [0mAI Assistant · online[0m
            [36m</span>[39m
          [36m</div>[39m
        [36m</button>[39m
      [36m</div>[39m
    [36m</body>[39m

      73 |     fireEvent.click(screen.getByText('Sara'));
      74 |     
    > 75 |     const input = screen.getByPlaceholderText('Ask Sara anything…');
         |                          ^
      76 |     fireEvent.change(input, { target: { value: 'How do I upload?' } });
      77 |     fireEvent.click(screen.getByText('Send'));
      78 |

      at Object.getElementError (node_modules/@testing-library/dom/dist/config.js:37:19)
      at node_modules/@testing-library/dom/dist/query-helpers.js:76:38
      at node_modules/@testing-library/dom/dist/query-helpers.js:52:17
      at node_modules/@testing-library/dom/dist/query-helpers.js:95:19
      at Object.getByPlaceholderText (src/components/Support/SaraWidget.test.tsx:75:26)

  ● SaraWidget › closes on X button click

    TestingLibraryElementError: Unable to find an element with the placeholder text of: Ask Sara anything…

    Ignored nodes: comments, script, style
    [36m<body>[39m
      [36m<div>[39m
        [36m<button[39m
          [33mclass[39m=[32m"fab"[39m
        [36m>[39m
          [36m<div[39m
            [33mclass[39m=[32m"fabFaceWrap"[39m
          [36m>[39m
            [36m<div[39m
              [33mclass[39m=[32m"fabFaceClip"[39m
            [36m>[39m
              [36m<svg[39m
                [33maria-hidden[39m=[32m"true"[39m
                [33mclass[39m=[32m"charSvg"[39m
                [33mviewBox[39m=[32m"0 0 200 240"[39m
                [33mxmlns[39m=[32m"http://www.w3.org/2000/svg"[39m
              [36m>[39m
                [36m<path[39m
                  [33md[39m=[32m"M22 248 L36 194 C54 180 80 187 90 197 L100 226 L110 197 C120 187 146 180 164 194 L178 248Z"[39m
                  [33mfill[39m=[32m"#1a2840"[39m
                [36m/>[39m
                [36m<path[39m
                  [33md[39m=[32m"M90 197 L100 226 L82 211 L70 196Z"[39m
                  [33mfill[39m=[32m"#223255"[39m
                [36m/>[39m
                [36m<path[39m
                  [33md[39m=[32m"M110 197 L100 226 L118 211 L130 196Z"[39m
                  [33mfill[39m=[32m"#223255"[39m
                [36m/>[39m
                [36m<polygon[39m
                  [33mfill[39m=[32m"#f8fafc"[39m
                  [33mpoints[39m=[32m"86,157 100,228 114,157"[39m
                [36m/>[39m
                [36m<path[39m
                  [33md[39m=[32m"M86 157 L68 177 L86 168Z"[39m
                  [33mfill[39m=[32m"#f8fafc"[39m
                [36m/>[39m
                [36m<path[39m
                  [33md[39m=[32m"M114 157 L132 177 L114 168Z"[39m
                  [33mfill[39m=[32m"#f8fafc"[39m
                [36m/>[39m
                [36m<circle[39m
                  [33mcx[39m=[32m"100"[39m
                  [33mcy[39m=[32m"163"[39m
                  [33mfill[39m=[32m"#c7d2fe"[39m
                  [33mr[39m=[32m"5"[39m
                [36m/>[39m
                [36m<circle[39m
                  [33mcx[39m=[32m"100"[39m
                  [33mcy[39m=[32m"163"[39m
                  [33mfill[39m=[32m"#6366f1"[39m
                  [33mr[39m=[32m"2.8"[39m
                [36m/>[39m
                [36m<rect[39m
                  [33mfill[39m=[32m"#F2C090"[39m
                  [33mheight[39m=[32m"46"[39m
                  [33mrx[39m=[32m"8"[39m
                  [33mwidth[39m=[32m"20"[39m
                  [33mx[39m=[32m"90"[39m
                  [33my[39m=[32m"155"[39m
                [36m/>[39m
                [36m<ellipse[39m
                  [33mcx[39m=[32m"100"[39m
                  [33mcy[39m=[32m"115"[39m
                  [33mfill[39m=[32m"#F2C090"[39m
                  [33mrx[39m=[32m"50"[39m
                  [33mry[39m=[32m"56"[39m
                [36m/>[39m
                [36m<ellipse[39m
                  [33mcx[39m=[32m"100"[39m
                  [33mcy[39m=[32m"88"[39m
                  [33mfill[39m=[32m"#180E06"[39m
                  [33mrx[39m=[32m"52"[39m
                  [33mry[39m=[32m"44"[39m
                [36m/>[39m
                [36m<path[39m
                  [33md[39m=[32m"M50 96 Q47 120 50 152"[39m
                  [33mfill[39m=[32m"none"[39m
                  [33mstroke[39m=[32m"#180E06"[39m
                  [33mstroke-linecap[39m=[32m"round"[39m
                  [33mstroke-width[39m=[32m"10"[39m
                [36m/>[39m
                [36m<path[39m
                  [33md[39m=[32m"M150 96 Q153 120 150 152"[39m
                  [33mfill[39m=[32m"none"[39m
                  [33mstroke[39m=[32m"#180E06"[39m
                  [33mstroke-linecap[39m=[32m"round"[39m
                  [33mstroke-width[39m=[32m"10"[39m
                [36m/>[39m
                [36m<ellipse[39m
                  [33mcx[39m=[32m"100"[39m
                  [33mcy[39m=[32m"122"[39m
                  [33mfill[39m=[32m"#F2C090"[39m
                  [33mrx[39m=[32m"46"[39m
                  [33mry[39m=[32m"52"[39m
                [36m/>[39m
                [36m<path[39m
                  [33md[39m=[32m"M54 98 Q58 68 100 63 Q142 68 146 98 Q132 78 100 76 Q68 78 54 98Z"[39m
                  [33mfill[39m=[32m"#180E06"[39m
                [36m/>[39m
                [36m<ellipse[39m
                  [33mcx[39m=[32m"100"[39m
                  [33mcy[39m=[32m"60"[39m
                  [33mfill[39m=[32m"#180E06"[39m
                  [33mrx[39m=[32m"18"[39m
                  [33mry[39m=[32m"14"[39m
                [36m/>[39m
                [36m<circle[39m
                  [33mcx[39m=[32m"52"[39m
                  [33mcy[39m=[32m"128"[39m
                  [33mfill[39m=[32m"#EDE8E0"[39m
                  [33mr[39m=[32m"5"[39m
                [36m/>[39m
                [36m<circle[39m
                  [33mcx[39m=[32m"148"[39m
                  [33mcy[39m=[32m"128"[39m
                  [33mfill[39m=[32m"#EDE8E0"[39m
                  [33mr[39m=[32m"5"[39m
                [36m/>[39m
                [36m<path[39m
                  [33md[39m=[32m"M71 93 Q82 87 93 91"[39m
                  [33mfill[39m=[32m"none"[39m
                  [33mstroke[39m=[32m"#180E06"[39m
                  [33mstroke-linecap[39m=[32m"round"[39m
                  [33mstroke-width[39m=[32m"2.2"[39m
                [36m/>[39m
                [36m<path[39m
                  [33md[39m=[32m"M107 91 Q118 87 129 93"[39m
                  [33mfill[39m=[32m"none"[39m
                  [33mstroke[39m=[32m"#180E06"[39m
                  [33mstroke-linecap[39m=[32m"round"[39m
                  [33mstroke-width[39m=[32m"2.2"[39m
                [36m/>[39m
                [36m<ellipse[39m
                  [33mcx[39m=[32m"82"[39m
                  [33mcy[39m=[32m"108"[39m
                  [33mfill[39m=[32m"white"[39m
                  [33mrx[39m=[32m"11.5"[39m
                  [33mry[39m=[32m"9.5"[39m
                [36m/>[39m
                [36m<ellipse[39m
                  [33mcx[39m=[32m"118"[39m
                  [33mcy[39m=[32m"108"[39m
                  [33mfill[39m=[32m"white"[39m
                  [33mrx[39m=[32m"11.5"[39m
                  [33mry[39m=[32m"9.5"[39m
                [36m/>[39m
                [36m<ellipse[39m
                  [33mcx[39m=[32m"82"[39m
                  [33mcy[39m=[32m"109"[39m
                  [33mfill[39m=[32m"#6B4020"[39m
                  [33mrx[39m=[32m"7"[39m
                  [33mry[39m=[32m"7.5"[39m
                [36m/>[39m
                [36m<ellipse[39m
                  [33mcx[39m=[32m"118"[39m
                  [33mcy[39m=[32m"109"[39m
                  [33mfill[39m=[32m"#6B4020"[39m
                  [33mrx[39m=[32m"7"[39m
                  [33mry[39m=[32m"7.5"[39m
                [36m/>[39m
                [36m<circle[39m
                  [33mcx[39m=[32m"82.5"[39m
                  [33mcy[39m=[32m"110"[39m
                  [33mfill[39m=[32m"#0f0a06"[39m
                  [33mr[39m=[32m"4"[39m
                [36m/>[39m
                [36m<circle[39m
                  [33mcx[39m=[32m"118.5"[39m
                  [33mcy[39m=[32m"110"[39m
                  [33mfill[39m=[32m"#0f0a06"[39m
                  [33mr[39m=[32m"4"[39m
                [36m/>[39m
                [36m<circle[39m
                  [33mcx[39m=[32m"85"[39m
                  [33mcy[39m=[32m"107"[39m
                  [33mfill[39m=[32m"white"[39m
                  [33mopacity[39m=[32m"0.95"[39m
                  [33mr[39m=[32m"2"[39m
                [36m/>[39m
                [36m<circle[39m
                  [33mcx[39m=[32m"121"[39m
                  [33mcy[39m=[32m"107"[39m
                  [33mfill[39m=[32m"white"[39m
                  [33mopacity[39m=[32m"0.95"[39m
                  [33mr[39m=[32m"2"[39m
                [36m/>[39m
                [36m<ellipse[39m
                  [33mclass[39m=[32m"eyelidL"[39m
                  [33mcx[39m=[32m"82"[39m
                  [33mcy[39m=[32m"108"[39m
                  [33mfill[39m=[32m"#F2C090"[39m
                  [33mrx[39m=[32m"11.5"[39m
                  [33mry[39m=[32m"9.5"[39m
                [36m/>[39m
                [36m<ellipse[39m
                  [33mclass[39m=[32m"eyelidR"[39m
                  [33mcx[39m=[32m"118"[39m
                  [33mcy[39m=[32m"108"[39m
                  [33mfill[39m=[32m"#F2C090"[39m
                  [33mrx[39m=[32m"11.5"[39m
                  [33mry[39m=[32m"9.5"[39m
                [36m/>[39m
                [36m<rect[39m
                  [33mfill[39m=[32m"none"[39m
                  [33mheight[39m=[32m"16"[39m
                  [33mrx[39m=[32m"3"[39m
                  [33mstroke[39m=[32m"#1a1a2e"[39m
                  [33mstroke-width[39m=[32m"2"[39m
                  [33mwidth[39m=[32m"28"[39m
                  [33mx[39m=[32m"68"[39m
                  [33my[39m=[32m"101"[39m
                [36m/>[39m
                [36m<rect[39m
                  [33mfill[39m=[32m"none"[39m
                  [33mheight[39m=[32m"16"[39m
                  [33mrx[39m=[32m"3"[39m
                  [33mstroke[39m=[32m"#1a1a2e"[39m
                  [33mstroke-width[39m=[32m"2"[39m
                  [33mwidth[39m=[32m"28"[39m
                  [33mx[39m=[32m"104"[39m
                  [33my[39m=[32m"101"[39m
                [36m/>[39m
                [36m<line[39m
                  [33mstroke[39m=[32m"#1a1a2e"[39m
                  [33mstroke-width[39m=[32m"2"[39m
                  [33mx1[39m=[32m"96"[39m
                  [33mx2[39m=[32m"104"[39m
                  [33my1[39m=[32m"109"[39m
                  [33my2[39m=[32m"109"[39m
                [36m/>[39m
                [36m<path[39m
                  [33md[39m=[32m"M96 124 Q100 131 104 124"[39m
                  [33mfill[39m=[32m"none"[39m
                  [33mstroke[39m=[32m"#c8884a"[39m
                  [33mstroke-linecap[39m=[32m"round"[39m
                  [33mstroke-width[39m=[32m"1.5"[39m
                [36m/>[39m
                [36m<path[39m
                  [33mclass[39m=[32m"mouthSmile"[39m
                  [33md[39m=[32m"M90 138 Q100 146 110 138"[39m
                  [33mfill[39m=[32m"none"[39m
                  [33mstroke[39m=[32m"#8B3A2A"[39m
                  [33mstroke-linecap[39m=[32m"round"[39m
                  [33mstroke-width[39m=[32m"2.2"[39m
                [36m/>[39m
                [36m<g[39m
                  [33mclass[39m=[32m"mouthSpeakGroup"[39m
                [36m>[39m
                  [36m<ellipse[39m
                    [33mcx[39m=[32m"100"[39m
                    [33mcy[39m=[32m"141"[39m
                    [33mfill[39m=[32m"#8B3A2A"[39m
                    [33mrx[39m=[32m"10"[39m
                    [33mry[39m=[32m"7.5"[39m
                  [36m/>[39m
                  [36m<ellipse[39m
                    [33mcx[39m=[32m"100"[39m
                    [33mcy[39m=[32m"142"[39m
                    [33mfill[39m=[32m"#4a0f0f"[39m
                    [33mrx[39m=[32m"6.5"[39m
                    [33mry[39m=[32m"4.5"[39m
                  [36m/>[39m
                [36m</g>[39m
                [36m<ellipse[39m
                  [33mclass[39m=[32m"mouthThink"[39m
                  [33mcx[39m=[32m"100"[39m
                  [33mcy[39m=[32m"140"[39m
                  [33mfill[39m=[32m"none"[39m
                  [33mrx[39m=[32m"5.5"[39m
                  [33mry[39m=[32m"4.5"[39m
                  [33mstroke[39m=[32m"#8B3A2A"[39m
                  [33mstroke-width[39m=[32m"2"[39m
                [36m/>[39m
              [36m</svg>[39m
            [36m</div>[39m
            [36m<span[39m
              [33mclass[39m=[32m"fabOnline"[39m
            [36m/>[39m
          [36m</div>[39m
          [36m<div[39m
            [33mclass[39m=[32m"fabInfo"[39m
          [36m>[39m
            [36m<span[39m
              [33mclass[39m=[32m"fabName"[39m
            [36m>[39m
              [0mSara[0m
            [36m</span>[39m
            [36m<span[39m
              [33mclass[39m=[32m"fabSub"[39m
            [36m>[39m
              [0mAI Assistant · online[0m
            [36m</span>[39m
          [36m</div>[39m
        [36m</button>[39m
      [36m</div>[39m
    [36m</body>[39m

      85 |     render(<SaraWidget />);
      86 |     fireEvent.click(screen.getByText('Sara'));
    > 87 |     expect(screen.getByPlaceholderText('Ask Sara anything…')).toBeInTheDocument();
         |                   ^
      88 |
      89 |     const closeBtn = screen.getByLabelText('Close');
      90 |     fireEvent.click(closeBtn);

      at Object.getElementError (node_modules/@testing-library/dom/dist/config.js:37:19)
      at node_modules/@testing-library/dom/dist/query-helpers.js:76:38
      at node_modules/@testing-library/dom/dist/query-helpers.js:52:17
      at node_modules/@testing-library/dom/dist/query-helpers.js:95:19
      at Object.getByPlaceholderText (src/components/Support/SaraWidget.test.tsx:87:19)

  ● SaraWidget › renders suggestion chips

    TestingLibraryElementError: Unable to find an element with the text: How it works?. This could be because the text is broken up by multiple elements. In this case, you can provide a function for your text matcher to make your matcher more flexible.

    Ignored nodes: comments, script, style
    [36m<body>[39m
      [36m<div>[39m
        [36m<button[39m
          [33mclass[39m=[32m"fab"[39m
        [36m>[39m
          [36m<div[39m
            [33mclass[39m=[32m"fabFaceWrap"[39m
          [36m>[39m
            [36m<div[39m
              [33mclass[39m=[32m"fabFaceClip"[39m
            [36m>[39m
              [36m<svg[39m
                [33maria-hidden[39m=[32m"true"[39m
                [33mclass[39m=[32m"charSvg"[39m
                [33mviewBox[39m=[32m"0 0 200 240"[39m
                [33mxmlns[39m=[32m"http://www.w3.org/2000/svg"[39m
              [36m>[39m
                [36m<path[39m
                  [33md[39m=[32m"M22 248 L36 194 C54 180 80 187 90 197 L100 226 L110 197 C120 187 146 180 164 194 L178 248Z"[39m
                  [33mfill[39m=[32m"#1a2840"[39m
                [36m/>[39m
                [36m<path[39m
                  [33md[39m=[32m"M90 197 L100 226 L82 211 L70 196Z"[39m
                  [33mfill[39m=[32m"#223255"[39m
                [36m/>[39m
                [36m<path[39m
                  [33md[39m=[32m"M110 197 L100 226 L118 211 L130 196Z"[39m
                  [33mfill[39m=[32m"#223255"[39m
                [36m/>[39m
                [36m<polygon[39m
                  [33mfill[39m=[32m"#f8fafc"[39m
                  [33mpoints[39m=[32m"86,157 100,228 114,157"[39m
                [36m/>[39m
                [36m<path[39m
                  [33md[39m=[32m"M86 157 L68 177 L86 168Z"[39m
                  [33mfill[39m=[32m"#f8fafc"[39m
                [36m/>[39m
                [36m<path[39m
                  [33md[39m=[32m"M114 157 L132 177 L114 168Z"[39m
                  [33mfill[39m=[32m"#f8fafc"[39m
                [36m/>[39m
                [36m<circle[39m
                  [33mcx[39m=[32m"100"[39m
                  [33mcy[39m=[32m"163"[39m
                  [33mfill[39m=[32m"#c7d2fe"[39m
                  [33mr[39m=[32m"5"[39m
                [36m/>[39m
                [36m<circle[39m
                  [33mcx[39m=[32m"100"[39m
                  [33mcy[39m=[32m"163"[39m
                  [33mfill[39m=[32m"#6366f1"[39m
                  [33mr[39m=[32m"2.8"[39m
                [36m/>[39m
                [36m<rect[39m
                  [33mfill[39m=[32m"#F2C090"[39m
                  [33mheight[39m=[32m"46"[39m
                  [33mrx[39m=[32m"8"[39m
                  [33mwidth[39m=[32m"20"[39m
                  [33mx[39m=[32m"90"[39m
                  [33my[39m=[32m"155"[39m
                [36m/>[39m
                [36m<ellipse[39m
                  [33mcx[39m=[32m"100"[39m
                  [33mcy[39m=[32m"115"[39m
                  [33mfill[39m=[32m"#F2C090"[39m
                  [33mrx[39m=[32m"50"[39m
                  [33mry[39m=[32m"56"[39m
                [36m/>[39m
                [36m<ellipse[39m
                  [33mcx[39m=[32m"100"[39m
                  [33mcy[39m=[32m"88"[39m
                  [33mfill[39m=[32m"#180E06"[39m
                  [33mrx[39m=[32m"52"[39m
                  [33mry[39m=[32m"44"[39m
                [36m/>[39m
                [36m<path[39m
                  [33md[39m=[32m"M50 96 Q47 120 50 152"[39m
                  [33mfill[39m=[32m"none"[39m
                  [33mstroke[39m=[32m"#180E06"[39m
                  [33mstroke-linecap[39m=[32m"round"[39m
                  [33mstroke-width[39m=[32m"10"[39m
                [36m/>[39m
                [36m<path[39m
                  [33md[39m=[32m"M150 96 Q153 120 150 152"[39m
                  [33mfill[39m=[32m"none"[39m
                  [33mstroke[39m=[32m"#180E06"[39m
                  [33mstroke-linecap[39m=[32m"round"[39m
                  [33mstroke-width[39m=[32m"10"[39m
                [36m/>[39m
                [36m<ellipse[39m
                  [33mcx[39m=[32m"100"[39m
                  [33mcy[39m=[32m"122"[39m
                  [33mfill[39m=[32m"#F2C090"[39m
                  [33mrx[39m=[32m"46"[39m
                  [33mry[39m=[32m"52"[39m
                [36m/>[39m
                [36m<path[39m
                  [33md[39m=[32m"M54 98 Q58 68 100 63 Q142 68 146 98 Q132 78 100 76 Q68 78 54 98Z"[39m
                  [33mfill[39m=[32m"#180E06"[39m
                [36m/>[39m
                [36m<ellipse[39m
                  [33mcx[39m=[32m"100"[39m
                  [33mcy[39m=[32m"60"[39m
                  [33mfill[39m=[32m"#180E06"[39m
                  [33mrx[39m=[32m"18"[39m
                  [33mry[39m=[32m"14"[39m
                [36m/>[39m
                [36m<circle[39m
                  [33mcx[39m=[32m"52"[39m
                  [33mcy[39m=[32m"128"[39m
                  [33mfill[39m=[32m"#EDE8E0"[39m
                  [33mr[39m=[32m"5"[39m
                [36m/>[39m
                [36m<circle[39m
                  [33mcx[39m=[32m"148"[39m
                  [33mcy[39m=[32m"128"[39m
                  [33mfill[39m=[32m"#EDE8E0"[39m
                  [33mr[39m=[32m"5"[39m
                [36m/>[39m
                [36m<path[39m
                  [33md[39m=[32m"M71 93 Q82 87 93 91"[39m
                  [33mfill[39m=[32m"none"[39m
                  [33mstroke[39m=[32m"#180E06"[39m
                  [33mstroke-linecap[39m=[32m"round"[39m
                  [33mstroke-width[39m=[32m"2.2"[39m
                [36m/>[39m
                [36m<path[39m
                  [33md[39m=[32m"M107 91 Q118 87 129 93"[39m
                  [33mfill[39m=[32m"none"[39m
                  [33mstroke[39m=[32m"#180E06"[39m
                  [33mstroke-linecap[39m=[32m"round"[39m
                  [33mstroke-width[39m=[32m"2.2"[39m
                [36m/>[39m
                [36m<ellipse[39m
                  [33mcx[39m=[32m"82"[39m
                  [33mcy[39m=[32m"108"[39m
                  [33mfill[39m=[32m"white"[39m
                  [33mrx[39m=[32m"11.5"[39m
                  [33mry[39m=[32m"9.5"[39m
                [36m/>[39m
                [36m<ellipse[39m
                  [33mcx[39m=[32m"118"[39m
                  [33mcy[39m=[32m"108"[39m
                  [33mfill[39m=[32m"white"[39m
                  [33mrx[39m=[32m"11.5"[39m
                  [33mry[39m=[32m"9.5"[39m
                [36m/>[39m
                [36m<ellipse[39m
                  [33mcx[39m=[32m"82"[39m
                  [33mcy[39m=[32m"109"[39m
                  [33mfill[39m=[32m"#6B4020"[39m
                  [33mrx[39m=[32m"7"[39m
                  [33mry[39m=[32m"7.5"[39m
                [36m/>[39m
                [36m<ellipse[39m
                  [33mcx[39m=[32m"118"[39m
                  [33mcy[39m=[32m"109"[39m
                  [33mfill[39m=[32m"#6B4020"[39m
                  [33mrx[39m=[32m"7"[39m
                  [33mry[39m=[32m"7.5"[39m
                [36m/>[39m
                [36m<circle[39m
                  [33mcx[39m=[32m"82.5"[39m
                  [33mcy[39m=[32m"110"[39m
                  [33mfill[39m=[32m"#0f0a06"[39m
                  [33mr[39m=[32m"4"[39m
                [36m/>[39m
                [36m<circle[39m
                  [33mcx[39m=[32m"118.5"[39m
                  [33mcy[39m=[32m"110"[39m
                  [33mfill[39m=[32m"#0f0a06"[39m
                  [33mr[39m=[32m"4"[39m
                [36m/>[39m
                [36m<circle[39m
                  [33mcx[39m=[32m"85"[39m
                  [33mcy[39m=[32m"107"[39m
                  [33mfill[39m=[32m"white"[39m
                  [33mopacity[39m=[32m"0.95"[39m
                  [33mr[39m=[32m"2"[39m
                [36m/>[39m
                [36m<circle[39m
                  [33mcx[39m=[32m"121"[39m
                  [33mcy[39m=[32m"107"[39m
                  [33mfill[39m=[32m"white"[39m
                  [33mopacity[39m=[32m"0.95"[39m
                  [33mr[39m=[32m"2"[39m
                [36m/>[39m
                [36m<ellipse[39m
                  [33mclass[39m=[32m"eyelidL"[39m
                  [33mcx[39m=[32m"82"[39m
                  [33mcy[39m=[32m"108"[39m
                  [33mfill[39m=[32m"#F2C090"[39m
                  [33mrx[39m=[32m"11.5"[39m
                  [33mry[39m=[32m"9.5"[39m
                [36m/>[39m
                [36m<ellipse[39m
                  [33mclass[39m=[32m"eyelidR"[39m
                  [33mcx[39m=[32m"118"[39m
                  [33mcy[39m=[32m"108"[39m
                  [33mfill[39m=[32m"#F2C090"[39m
                  [33mrx[39m=[32m"11.5"[39m
                  [33mry[39m=[32m"9.5"[39m
                [36m/>[39m
                [36m<rect[39m
                  [33mfill[39m=[32m"none"[39m
                  [33mheight[39m=[32m"16"[39m
                  [33mrx[39m=[32m"3"[39m
                  [33mstroke[39m=[32m"#1a1a2e"[39m
                  [33mstroke-width[39m=[32m"2"[39m
                  [33mwidth[39m=[32m"28"[39m
                  [33mx[39m=[32m"68"[39m
                  [33my[39m=[32m"101"[39m
                [36m/>[39m
                [36m<rect[39m
                  [33mfill[39m=[32m"none"[39m
                  [33mheight[39m=[32m"16"[39m
                  [33mrx[39m=[32m"3"[39m
                  [33mstroke[39m=[32m"#1a1a2e"[39m
                  [33mstroke-width[39m=[32m"2"[39m
                  [33mwidth[39m=[32m"28"[39m
                  [33mx[39m=[32m"104"[39m
                  [33my[39m=[32m"101"[39m
                [36m/>[39m
                [36m<line[39m
                  [33mstroke[39m=[32m"#1a1a2e"[39m
                  [33mstroke-width[39m=[32m"2"[39m
                  [33mx1[39m=[32m"96"[39m
                  [33mx2[39m=[32m"104"[39m
                  [33my1[39m=[32m"109"[39m
                  [33my2[39m=[32m"109"[39m
                [36m/>[39m
                [36m<path[39m
                  [33md[39m=[32m"M96 124 Q100 131 104 124"[39m
                  [33mfill[39m=[32m"none"[39m
                  [33mstroke[39m=[32m"#c8884a"[39m
                  [33mstroke-linecap[39m=[32m"round"[39m
                  [33mstroke-width[39m=[32m"1.5"[39m
                [36m/>[39m
                [36m<path[39m
                  [33mclass[39m=[32m"mouthSmile"[39m
                  [33md[39m=[32m"M90 138 Q100 146 110 138"[39m
                  [33mfill[39m=[32m"none"[39m
                  [33mstroke[39m=[32m"#8B3A2A"[39m
                  [33mstroke-linecap[39m=[32m"round"[39m
                  [33mstroke-width[39m=[32m"2.2"[39m
                [36m/>[39m
                [36m<g[39m
                  [33mclass[39m=[32m"mouthSpeakGroup"[39m
                [36m>[39m
                  [36m<ellipse[39m
                    [33mcx[39m=[32m"100"[39m
                    [33mcy[39m=[32m"141"[39m
                    [33mfill[39m=[32m"#8B3A2A"[39m
                    [33mrx[39m=[32m"10"[39m
                    [33mry[39m=[32m"7.5"[39m
                  [36m/>[39m
                  [36m<ellipse[39m
                    [33mcx[39m=[32m"100"[39m
                    [33mcy[39m=[32m"142"[39m
                    [33mfill[39m=[32m"#4a0f0f"[39m
                    [33mrx[39m=[32m"6.5"[39m
                    [33mry[39m=[32m"4.5"[39m
                  [36m/>[39m
                [36m</g>[39m
                [36m<ellipse[39m
                  [33mclass[39m=[32m"mouthThink"[39m
                  [33mcx[39m=[32m"100"[39m
                  [33mcy[39m=[32m"140"[39m
                  [33mfill[39m=[32m"none"[39m
                  [33mrx[39m=[32m"5.5"[39m
                  [33mry[39m=[32m"4.5"[39m
                  [33mstroke[39m=[32m"#8B3A2A"[39m
                  [33mstroke-width[39m=[32m"2"[39m
                [36m/>[39m
              [36m</svg>[39m
            [36m</div>[39m
            [36m<span[39m
              [33mclass[39m=[32m"fabOnline"[39m
            [36m/>[39m
          [36m</div>[39m
          [36m<div[39m
            [33mclass[39m=[32m"fabInfo"[39m
          [36m>[39m
            [36m<span[39m
              [33mclass[39m=[32m"fabName"[39m
            [36m>[39m
              [0mSara[0m
            [36m</span>[39m
            [36m<span[39m
              [33mclass[39m=[32m"fabSub"[39m
            [36m>[39m
              [0mAI Assistant · online[0m
            [36m</span>[39m
          [36m</div>[39m
        [36m</button>[39m
      [36m</div>[39m
    [36m</body>[39m

       95 |   it('renders suggestion chips', () => {
       96 |     render(<SaraWidget />);
    >  97 |     expect(screen.getByText('How it works?')).toBeInTheDocument();
          |                   ^
       98 |   });
       99 |
      100 |   it('has muted toggle button', () => {

      at Object.getElementError (node_modules/@testing-library/dom/dist/config.js:37:19)
      at node_modules/@testing-library/dom/dist/query-helpers.js:76:38
      at node_modules/@testing-library/dom/dist/query-helpers.js:52:17
      at node_modules/@testing-library/dom/dist/query-helpers.js:95:19
      at Object.getByText (src/components/Support/SaraWidget.test.tsx:97:19)

  ● SaraWidget › has muted toggle button

    expect(received).toBeInTheDocument()

    received value must be an HTMLElement or an SVGElement.
    Received has value: null

      103 |     // The button has no label, just icon - check existence
      104 |     const inputZone = document.querySelector('[class*="inputZone"]');
    > 105 |     expect(inputZone).toBeInTheDocument();
          |                       ^
      106 |   });
      107 | });

      at __EXTERNAL_MATCHER_TRAP__ (node_modules/expect/build/index.js:2240:22)
      at Object.throwingMatcher [as toBeInTheDocument] (node_modules/expect/build/index.js:2241:6)
      at Object.toBeInTheDocument (src/components/Support/SaraWidget.test.tsx:105:23)

FAIL src/components/Wizard/CreateProjectModal.test.tsx
  ● CreateProjectModal › renders modal title

    Element type is invalid: expected a string (for built-in components) or a class/function (for composite components) but got: undefined. You likely forgot to export your component from the file it's defined in, or you might have mixed up default and named imports.

    Check the render method of `CreateProjectModal`.

      14 |
      15 |   it('renders modal title', () => {
    > 16 |     render(<CreateProjectModal isOpen={true} onClose={jest.fn()} />);
         |           ^
      17 |     expect(screen.getByText('Create new presentation')).toBeInTheDocument();
      18 |   });
      19 |

      at createFiberFromTypeAndProps (node_modules/react-dom/cjs/react-dom-client.development.js:5021:28)
      at createFiberFromElement (node_modules/react-dom/cjs/react-dom-client.development.js:5035:14)
      at reconcileChildFibersImpl (node_modules/react-dom/cjs/react-dom-client.development.js:6920:31)
      at node_modules/react-dom/cjs/react-dom-client.development.js:7098:33
      at reconcileChildren (node_modules/react-dom/cjs/react-dom-client.development.js:9701:13)
      at beginWork (node_modules/react-dom/cjs/react-dom-client.development.js:12049:13)
      at runWithFiberInDEV (node_modules/react-dom/cjs/react-dom-client.development.js:874:13)
      at performUnitOfWork (node_modules/react-dom/cjs/react-dom-client.development.js:17641:22)
      at workLoopSync (node_modules/react-dom/cjs/react-dom-client.development.js:17469:41)
      at renderRootSync (node_modules/react-dom/cjs/react-dom-client.development.js:17450:11)
      at performWorkOnRoot (node_modules/react-dom/cjs/react-dom-client.development.js:16583:35)
      at performWorkOnRootViaSchedulerTask (node_modules/react-dom/cjs/react-dom-client.development.js:18957:7)
      at flushActQueue (node_modules/react/cjs/react.development.js:590:34)
      at process.env.NODE_ENV.exports.act (node_modules/react/cjs/react.development.js:884:10)
      at node_modules/@testing-library/react/dist/act-compat.js:46:25
      at renderRoot (node_modules/@testing-library/react/dist/pure.js:189:26)
      at render (node_modules/@testing-library/react/dist/pure.js:291:10)
      at Object.<anonymous> (src/components/Wizard/CreateProjectModal.test.tsx:16:11)

  ● CreateProjectModal › renders all tabs

    Element type is invalid: expected a string (for built-in components) or a class/function (for composite components) but got: undefined. You likely forgot to export your component from the file it's defined in, or you might have mixed up default and named imports.

    Check the render method of `CreateProjectModal`.

      19 |
      20 |   it('renders all tabs', () => {
    > 21 |     render(<CreateProjectModal isOpen={true} onClose={jest.fn()} />);
         |           ^
      22 |     expect(screen.getByText('Upload file')).toBeInTheDocument();
      23 |     expect(screen.getByText('Upload video')).toBeInTheDocument();
      24 |     expect(screen.getByText('Start from scratch')).toBeInTheDocument();

      at createFiberFromTypeAndProps (node_modules/react-dom/cjs/react-dom-client.development.js:5021:28)
      at createFiberFromElement (node_modules/react-dom/cjs/react-dom-client.development.js:5035:14)
      at reconcileChildFibersImpl (node_modules/react-dom/cjs/react-dom-client.development.js:6920:31)
      at node_modules/react-dom/cjs/react-dom-client.development.js:7098:33
      at reconcileChildren (node_modules/react-dom/cjs/react-dom-client.development.js:9701:13)
      at beginWork (node_modules/react-dom/cjs/react-dom-client.development.js:12049:13)
      at runWithFiberInDEV (node_modules/react-dom/cjs/react-dom-client.development.js:874:13)
      at performUnitOfWork (node_modules/react-dom/cjs/react-dom-client.development.js:17641:22)
      at workLoopSync (node_modules/react-dom/cjs/react-dom-client.development.js:17469:41)
      at renderRootSync (node_modules/react-dom/cjs/react-dom-client.development.js:17450:11)
      at performWorkOnRoot (node_modules/react-dom/cjs/react-dom-client.development.js:16583:35)
      at performWorkOnRootViaSchedulerTask (node_modules/react-dom/cjs/react-dom-client.development.js:18957:7)
      at flushActQueue (node_modules/react/cjs/react.development.js:590:34)
      at process.env.NODE_ENV.exports.act (node_modules/react/cjs/react.development.js:884:10)
      at node_modules/@testing-library/react/dist/act-compat.js:46:25
      at renderRoot (node_modules/@testing-library/react/dist/pure.js:189:26)
      at render (node_modules/@testing-library/react/dist/pure.js:291:10)
      at Object.<anonymous> (src/components/Wizard/CreateProjectModal.test.tsx:21:11)

  ● CreateProjectModal › renders project name input

    Element type is invalid: expected a string (for built-in components) or a class/function (for composite components) but got: undefined. You likely forgot to export your component from the file it's defined in, or you might have mixed up default and named imports.

    Check the render method of `CreateProjectModal`.

      28 |
      29 |   it('renders project name input', () => {
    > 30 |     render(<CreateProjectModal isOpen={true} onClose={jest.fn()} />);
         |           ^
      31 |     expect(screen.getByPlaceholderText('Presentation name')).toBeInTheDocument();
      32 |   });
      33 |

      at createFiberFromTypeAndProps (node_modules/react-dom/cjs/react-dom-client.development.js:5021:28)
      at createFiberFromElement (node_modules/react-dom/cjs/react-dom-client.development.js:5035:14)
      at reconcileChildFibersImpl (node_modules/react-dom/cjs/react-dom-client.development.js:6920:31)
      at node_modules/react-dom/cjs/react-dom-client.development.js:7098:33
      at reconcileChildren (node_modules/react-dom/cjs/react-dom-client.development.js:9701:13)
      at beginWork (node_modules/react-dom/cjs/react-dom-client.development.js:12049:13)
      at runWithFiberInDEV (node_modules/react-dom/cjs/react-dom-client.development.js:874:13)
      at performUnitOfWork (node_modules/react-dom/cjs/react-dom-client.development.js:17641:22)
      at workLoopSync (node_modules/react-dom/cjs/react-dom-client.development.js:17469:41)
      at renderRootSync (node_modules/react-dom/cjs/react-dom-client.development.js:17450:11)
      at performWorkOnRoot (node_modules/react-dom/cjs/react-dom-client.development.js:16583:35)
      at performWorkOnRootViaSchedulerTask (node_modules/react-dom/cjs/react-dom-client.development.js:18957:7)
      at flushActQueue (node_modules/react/cjs/react.development.js:590:34)
      at process.env.NODE_ENV.exports.act (node_modules/react/cjs/react.development.js:884:10)
      at node_modules/@testing-library/react/dist/act-compat.js:46:25
      at renderRoot (node_modules/@testing-library/react/dist/pure.js:189:26)
      at render (node_modules/@testing-library/react/dist/pure.js:291:10)
      at Object.<anonymous> (src/components/Wizard/CreateProjectModal.test.tsx:30:11)

  ● CreateProjectModal › disables create button when no file selected

    Element type is invalid: expected a string (for built-in components) or a class/function (for composite components) but got: undefined. You likely forgot to export your component from the file it's defined in, or you might have mixed up default and named imports.

    Check the render method of `CreateProjectModal`.

      33 |
      34 |   it('disables create button when no file selected', () => {
    > 35 |     render(<CreateProjectModal isOpen={true} onClose={jest.fn()} />);
         |           ^
      36 |     expect(screen.getByText('Create')).toBeDisabled();
      37 |   });
      38 |

      at createFiberFromTypeAndProps (node_modules/react-dom/cjs/react-dom-client.development.js:5021:28)
      at createFiberFromElement (node_modules/react-dom/cjs/react-dom-client.development.js:5035:14)
      at reconcileChildFibersImpl (node_modules/react-dom/cjs/react-dom-client.development.js:6920:31)
      at node_modules/react-dom/cjs/react-dom-client.development.js:7098:33
      at reconcileChildren (node_modules/react-dom/cjs/react-dom-client.development.js:9701:13)
      at beginWork (node_modules/react-dom/cjs/react-dom-client.development.js:12049:13)
      at runWithFiberInDEV (node_modules/react-dom/cjs/react-dom-client.development.js:874:13)
      at performUnitOfWork (node_modules/react-dom/cjs/react-dom-client.development.js:17641:22)
      at workLoopSync (node_modules/react-dom/cjs/react-dom-client.development.js:17469:41)
      at renderRootSync (node_modules/react-dom/cjs/react-dom-client.development.js:17450:11)
      at performWorkOnRoot (node_modules/react-dom/cjs/react-dom-client.development.js:16583:35)
      at performWorkOnRootViaSchedulerTask (node_modules/react-dom/cjs/react-dom-client.development.js:18957:7)
      at flushActQueue (node_modules/react/cjs/react.development.js:590:34)
      at process.env.NODE_ENV.exports.act (node_modules/react/cjs/react.development.js:884:10)
      at node_modules/@testing-library/react/dist/act-compat.js:46:25
      at renderRoot (node_modules/@testing-library/react/dist/pure.js:189:26)
      at render (node_modules/@testing-library/react/dist/pure.js:291:10)
      at Object.<anonymous> (src/components/Wizard/CreateProjectModal.test.tsx:35:11)

  ● CreateProjectModal › renders file upload zone

    Element type is invalid: expected a string (for built-in components) or a class/function (for composite components) but got: undefined. You likely forgot to export your component from the file it's defined in, or you might have mixed up default and named imports.

    Check the render method of `CreateProjectModal`.

      38 |
      39 |   it('renders file upload zone', () => {
    > 40 |     render(<CreateProjectModal isOpen={true} onClose={jest.fn()} />);
         |           ^
      41 |     expect(screen.getByText('Drag files here')).toBeInTheDocument();
      42 |   });
      43 |

      at createFiberFromTypeAndProps (node_modules/react-dom/cjs/react-dom-client.development.js:5021:28)
      at createFiberFromElement (node_modules/react-dom/cjs/react-dom-client.development.js:5035:14)
      at reconcileChildFibersImpl (node_modules/react-dom/cjs/react-dom-client.development.js:6920:31)
      at node_modules/react-dom/cjs/react-dom-client.development.js:7098:33
      at reconcileChildren (node_modules/react-dom/cjs/react-dom-client.development.js:9701:13)
      at beginWork (node_modules/react-dom/cjs/react-dom-client.development.js:12049:13)
      at runWithFiberInDEV (node_modules/react-dom/cjs/react-dom-client.development.js:874:13)
      at performUnitOfWork (node_modules/react-dom/cjs/react-dom-client.development.js:17641:22)
      at workLoopSync (node_modules/react-dom/cjs/react-dom-client.development.js:17469:41)
      at renderRootSync (node_modules/react-dom/cjs/react-dom-client.development.js:17450:11)
      at performWorkOnRoot (node_modules/react-dom/cjs/react-dom-client.development.js:16583:35)
      at performWorkOnRootViaSchedulerTask (node_modules/react-dom/cjs/react-dom-client.development.js:18957:7)
      at flushActQueue (node_modules/react/cjs/react.development.js:590:34)
      at process.env.NODE_ENV.exports.act (node_modules/react/cjs/react.development.js:884:10)
      at node_modules/@testing-library/react/dist/act-compat.js:46:25
      at renderRoot (node_modules/@testing-library/react/dist/pure.js:189:26)
      at render (node_modules/@testing-library/react/dist/pure.js:291:10)
      at Object.<anonymous> (src/components/Wizard/CreateProjectModal.test.tsx:40:11)

  ● CreateProjectModal › renders template options

    Element type is invalid: expected a string (for built-in components) or a class/function (for composite components) but got: undefined. You likely forgot to export your component from the file it's defined in, or you might have mixed up default and named imports.

    Check the render method of `CreateProjectModal`.

      43 |
      44 |   it('renders template options', () => {
    > 45 |     render(<CreateProjectModal isOpen={true} onClose={jest.fn()} />);
         |           ^
      46 |     // Switch to template tab
      47 |     fireEvent.click(screen.getByText('Start from template'));
      48 |     expect(screen.getByText('B2B Sales Pitch')).toBeInTheDocument();

      at createFiberFromTypeAndProps (node_modules/react-dom/cjs/react-dom-client.development.js:5021:28)
      at createFiberFromElement (node_modules/react-dom/cjs/react-dom-client.development.js:5035:14)
      at reconcileChildFibersImpl (node_modules/react-dom/cjs/react-dom-client.development.js:6920:31)
      at node_modules/react-dom/cjs/react-dom-client.development.js:7098:33
      at reconcileChildren (node_modules/react-dom/cjs/react-dom-client.development.js:9701:13)
      at beginWork (node_modules/react-dom/cjs/react-dom-client.development.js:12049:13)
      at runWithFiberInDEV (node_modules/react-dom/cjs/react-dom-client.development.js:874:13)
      at performUnitOfWork (node_modules/react-dom/cjs/react-dom-client.development.js:17641:22)
      at workLoopSync (node_modules/react-dom/cjs/react-dom-client.development.js:17469:41)
      at renderRootSync (node_modules/react-dom/cjs/react-dom-client.development.js:17450:11)
      at performWorkOnRoot (node_modules/react-dom/cjs/react-dom-client.development.js:16583:35)
      at performWorkOnRootViaSchedulerTask (node_modules/react-dom/cjs/react-dom-client.development.js:18957:7)
      at flushActQueue (node_modules/react/cjs/react.development.js:590:34)
      at process.env.NODE_ENV.exports.act (node_modules/react/cjs/react.development.js:884:10)
      at node_modules/@testing-library/react/dist/act-compat.js:46:25
      at renderRoot (node_modules/@testing-library/react/dist/pure.js:189:26)
      at render (node_modules/@testing-library/react/dist/pure.js:291:10)
      at Object.<anonymous> (src/components/Wizard/CreateProjectModal.test.tsx:45:11)

  ● CreateProjectModal › closes on cancel click

    Element type is invalid: expected a string (for built-in components) or a class/function (for composite components) but got: undefined. You likely forgot to export your component from the file it's defined in, or you might have mixed up default and named imports.

    Check the render method of `CreateProjectModal`.

      51 |   it('closes on cancel click', () => {
      52 |     const onClose = jest.fn();
    > 53 |     render(<CreateProjectModal isOpen={true} onClose={onClose} />);
         |           ^
      54 |     fireEvent.click(screen.getByText('Cancel'));
      55 |     expect(onClose).toHaveBeenCalledTimes(1);
      56 |   });

      at createFiberFromTypeAndProps (node_modules/react-dom/cjs/react-dom-client.development.js:5021:28)
      at createFiberFromElement (node_modules/react-dom/cjs/react-dom-client.development.js:5035:14)
      at reconcileChildFibersImpl (node_modules/react-dom/cjs/react-dom-client.development.js:6920:31)
      at node_modules/react-dom/cjs/react-dom-client.development.js:7098:33
      at reconcileChildren (node_modules/react-dom/cjs/react-dom-client.development.js:9701:13)
      at beginWork (node_modules/react-dom/cjs/react-dom-client.development.js:12049:13)
      at runWithFiberInDEV (node_modules/react-dom/cjs/react-dom-client.development.js:874:13)
      at performUnitOfWork (node_modules/react-dom/cjs/react-dom-client.development.js:17641:22)
      at workLoopSync (node_modules/react-dom/cjs/react-dom-client.development.js:17469:41)
      at renderRootSync (node_modules/react-dom/cjs/react-dom-client.development.js:17450:11)
      at performWorkOnRoot (node_modules/react-dom/cjs/react-dom-client.development.js:16583:35)
      at performWorkOnRootViaSchedulerTask (node_modules/react-dom/cjs/react-dom-client.development.js:18957:7)
      at flushActQueue (node_modules/react/cjs/react.development.js:590:34)
      at process.env.NODE_ENV.exports.act (node_modules/react/cjs/react.development.js:884:10)
      at node_modules/@testing-library/react/dist/act-compat.js:46:25
      at renderRoot (node_modules/@testing-library/react/dist/pure.js:189:26)
      at render (node_modules/@testing-library/react/dist/pure.js:291:10)
      at Object.<anonymous> (src/components/Wizard/CreateProjectModal.test.tsx:53:11)

  ● CreateProjectModal › navigates to appropriate wizard on create

    TypeError: useRouter.mockReturnValue is not a function

      59 |     const { useRouter } = require('next/navigation');
      60 |     const push = jest.fn();
    > 61 |     useRouter.mockReturnValue({ push });
         |               ^
      62 |     const onClose = jest.fn();
      63 |
      64 |     render(<CreateProjectModal isOpen={true} onClose={onClose} />);

      at Object.mockReturnValue (src/components/Wizard/CreateProjectModal.test.tsx:61:15)

FAIL src/app/api/chat/route.test.ts
  ● Test suite failed to run

    ReferenceError: Request is not defined

      4 |
      5 | jest.mock('@/lib/supabase');
    > 6 |
        | ^
      7 | describe('POST /api/chat', () => {
      8 |   beforeEach(() => {
      9 |     jest.clearAllMocks();

      at Object.Request (node_modules/next/src/server/web/spec-extension/request.ts:14:34)
      at Object.<anonymous> (node_modules/next/server.js:2:16)
      at Object.<anonymous> (src/app/api/chat/route.test.ts:6:17)

FAIL src/app/onboarding/page.test.tsx
  ● Onboarding Page › renders onboarding title

    Element type is invalid: expected a string (for built-in components) or a class/function (for composite components) but got: undefined. You likely forgot to export your component from the file it's defined in, or you might have mixed up default and named imports.

    Check the render method of `OnboardingMaster`.

      14 |
      15 |   it('renders onboarding title', () => {
    > 16 |     render(<OnboardingMaster />);
         |           ^
      17 |     expect(screen.getByText("What's your primary goal?")).toBeInTheDocument();
      18 |   });
      19 |

      at createFiberFromTypeAndProps (node_modules/react-dom/cjs/react-dom-client.development.js:5021:28)
      at createFiberFromElement (node_modules/react-dom/cjs/react-dom-client.development.js:5035:14)
      at createChild (node_modules/react-dom/cjs/react-dom-client.development.js:6338:26)
      at reconcileChildrenArray (node_modules/react-dom/cjs/react-dom-client.development.js:6670:25)
      at reconcileChildFibersImpl (node_modules/react-dom/cjs/react-dom-client.development.js:6993:30)
      at node_modules/react-dom/cjs/react-dom-client.development.js:7098:33
      at reconcileChildren (node_modules/react-dom/cjs/react-dom-client.development.js:9701:13)
      at beginWork (node_modules/react-dom/cjs/react-dom-client.development.js:12049:13)
      at runWithFiberInDEV (node_modules/react-dom/cjs/react-dom-client.development.js:874:13)
      at performUnitOfWork (node_modules/react-dom/cjs/react-dom-client.development.js:17641:22)
      at workLoopSync (node_modules/react-dom/cjs/react-dom-client.development.js:17469:41)
      at renderRootSync (node_modules/react-dom/cjs/react-dom-client.development.js:17450:11)
      at performWorkOnRoot (node_modules/react-dom/cjs/react-dom-client.development.js:16583:35)
      at performWorkOnRootViaSchedulerTask (node_modules/react-dom/cjs/react-dom-client.development.js:18957:7)
      at flushActQueue (node_modules/react/cjs/react.development.js:590:34)
      at process.env.NODE_ENV.exports.act (node_modules/react/cjs/react.development.js:884:10)
      at node_modules/@testing-library/react/dist/act-compat.js:46:25
      at renderRoot (node_modules/@testing-library/react/dist/pure.js:189:26)
      at render (node_modules/@testing-library/react/dist/pure.js:291:10)
      at Object.<anonymous> (src/app/onboarding/page.test.tsx:16:11)

  ● Onboarding Page › renders role options

    Element type is invalid: expected a string (for built-in components) or a class/function (for composite components) but got: undefined. You likely forgot to export your component from the file it's defined in, or you might have mixed up default and named imports.

    Check the render method of `OnboardingMaster`.

      19 |
      20 |   it('renders role options', () => {
    > 21 |     render(<OnboardingMaster />);
         |           ^
      22 |     expect(screen.getByText('Sales & Outreach')).toBeInTheDocument();
      23 |     expect(screen.getByText('Marketing')).toBeInTheDocument();
      24 |     expect(screen.getByText('Training & L&D')).toBeInTheDocument();

      at createFiberFromTypeAndProps (node_modules/react-dom/cjs/react-dom-client.development.js:5021:28)
      at createFiberFromElement (node_modules/react-dom/cjs/react-dom-client.development.js:5035:14)
      at createChild (node_modules/react-dom/cjs/react-dom-client.development.js:6338:26)
      at reconcileChildrenArray (node_modules/react-dom/cjs/react-dom-client.development.js:6670:25)
      at reconcileChildFibersImpl (node_modules/react-dom/cjs/react-dom-client.development.js:6993:30)
      at node_modules/react-dom/cjs/react-dom-client.development.js:7098:33
      at reconcileChildren (node_modules/react-dom/cjs/react-dom-client.development.js:9701:13)
      at beginWork (node_modules/react-dom/cjs/react-dom-client.development.js:12049:13)
      at runWithFiberInDEV (node_modules/react-dom/cjs/react-dom-client.development.js:874:13)
      at performUnitOfWork (node_modules/react-dom/cjs/react-dom-client.development.js:17641:22)
      at workLoopSync (node_modules/react-dom/cjs/react-dom-client.development.js:17469:41)
      at renderRootSync (node_modules/react-dom/cjs/react-dom-client.development.js:17450:11)
      at performWorkOnRoot (node_modules/react-dom/cjs/react-dom-client.development.js:16583:35)
      at performWorkOnRootViaSchedulerTask (node_modules/react-dom/cjs/react-dom-client.development.js:18957:7)
      at flushActQueue (node_modules/react/cjs/react.development.js:590:34)
      at process.env.NODE_ENV.exports.act (node_modules/react/cjs/react.development.js:884:10)
      at node_modules/@testing-library/react/dist/act-compat.js:46:25
      at renderRoot (node_modules/@testing-library/react/dist/pure.js:189:26)
      at render (node_modules/@testing-library/react/dist/pure.js:291:10)
      at Object.<anonymous> (src/app/onboarding/page.test.tsx:21:11)

  ● Onboarding Page › navigates to step 2 on role selection

    Element type is invalid: expected a string (for built-in components) or a class/function (for composite components) but got: undefined. You likely forgot to export your component from the file it's defined in, or you might have mixed up default and named imports.

    Check the render method of `OnboardingMaster`.

      27 |
      28 |   it('navigates to step 2 on role selection', () => {
    > 29 |     render(<OnboardingMaster />);
         |           ^
      30 |     fireEvent.click(screen.getByText('Sales & Outreach'));
      31 |     expect(screen.getByText('How would you like to start?')).toBeInTheDocument();
      32 |   });

      at createFiberFromTypeAndProps (node_modules/react-dom/cjs/react-dom-client.development.js:5021:28)
      at createFiberFromElement (node_modules/react-dom/cjs/react-dom-client.development.js:5035:14)
      at createChild (node_modules/react-dom/cjs/react-dom-client.development.js:6338:26)
      at reconcileChildrenArray (node_modules/react-dom/cjs/react-dom-client.development.js:6670:25)
      at reconcileChildFibersImpl (node_modules/react-dom/cjs/react-dom-client.development.js:6993:30)
      at node_modules/react-dom/cjs/react-dom-client.development.js:7098:33
      at reconcileChildren (node_modules/react-dom/cjs/react-dom-client.development.js:9701:13)
      at beginWork (node_modules/react-dom/cjs/react-dom-client.development.js:12049:13)
      at runWithFiberInDEV (node_modules/react-dom/cjs/react-dom-client.development.js:874:13)
      at performUnitOfWork (node_modules/react-dom/cjs/react-dom-client.development.js:17641:22)
      at workLoopSync (node_modules/react-dom/cjs/react-dom-client.development.js:17469:41)
      at renderRootSync (node_modules/react-dom/cjs/react-dom-client.development.js:17450:11)
      at performWorkOnRoot (node_modules/react-dom/cjs/react-dom-client.development.js:16583:35)
      at performWorkOnRootViaSchedulerTask (node_modules/react-dom/cjs/react-dom-client.development.js:18957:7)
      at flushActQueue (node_modules/react/cjs/react.development.js:590:34)
      at process.env.NODE_ENV.exports.act (node_modules/react/cjs/react.development.js:884:10)
      at node_modules/@testing-library/react/dist/act-compat.js:46:25
      at renderRoot (node_modules/@testing-library/react/dist/pure.js:189:26)
      at render (node_modules/@testing-library/react/dist/pure.js:291:10)
      at Object.<anonymous> (src/app/onboarding/page.test.tsx:29:11)

  ● Onboarding Page › renders path options in step 2

    Element type is invalid: expected a string (for built-in components) or a class/function (for composite components) but got: undefined. You likely forgot to export your component from the file it's defined in, or you might have mixed up default and named imports.

    Check the render method of `OnboardingMaster`.

      33 |
      34 |   it('renders path options in step 2', () => {
    > 35 |     render(<OnboardingMaster />);
         |           ^
      36 |     fireEvent.click(screen.getByText('Sales & Outreach'));
      37 |     expect(screen.getByText('Choose a Template')).toBeInTheDocument();
      38 |     expect(screen.getByText('Upload PDF / PPTX')).toBeInTheDocument();

      at createFiberFromTypeAndProps (node_modules/react-dom/cjs/react-dom-client.development.js:5021:28)
      at createFiberFromElement (node_modules/react-dom/cjs/react-dom-client.development.js:5035:14)
      at createChild (node_modules/react-dom/cjs/react-dom-client.development.js:6338:26)
      at reconcileChildrenArray (node_modules/react-dom/cjs/react-dom-client.development.js:6670:25)
      at reconcileChildFibersImpl (node_modules/react-dom/cjs/react-dom-client.development.js:6993:30)
      at node_modules/react-dom/cjs/react-dom-client.development.js:7098:33
      at reconcileChildren (node_modules/react-dom/cjs/react-dom-client.development.js:9701:13)
      at beginWork (node_modules/react-dom/cjs/react-dom-client.development.js:12049:13)
      at runWithFiberInDEV (node_modules/react-dom/cjs/react-dom-client.development.js:874:13)
      at performUnitOfWork (node_modules/react-dom/cjs/react-dom-client.development.js:17641:22)
      at workLoopSync (node_modules/react-dom/cjs/react-dom-client.development.js:17469:41)
      at renderRootSync (node_modules/react-dom/cjs/react-dom-client.development.js:17450:11)
      at performWorkOnRoot (node_modules/react-dom/cjs/react-dom-client.development.js:16583:35)
      at performWorkOnRootViaSchedulerTask (node_modules/react-dom/cjs/react-dom-client.development.js:18957:7)
      at flushActQueue (node_modules/react/cjs/react.development.js:590:34)
      at process.env.NODE_ENV.exports.act (node_modules/react/cjs/react.development.js:884:10)
      at node_modules/@testing-library/react/dist/act-compat.js:46:25
      at renderRoot (node_modules/@testing-library/react/dist/pure.js:189:26)
      at render (node_modules/@testing-library/react/dist/pure.js:291:10)
      at Object.<anonymous> (src/app/onboarding/page.test.tsx:35:11)

  ● Onboarding Page › renders back button

    Element type is invalid: expected a string (for built-in components) or a class/function (for composite components) but got: undefined. You likely forgot to export your component from the file it's defined in, or you might have mixed up default and named imports.

    Check the render method of `OnboardingMaster`.

      41 |
      42 |   it('renders back button', () => {
    > 43 |     render(<OnboardingMaster />);
         |           ^
      44 |     fireEvent.click(screen.getByText('Sales & Outreach'));
      45 |     expect(screen.getByText('Back')).toBeInTheDocument();
      46 |   });

      at createFiberFromTypeAndProps (node_modules/react-dom/cjs/react-dom-client.development.js:5021:28)
      at createFiberFromElement (node_modules/react-dom/cjs/react-dom-client.development.js:5035:14)
      at createChild (node_modules/react-dom/cjs/react-dom-client.development.js:6338:26)
      at reconcileChildrenArray (node_modules/react-dom/cjs/react-dom-client.development.js:6670:25)
      at reconcileChildFibersImpl (node_modules/react-dom/cjs/react-dom-client.development.js:6993:30)
      at node_modules/react-dom/cjs/react-dom-client.development.js:7098:33
      at reconcileChildren (node_modules/react-dom/cjs/react-dom-client.development.js:9701:13)
      at beginWork (node_modules/react-dom/cjs/react-dom-client.development.js:12049:13)
      at runWithFiberInDEV (node_modules/react-dom/cjs/react-dom-client.development.js:874:13)
      at performUnitOfWork (node_modules/react-dom/cjs/react-dom-client.development.js:17641:22)
      at workLoopSync (node_modules/react-dom/cjs/react-dom-client.development.js:17469:41)
      at renderRootSync (node_modules/react-dom/cjs/react-dom-client.development.js:17450:11)
      at performWorkOnRoot (node_modules/react-dom/cjs/react-dom-client.development.js:16583:35)
      at performWorkOnRootViaSchedulerTask (node_modules/react-dom/cjs/react-dom-client.development.js:18957:7)
      at flushActQueue (node_modules/react/cjs/react.development.js:590:34)
      at process.env.NODE_ENV.exports.act (node_modules/react/cjs/react.development.js:884:10)
      at node_modules/@testing-library/react/dist/act-compat.js:46:25
      at renderRoot (node_modules/@testing-library/react/dist/pure.js:189:26)
      at render (node_modules/@testing-library/react/dist/pure.js:291:10)
      at Object.<anonymous> (src/app/onboarding/page.test.tsx:43:11)

  ● Onboarding Page › goes back to step 1

    Element type is invalid: expected a string (for built-in components) or a class/function (for composite components) but got: undefined. You likely forgot to export your component from the file it's defined in, or you might have mixed up default and named imports.

    Check the render method of `OnboardingMaster`.

      47 |
      48 |   it('goes back to step 1', () => {
    > 49 |     render(<OnboardingMaster />);
         |           ^
      50 |     fireEvent.click(screen.getByText('Sales & Outreach'));
      51 |     fireEvent.click(screen.getByText('Back'));
      52 |     expect(screen.getByText("What's your primary goal?")).toBeInTheDocument();

      at createFiberFromTypeAndProps (node_modules/react-dom/cjs/react-dom-client.development.js:5021:28)
      at createFiberFromElement (node_modules/react-dom/cjs/react-dom-client.development.js:5035:14)
      at createChild (node_modules/react-dom/cjs/react-dom-client.development.js:6338:26)
      at reconcileChildrenArray (node_modules/react-dom/cjs/react-dom-client.development.js:6670:25)
      at reconcileChildFibersImpl (node_modules/react-dom/cjs/react-dom-client.development.js:6993:30)
      at node_modules/react-dom/cjs/react-dom-client.development.js:7098:33
      at reconcileChildren (node_modules/react-dom/cjs/react-dom-client.development.js:9701:13)
      at beginWork (node_modules/react-dom/cjs/react-dom-client.development.js:12049:13)
      at runWithFiberInDEV (node_modules/react-dom/cjs/react-dom-client.development.js:874:13)
      at performUnitOfWork (node_modules/react-dom/cjs/react-dom-client.development.js:17641:22)
      at workLoopSync (node_modules/react-dom/cjs/react-dom-client.development.js:17469:41)
      at renderRootSync (node_modules/react-dom/cjs/react-dom-client.development.js:17450:11)
      at performWorkOnRoot (node_modules/react-dom/cjs/react-dom-client.development.js:16583:35)
      at performWorkOnRootViaSchedulerTask (node_modules/react-dom/cjs/react-dom-client.development.js:18957:7)
      at flushActQueue (node_modules/react/cjs/react.development.js:590:34)
      at process.env.NODE_ENV.exports.act (node_modules/react/cjs/react.development.js:884:10)
      at node_modules/@testing-library/react/dist/act-compat.js:46:25
      at renderRoot (node_modules/@testing-library/react/dist/pure.js:189:26)
      at render (node_modules/@testing-library/react/dist/pure.js:291:10)
      at Object.<anonymous> (src/app/onboarding/page.test.tsx:49:11)

  ● Onboarding Page › renders skip link

    Element type is invalid: expected a string (for built-in components) or a class/function (for composite components) but got: undefined. You likely forgot to export your component from the file it's defined in, or you might have mixed up default and named imports.

    Check the render method of `OnboardingMaster`.

      54 |
      55 |   it('renders skip link', () => {
    > 56 |     render(<OnboardingMaster />);
         |           ^
      57 |     expect(screen.getByText('Skip to Workspace')).toBeInTheDocument();
      58 |   });
      59 |

      at createFiberFromTypeAndProps (node_modules/react-dom/cjs/react-dom-client.development.js:5021:28)
      at createFiberFromElement (node_modules/react-dom/cjs/react-dom-client.development.js:5035:14)
      at createChild (node_modules/react-dom/cjs/react-dom-client.development.js:6338:26)
      at reconcileChildrenArray (node_modules/react-dom/cjs/react-dom-client.development.js:6670:25)
      at reconcileChildFibersImpl (node_modules/react-dom/cjs/react-dom-client.development.js:6993:30)
      at node_modules/react-dom/cjs/react-dom-client.development.js:7098:33
      at reconcileChildren (node_modules/react-dom/cjs/react-dom-client.development.js:9701:13)
      at beginWork (node_modules/react-dom/cjs/react-dom-client.development.js:12049:13)
      at runWithFiberInDEV (node_modules/react-dom/cjs/react-dom-client.development.js:874:13)
      at performUnitOfWork (node_modules/react-dom/cjs/react-dom-client.development.js:17641:22)
      at workLoopSync (node_modules/react-dom/cjs/react-dom-client.development.js:17469:41)
      at renderRootSync (node_modules/react-dom/cjs/react-dom-client.development.js:17450:11)
      at performWorkOnRoot (node_modules/react-dom/cjs/react-dom-client.development.js:16583:35)
      at performWorkOnRootViaSchedulerTask (node_modules/react-dom/cjs/react-dom-client.development.js:18957:7)
      at flushActQueue (node_modules/react/cjs/react.development.js:590:34)
      at process.env.NODE_ENV.exports.act (node_modules/react/cjs/react.development.js:884:10)
      at node_modules/@testing-library/react/dist/act-compat.js:46:25
      at renderRoot (node_modules/@testing-library/react/dist/pure.js:189:26)
      at render (node_modules/@testing-library/react/dist/pure.js:291:10)
      at Object.<anonymous> (src/app/onboarding/page.test.tsx:56:11)

  ● Onboarding Page › renders trust banner

    Element type is invalid: expected a string (for built-in components) or a class/function (for composite components) but got: undefined. You likely forgot to export your component from the file it's defined in, or you might have mixed up default and named imports.

    Check the render method of `OnboardingMaster`.

      59 |
      60 |   it('renders trust banner', () => {
    > 61 |     render(<OnboardingMaster />);
         |           ^
      62 |     expect(screen.getByText('Trusted by 50,000+ creators')).toBeInTheDocument();
      63 |   });
      64 | });

      at createFiberFromTypeAndProps (node_modules/react-dom/cjs/react-dom-client.development.js:5021:28)
      at createFiberFromElement (node_modules/react-dom/cjs/react-dom-client.development.js:5035:14)
      at createChild (node_modules/react-dom/cjs/react-dom-client.development.js:6338:26)
      at reconcileChildrenArray (node_modules/react-dom/cjs/react-dom-client.development.js:6670:25)
      at reconcileChildFibersImpl (node_modules/react-dom/cjs/react-dom-client.development.js:6993:30)
      at node_modules/react-dom/cjs/react-dom-client.development.js:7098:33
      at reconcileChildren (node_modules/react-dom/cjs/react-dom-client.development.js:9701:13)
      at beginWork (node_modules/react-dom/cjs/react-dom-client.development.js:12049:13)
      at runWithFiberInDEV (node_modules/react-dom/cjs/react-dom-client.development.js:874:13)
      at performUnitOfWork (node_modules/react-dom/cjs/react-dom-client.development.js:17641:22)
      at workLoopSync (node_modules/react-dom/cjs/react-dom-client.development.js:17469:41)
      at renderRootSync (node_modules/react-dom/cjs/react-dom-client.development.js:17450:11)
      at performWorkOnRoot (node_modules/react-dom/cjs/react-dom-client.development.js:16583:35)
      at performWorkOnRootViaSchedulerTask (node_modules/react-dom/cjs/react-dom-client.development.js:18957:7)
      at flushActQueue (node_modules/react/cjs/react.development.js:590:34)
      at process.env.NODE_ENV.exports.act (node_modules/react/cjs/react.development.js:884:10)
      at node_modules/@testing-library/react/dist/act-compat.js:46:25
      at renderRoot (node_modules/@testing-library/react/dist/pure.js:189:26)
      at render (node_modules/@testing-library/react/dist/pure.js:291:10)
      at Object.<anonymous> (src/app/onboarding/page.test.tsx:61:11)

FAIL src/components/Onboarding/WelcomeGuide.test.tsx
  ● WelcomeGuide › renders welcome phase initially

    Element type is invalid: expected a string (for built-in components) or a class/function (for composite components) but got: undefined. You likely forgot to export your component from the file it's defined in, or you might have mixed up default and named imports.

    Check the render method of `WelcomeGuide`.

      36 |
      37 |   it('renders welcome phase initially', () => {
    > 38 |     render(<WelcomeGuide />);
         |           ^
      39 |     expect(screen.getByText('Welcome to Pitch Avatar 👋')).toBeInTheDocument();
      40 |   });
      41 |

      at createFiberFromTypeAndProps (node_modules/react-dom/cjs/react-dom-client.development.js:5021:28)
      at createFiberFromElement (node_modules/react-dom/cjs/react-dom-client.development.js:5035:14)
      at reconcileChildFibersImpl (node_modules/react-dom/cjs/react-dom-client.development.js:6920:31)
      at node_modules/react-dom/cjs/react-dom-client.development.js:7098:33
      at reconcileChildren (node_modules/react-dom/cjs/react-dom-client.development.js:9701:13)
      at beginWork (node_modules/react-dom/cjs/react-dom-client.development.js:12049:13)
      at runWithFiberInDEV (node_modules/react-dom/cjs/react-dom-client.development.js:874:13)
      at performUnitOfWork (node_modules/react-dom/cjs/react-dom-client.development.js:17641:22)
      at workLoopSync (node_modules/react-dom/cjs/react-dom-client.development.js:17469:41)
      at renderRootSync (node_modules/react-dom/cjs/react-dom-client.development.js:17450:11)
      at performWorkOnRoot (node_modules/react-dom/cjs/react-dom-client.development.js:16583:35)
      at performWorkOnRootViaSchedulerTask (node_modules/react-dom/cjs/react-dom-client.development.js:18957:7)
      at flushActQueue (node_modules/react/cjs/react.development.js:590:34)
      at process.env.NODE_ENV.exports.act (node_modules/react/cjs/react.development.js:884:10)
      at node_modules/@testing-library/react/dist/act-compat.js:46:25
      at renderRoot (node_modules/@testing-library/react/dist/pure.js:189:26)
      at render (node_modules/@testing-library/react/dist/pure.js:291:10)
      at Object.<anonymous> (src/components/Onboarding/WelcomeGuide.test.tsx:38:11)

  ● WelcomeGuide › shows Lets go button

    Element type is invalid: expected a string (for built-in components) or a class/function (for composite components) but got: undefined. You likely forgot to export your component from the file it's defined in, or you might have mixed up default and named imports.

    Check the render method of `WelcomeGuide`.

      41 |
      42 |   it('shows Lets go button', () => {
    > 43 |     render(<WelcomeGuide />);
         |           ^
      44 |     expect(screen.getByText(/Let's go/)).toBeInTheDocument();
      45 |   });
      46 |

      at createFiberFromTypeAndProps (node_modules/react-dom/cjs/react-dom-client.development.js:5021:28)
      at createFiberFromElement (node_modules/react-dom/cjs/react-dom-client.development.js:5035:14)
      at reconcileChildFibersImpl (node_modules/react-dom/cjs/react-dom-client.development.js:6920:31)
      at node_modules/react-dom/cjs/react-dom-client.development.js:7098:33
      at reconcileChildren (node_modules/react-dom/cjs/react-dom-client.development.js:9701:13)
      at beginWork (node_modules/react-dom/cjs/react-dom-client.development.js:12049:13)
      at runWithFiberInDEV (node_modules/react-dom/cjs/react-dom-client.development.js:874:13)
      at performUnitOfWork (node_modules/react-dom/cjs/react-dom-client.development.js:17641:22)
      at workLoopSync (node_modules/react-dom/cjs/react-dom-client.development.js:17469:41)
      at renderRootSync (node_modules/react-dom/cjs/react-dom-client.development.js:17450:11)
      at performWorkOnRoot (node_modules/react-dom/cjs/react-dom-client.development.js:16583:35)
      at performWorkOnRootViaSchedulerTask (node_modules/react-dom/cjs/react-dom-client.development.js:18957:7)
      at flushActQueue (node_modules/react/cjs/react.development.js:590:34)
      at process.env.NODE_ENV.exports.act (node_modules/react/cjs/react.development.js:884:10)
      at node_modules/@testing-library/react/dist/act-compat.js:46:25
      at renderRoot (node_modules/@testing-library/react/dist/pure.js:189:26)
      at render (node_modules/@testing-library/react/dist/pure.js:291:10)
      at Object.<anonymous> (src/components/Onboarding/WelcomeGuide.test.tsx:43:11)

  ● WelcomeGuide › transitions to steps phase on Lets go click

    Element type is invalid: expected a string (for built-in components) or a class/function (for composite components) but got: undefined. You likely forgot to export your component from the file it's defined in, or you might have mixed up default and named imports.

    Check the render method of `WelcomeGuide`.

      46 |
      47 |   it('transitions to steps phase on Lets go click', () => {
    > 48 |     render(<WelcomeGuide />);
         |           ^
      49 |     fireEvent.click(screen.getByText(/Let's go/));
      50 |     expect(screen.getByText('Step 1 of 1')).toBeInTheDocument();
      51 |   });

      at createFiberFromTypeAndProps (node_modules/react-dom/cjs/react-dom-client.development.js:5021:28)
      at createFiberFromElement (node_modules/react-dom/cjs/react-dom-client.development.js:5035:14)
      at reconcileChildFibersImpl (node_modules/react-dom/cjs/react-dom-client.development.js:6920:31)
      at node_modules/react-dom/cjs/react-dom-client.development.js:7098:33
      at reconcileChildren (node_modules/react-dom/cjs/react-dom-client.development.js:9701:13)
      at beginWork (node_modules/react-dom/cjs/react-dom-client.development.js:12049:13)
      at runWithFiberInDEV (node_modules/react-dom/cjs/react-dom-client.development.js:874:13)
      at performUnitOfWork (node_modules/react-dom/cjs/react-dom-client.development.js:17641:22)
      at workLoopSync (node_modules/react-dom/cjs/react-dom-client.development.js:17469:41)
      at renderRootSync (node_modules/react-dom/cjs/react-dom-client.development.js:17450:11)
      at performWorkOnRoot (node_modules/react-dom/cjs/react-dom-client.development.js:16583:35)
      at performWorkOnRootViaSchedulerTask (node_modules/react-dom/cjs/react-dom-client.development.js:18957:7)
      at flushActQueue (node_modules/react/cjs/react.development.js:590:34)
      at process.env.NODE_ENV.exports.act (node_modules/react/cjs/react.development.js:884:10)
      at node_modules/@testing-library/react/dist/act-compat.js:46:25
      at renderRoot (node_modules/@testing-library/react/dist/pure.js:189:26)
      at render (node_modules/@testing-library/react/dist/pure.js:291:10)
      at Object.<anonymous> (src/components/Onboarding/WelcomeGuide.test.tsx:48:11)

  ● WelcomeGuide › displays step content in steps phase

    Element type is invalid: expected a string (for built-in components) or a class/function (for composite components) but got: undefined. You likely forgot to export your component from the file it's defined in, or you might have mixed up default and named imports.

    Check the render method of `WelcomeGuide`.

      52 |
      53 |   it('displays step content in steps phase', () => {
    > 54 |     render(<WelcomeGuide />);
         |           ^
      55 |     fireEvent.click(screen.getByText(/Let's go/));
      56 |     expect(screen.getByText('Step 1')).toBeInTheDocument();
      57 |     expect(screen.getByText('Body 1')).toBeInTheDocument();

      at createFiberFromTypeAndProps (node_modules/react-dom/cjs/react-dom-client.development.js:5021:28)
      at createFiberFromElement (node_modules/react-dom/cjs/react-dom-client.development.js:5035:14)
      at reconcileChildFibersImpl (node_modules/react-dom/cjs/react-dom-client.development.js:6920:31)
      at node_modules/react-dom/cjs/react-dom-client.development.js:7098:33
      at reconcileChildren (node_modules/react-dom/cjs/react-dom-client.development.js:9701:13)
      at beginWork (node_modules/react-dom/cjs/react-dom-client.development.js:12049:13)
      at runWithFiberInDEV (node_modules/react-dom/cjs/react-dom-client.development.js:874:13)
      at performUnitOfWork (node_modules/react-dom/cjs/react-dom-client.development.js:17641:22)
      at workLoopSync (node_modules/react-dom/cjs/react-dom-client.development.js:17469:41)
      at renderRootSync (node_modules/react-dom/cjs/react-dom-client.development.js:17450:11)
      at performWorkOnRoot (node_modules/react-dom/cjs/react-dom-client.development.js:16583:35)
      at performWorkOnRootViaSchedulerTask (node_modules/react-dom/cjs/react-dom-client.development.js:18957:7)
      at flushActQueue (node_modules/react/cjs/react.development.js:590:34)
      at process.env.NODE_ENV.exports.act (node_modules/react/cjs/react.development.js:884:10)
      at node_modules/@testing-library/react/dist/act-compat.js:46:25
      at renderRoot (node_modules/@testing-library/react/dist/pure.js:189:26)
      at render (node_modules/@testing-library/react/dist/pure.js:291:10)
      at Object.<anonymous> (src/components/Onboarding/WelcomeGuide.test.tsx:54:11)

  ● WelcomeGuide › closes when backdrop is clicked

    Element type is invalid: expected a string (for built-in components) or a class/function (for composite components) but got: undefined. You likely forgot to export your component from the file it's defined in, or you might have mixed up default and named imports.

    Check the render method of `WelcomeGuide`.

      59 |
      60 |   it('closes when backdrop is clicked', () => {
    > 61 |     render(<WelcomeGuide />);
         |           ^
      62 |     const backdrop = document.querySelector('[class*="backdrop"]');
      63 |     if (backdrop) {
      64 |       fireEvent.click(backdrop);

      at createFiberFromTypeAndProps (node_modules/react-dom/cjs/react-dom-client.development.js:5021:28)
      at createFiberFromElement (node_modules/react-dom/cjs/react-dom-client.development.js:5035:14)
      at reconcileChildFibersImpl (node_modules/react-dom/cjs/react-dom-client.development.js:6920:31)
      at node_modules/react-dom/cjs/react-dom-client.development.js:7098:33
      at reconcileChildren (node_modules/react-dom/cjs/react-dom-client.development.js:9701:13)
      at beginWork (node_modules/react-dom/cjs/react-dom-client.development.js:12049:13)
      at runWithFiberInDEV (node_modules/react-dom/cjs/react-dom-client.development.js:874:13)
      at performUnitOfWork (node_modules/react-dom/cjs/react-dom-client.development.js:17641:22)
      at workLoopSync (node_modules/react-dom/cjs/react-dom-client.development.js:17469:41)
      at renderRootSync (node_modules/react-dom/cjs/react-dom-client.development.js:17450:11)
      at performWorkOnRoot (node_modules/react-dom/cjs/react-dom-client.development.js:16583:35)
      at performWorkOnRootViaSchedulerTask (node_modules/react-dom/cjs/react-dom-client.development.js:18957:7)
      at flushActQueue (node_modules/react/cjs/react.development.js:590:34)
      at process.env.NODE_ENV.exports.act (node_modules/react/cjs/react.development.js:884:10)
      at node_modules/@testing-library/react/dist/act-compat.js:46:25
      at renderRoot (node_modules/@testing-library/react/dist/pure.js:189:26)
      at render (node_modules/@testing-library/react/dist/pure.js:291:10)
      at Object.<anonymous> (src/components/Onboarding/WelcomeGuide.test.tsx:61:11)

FAIL src/app/layout.test.tsx
  ● RootLayout › renders children within providers

    Element type is invalid: expected a string (for built-in components) or a class/function (for composite components) but got: undefined. You likely forgot to export your component from the file it's defined in, or you might have mixed up default and named imports.

    Check the render method of `RootLayout`.

      38 | describe('RootLayout', () => {
      39 |   it('renders children within providers', () => {
    > 40 |     render(
         |           ^
      41 |       <RootLayout>
      42 |         <div data-testid="test-child">Test Content</div>
      43 |       </RootLayout>

      at createFiberFromTypeAndProps (node_modules/react-dom/cjs/react-dom-client.development.js:5021:28)
      at createFiberFromElement (node_modules/react-dom/cjs/react-dom-client.development.js:5035:14)
      at reconcileChildFibersImpl (node_modules/react-dom/cjs/react-dom-client.development.js:6920:31)
      at node_modules/react-dom/cjs/react-dom-client.development.js:7098:33
      at reconcileChildren (node_modules/react-dom/cjs/react-dom-client.development.js:9701:13)
      at beginWork (node_modules/react-dom/cjs/react-dom-client.development.js:11977:13)
      at runWithFiberInDEV (node_modules/react-dom/cjs/react-dom-client.development.js:874:13)
      at performUnitOfWork (node_modules/react-dom/cjs/react-dom-client.development.js:17641:22)
      at workLoopSync (node_modules/react-dom/cjs/react-dom-client.development.js:17469:41)
      at renderRootSync (node_modules/react-dom/cjs/react-dom-client.development.js:17450:11)
      at performWorkOnRoot (node_modules/react-dom/cjs/react-dom-client.development.js:16583:35)
      at performWorkOnRootViaSchedulerTask (node_modules/react-dom/cjs/react-dom-client.development.js:18957:7)
      at flushActQueue (node_modules/react/cjs/react.development.js:590:34)
      at process.env.NODE_ENV.exports.act (node_modules/react/cjs/react.development.js:884:10)
      at node_modules/@testing-library/react/dist/act-compat.js:46:25
      at renderRoot (node_modules/@testing-library/react/dist/pure.js:189:26)
      at render (node_modules/@testing-library/react/dist/pure.js:291:10)
      at Object.<anonymous> (src/app/layout.test.tsx:40:11)

  ● RootLayout › has correct metadata

    TestingLibraryElementError: Unable to find an element by: [data-testid="test-child"]

    Ignored nodes: comments, script, style
    [36m<body />[39m

      54 |     const metadata = (RootLayout as any).metadata || { metadata: {} };
      55 |     // Since metadata is not directly accessible in rendered output, we just verify component renders
    > 56 |     expect(screen.getByTestId('test-child')).toBeInTheDocument();
         |                   ^
      57 |   });
      58 | });

      at Object.getElementError (node_modules/@testing-library/dom/dist/config.js:37:19)
      at node_modules/@testing-library/dom/dist/query-helpers.js:76:38
      at node_modules/@testing-library/dom/dist/query-helpers.js:52:17
      at node_modules/@testing-library/dom/dist/query-helpers.js:95:19
      at Object.getByTestId (src/app/layout.test.tsx:56:19)

FAIL src/app/create/page.test.tsx
  ● Create Page › renders QuickWizard by default

    TestingLibraryElementError: Unable to find an element by: [data-testid="quick-wizard"]

    Ignored nodes: comments, script, style
    [36m<body>[39m
      [36m<div>[39m
        [36m<main[39m
          [33mstyle[39m=[32m"min-height: 100vh; background-color: var(--bg-primary, #0f1115); display: flex; align-items: center; justify-content: center;"[39m
        [36m>[39m
          [36m<div[39m
            [33mstyle[39m=[32m"color: white; text-align: center;"[39m
          [36m>[39m
            [36m<h2>[39m
              [0mRedirecting to Dashboard...[0m
            [36m</h2>[39m
            [36m<p>[39m
              [0mThe new onboarding is now managed via Stonly.[0m
            [36m</p>[39m
          [36m</div>[39m
        [36m</main>[39m
      [36m</div>[39m
    [36m</body>[39m

      59 |   it('renders QuickWizard by default', () => {
      60 |     render(<CreatePage />);
    > 61 |     expect(screen.getByTestId('quick-wizard')).toBeInTheDocument();
         |                   ^
      62 |   });
      63 |
      64 |   it('renders MagicWizard for magic tab', async () => {

      at Object.getElementError (node_modules/@testing-library/dom/dist/config.js:37:19)
      at node_modules/@testing-library/dom/dist/query-helpers.js:76:38
      at node_modules/@testing-library/dom/dist/query-helpers.js:52:17
      at node_modules/@testing-library/dom/dist/query-helpers.js:95:19
      at Object.getByTestId (src/app/create/page.test.tsx:61:19)

  ● Create Page › renders MagicWizard for magic tab

    TestingLibraryElementError: Unable to find an element by: [data-testid="quick-wizard"]

    Ignored nodes: comments, script, style
    [36m<body>[39m
      [36m<div>[39m
        [36m<main[39m
          [33mstyle[39m=[32m"min-height: 100vh; background-color: var(--bg-primary, #0f1115); display: flex; align-items: center; justify-content: center;"[39m
        [36m>[39m
          [36m<div[39m
            [33mstyle[39m=[32m"color: white; text-align: center;"[39m
          [36m>[39m
            [36m<h2>[39m
              [0mRedirecting to Dashboard...[0m
            [36m</h2>[39m
            [36m<p>[39m
              [0mThe new onboarding is now managed via Stonly.[0m
            [36m</p>[39m
          [36m</div>[39m
        [36m</main>[39m
      [36m</div>[39m
    [36m</body>[39m

      65 |     render(<CreatePage />);
      66 |     // MagicWizard may need specific query params - just test component renders
    > 67 |     expect(screen.getByTestId('quick-wizard')).toBeInTheDocument();
         |                   ^
      68 |   });
      69 | });

      at Object.getElementError (node_modules/@testing-library/dom/dist/config.js:37:19)
      at node_modules/@testing-library/dom/dist/query-helpers.js:76:38
      at node_modules/@testing-library/dom/dist/query-helpers.js:52:17
      at node_modules/@testing-library/dom/dist/query-helpers.js:95:19
      at Object.getByTestId (src/app/create/page.test.tsx:67:19)

FAIL src/constants/welcomeBranches.test.ts
  ● Console

    console.log
      [WelcomeGuide] test_event {}

      at log (src/constants/welcomeBranches.ts:219:11)

  ● welcomeBranches › getBranchByMainGoal › returns branch for known goal

    expect(received).toBe(expected) // Object.is equality

    Expected: "sales"
    Received: "exploring"

      30 |       const branch = getBranchByMainGoal('sales');
      31 |       expect(branch).toBeDefined();
    > 32 |       expect(branch.id).toBe('sales');
         |                         ^
      33 |     });
      34 |
      35 |     it('returns fallback for null goal', () => {

      at Object.toBe (src/constants/welcomeBranches.test.ts:32:25)

  ● welcomeBranches › getBranchByMainGoal › returns fallback for null goal

    expect(received).toBe(expected) // Object.is equality

    Expected: "i_am_just_playing_around"
    Received: "exploring"

      36 |       const branch = getBranchByMainGoal(null);
      37 |       expect(branch).toBeDefined();
    > 38 |       expect(branch.id).toBe('i_am_just_playing_around');
         |                         ^
      39 |     });
      40 |
      41 |     it('returns fallback for unknown goal', () => {

      at Object.toBe (src/constants/welcomeBranches.test.ts:38:25)

  ● welcomeBranches › getBranchByMainGoal › returns fallback for unknown goal

    expect(received).toBe(expected) // Object.is equality

    Expected: "i_am_just_playing_around"
    Received: "exploring"

      42 |       const branch = getBranchByMainGoal('unknown_goal');
      43 |       expect(branch).toBeDefined();
    > 44 |       expect(branch.id).toBe('i_am_just_playing_around');
         |                         ^
      45 |     });
      46 |   });
      47 |

      at Object.toBe (src/constants/welcomeBranches.test.ts:44:25)

FAIL src/components/Wizard/OnboardingLabOverlay.test.tsx
  ● OnboardingLabOverlay › renders title when open

    Element type is invalid: expected a string (for built-in components) or a class/function (for composite components) but got: undefined. You likely forgot to export your component from the file it's defined in, or you might have mixed up default and named imports.

    Check the render method of `OnboardingLabOverlay`.

       5 | describe('OnboardingLabOverlay', () => {
       6 |   it('renders title when open', () => {
    >  7 |     render(<OnboardingLabOverlay isOpen={true} onClose={jest.fn()} />);
         |           ^
       8 |     expect(screen.getByText('Onboarding Lab')).toBeInTheDocument();
       9 |   });
      10 |

      at createFiberFromTypeAndProps (node_modules/react-dom/cjs/react-dom-client.development.js:5021:28)
      at createFiberFromElement (node_modules/react-dom/cjs/react-dom-client.development.js:5035:14)
      at reconcileChildFibersImpl (node_modules/react-dom/cjs/react-dom-client.development.js:6920:31)
      at node_modules/react-dom/cjs/react-dom-client.development.js:7098:33
      at reconcileChildren (node_modules/react-dom/cjs/react-dom-client.development.js:9701:13)
      at beginWork (node_modules/react-dom/cjs/react-dom-client.development.js:12049:13)
      at runWithFiberInDEV (node_modules/react-dom/cjs/react-dom-client.development.js:874:13)
      at performUnitOfWork (node_modules/react-dom/cjs/react-dom-client.development.js:17641:22)
      at workLoopSync (node_modules/react-dom/cjs/react-dom-client.development.js:17469:41)
      at renderRootSync (node_modules/react-dom/cjs/react-dom-client.development.js:17450:11)
      at performWorkOnRoot (node_modules/react-dom/cjs/react-dom-client.development.js:16583:35)
      at performWorkOnRootViaSchedulerTask (node_modules/react-dom/cjs/react-dom-client.development.js:18957:7)
      at flushActQueue (node_modules/react/cjs/react.development.js:590:34)
      at process.env.NODE_ENV.exports.act (node_modules/react/cjs/react.development.js:884:10)
      at node_modules/@testing-library/react/dist/act-compat.js:46:25
      at renderRoot (node_modules/@testing-library/react/dist/pure.js:189:26)
      at render (node_modules/@testing-library/react/dist/pure.js:291:10)
      at Object.<anonymous> (src/components/Wizard/OnboardingLabOverlay.test.tsx:7:11)

  ● OnboardingLabOverlay › renders all variant cards

    Element type is invalid: expected a string (for built-in components) or a class/function (for composite components) but got: undefined. You likely forgot to export your component from the file it's defined in, or you might have mixed up default and named imports.

    Check the render method of `OnboardingLabOverlay`.

      10 |
      11 |   it('renders all variant cards', () => {
    > 12 |     render(<OnboardingLabOverlay isOpen={true} onClose={jest.fn()} />);
         |           ^
      13 |     expect(screen.getByText('JTBD (Role-based)')).toBeInTheDocument();
      14 |     expect(screen.getByText('Magic Start')).toBeInTheDocument();
      15 |     expect(screen.getByText('Conversational')).toBeInTheDocument();

      at createFiberFromTypeAndProps (node_modules/react-dom/cjs/react-dom-client.development.js:5021:28)
      at createFiberFromElement (node_modules/react-dom/cjs/react-dom-client.development.js:5035:14)
      at reconcileChildFibersImpl (node_modules/react-dom/cjs/react-dom-client.development.js:6920:31)
      at node_modules/react-dom/cjs/react-dom-client.development.js:7098:33
      at reconcileChildren (node_modules/react-dom/cjs/react-dom-client.development.js:9701:13)
      at beginWork (node_modules/react-dom/cjs/react-dom-client.development.js:12049:13)
      at runWithFiberInDEV (node_modules/react-dom/cjs/react-dom-client.development.js:874:13)
      at performUnitOfWork (node_modules/react-dom/cjs/react-dom-client.development.js:17641:22)
      at workLoopSync (node_modules/react-dom/cjs/react-dom-client.development.js:17469:41)
      at renderRootSync (node_modules/react-dom/cjs/react-dom-client.development.js:17450:11)
      at performWorkOnRoot (node_modules/react-dom/cjs/react-dom-client.development.js:16583:35)
      at performWorkOnRootViaSchedulerTask (node_modules/react-dom/cjs/react-dom-client.development.js:18957:7)
      at flushActQueue (node_modules/react/cjs/react.development.js:590:34)
      at process.env.NODE_ENV.exports.act (node_modules/react/cjs/react.development.js:884:10)
      at node_modules/@testing-library/react/dist/act-compat.js:46:25
      at renderRoot (node_modules/@testing-library/react/dist/pure.js:189:26)
      at render (node_modules/@testing-library/react/dist/pure.js:291:10)
      at Object.<anonymous> (src/components/Wizard/OnboardingLabOverlay.test.tsx:12:11)

  ● OnboardingLabOverlay › shows variant title when selected

    Element type is invalid: expected a string (for built-in components) or a class/function (for composite components) but got: undefined. You likely forgot to export your component from the file it's defined in, or you might have mixed up default and named imports.

    Check the render method of `OnboardingLabOverlay`.

      21 |
      22 |   it('shows variant title when selected', () => {
    > 23 |     render(<OnboardingLabOverlay isOpen={true} onClose={jest.fn()} />);
         |           ^
      24 |     fireEvent.click(screen.getByText('JTBD (Role-based)'));
      25 |     expect(screen.getByText('JTBD (Role-based)')).toBeInTheDocument();
      26 |   });

      at createFiberFromTypeAndProps (node_modules/react-dom/cjs/react-dom-client.development.js:5021:28)
      at createFiberFromElement (node_modules/react-dom/cjs/react-dom-client.development.js:5035:14)
      at reconcileChildFibersImpl (node_modules/react-dom/cjs/react-dom-client.development.js:6920:31)
      at node_modules/react-dom/cjs/react-dom-client.development.js:7098:33
      at reconcileChildren (node_modules/react-dom/cjs/react-dom-client.development.js:9701:13)
      at beginWork (node_modules/react-dom/cjs/react-dom-client.development.js:12049:13)
      at runWithFiberInDEV (node_modules/react-dom/cjs/react-dom-client.development.js:874:13)
      at performUnitOfWork (node_modules/react-dom/cjs/react-dom-client.development.js:17641:22)
      at workLoopSync (node_modules/react-dom/cjs/react-dom-client.development.js:17469:41)
      at renderRootSync (node_modules/react-dom/cjs/react-dom-client.development.js:17450:11)
      at performWorkOnRoot (node_modules/react-dom/cjs/react-dom-client.development.js:16583:35)
      at performWorkOnRootViaSchedulerTask (node_modules/react-dom/cjs/react-dom-client.development.js:18957:7)
      at flushActQueue (node_modules/react/cjs/react.development.js:590:34)
      at process.env.NODE_ENV.exports.act (node_modules/react/cjs/react.development.js:884:10)
      at node_modules/@testing-library/react/dist/act-compat.js:46:25
      at renderRoot (node_modules/@testing-library/react/dist/pure.js:189:26)
      at render (node_modules/@testing-library/react/dist/pure.js:291:10)
      at Object.<anonymous> (src/components/Wizard/OnboardingLabOverlay.test.tsx:23:11)

  ● OnboardingLabOverlay › calls onClose when close button clicked

    Element type is invalid: expected a string (for built-in components) or a class/function (for composite components) but got: undefined. You likely forgot to export your component from the file it's defined in, or you might have mixed up default and named imports.

    Check the render method of `OnboardingLabOverlay`.

      28 |   it('calls onClose when close button clicked', () => {
      29 |     const onClose = jest.fn();
    > 30 |     render(<OnboardingLabOverlay isOpen={true} onClose={onClose} />);
         |           ^
      31 |     fireEvent.click(screen.getByLabelText('Close'));
      32 |     expect(onClose).toHaveBeenCalledTimes(1);
      33 |   });

      at createFiberFromTypeAndProps (node_modules/react-dom/cjs/react-dom-client.development.js:5021:28)
      at createFiberFromElement (node_modules/react-dom/cjs/react-dom-client.development.js:5035:14)
      at reconcileChildFibersImpl (node_modules/react-dom/cjs/react-dom-client.development.js:6920:31)
      at node_modules/react-dom/cjs/react-dom-client.development.js:7098:33
      at reconcileChildren (node_modules/react-dom/cjs/react-dom-client.development.js:9701:13)
      at beginWork (node_modules/react-dom/cjs/react-dom-client.development.js:12049:13)
      at runWithFiberInDEV (node_modules/react-dom/cjs/react-dom-client.development.js:874:13)
      at performUnitOfWork (node_modules/react-dom/cjs/react-dom-client.development.js:17641:22)
      at workLoopSync (node_modules/react-dom/cjs/react-dom-client.development.js:17469:41)
      at renderRootSync (node_modules/react-dom/cjs/react-dom-client.development.js:17450:11)
      at performWorkOnRoot (node_modules/react-dom/cjs/react-dom-client.development.js:16583:35)
      at performWorkOnRootViaSchedulerTask (node_modules/react-dom/cjs/react-dom-client.development.js:18957:7)
      at flushActQueue (node_modules/react/cjs/react.development.js:590:34)
      at process.env.NODE_ENV.exports.act (node_modules/react/cjs/react.development.js:884:10)
      at node_modules/@testing-library/react/dist/act-compat.js:46:25
      at renderRoot (node_modules/@testing-library/react/dist/pure.js:189:26)
      at render (node_modules/@testing-library/react/dist/pure.js:291:10)
      at Object.<anonymous> (src/components/Wizard/OnboardingLabOverlay.test.tsx:30:11)

FAIL src/components/Roadmap/RoadmapPlayer.test.tsx
  ● RoadmapPlayer › renders roadmap title

    TypeError: Cannot read properties of undefined (reading '0')

      16 |   const [progress, setProgress] = useState(0);
      17 |   
    > 18 |   const currentSlide = roadmapSlides[currentSlideIndex];
         |                                     ^
      19 |   const totalSlides = roadmapSlides.length;
      20 |
      21 |   // Handle slide timing (simulation)

      at RoadmapPlayer (src/components/Roadmap/RoadmapPlayer.tsx:18:37)
      at Object.react_stack_bottom_frame (node_modules/react-dom/cjs/react-dom-client.development.js:25904:20)
      at renderWithHooks (node_modules/react-dom/cjs/react-dom-client.development.js:7662:22)
      at updateFunctionComponent (node_modules/react-dom/cjs/react-dom-client.development.js:10166:19)
      at beginWork (node_modules/react-dom/cjs/react-dom-client.development.js:11778:18)
      at runWithFiberInDEV (node_modules/react-dom/cjs/react-dom-client.development.js:874:13)
      at performUnitOfWork (node_modules/react-dom/cjs/react-dom-client.development.js:17641:22)
      at workLoopSync (node_modules/react-dom/cjs/react-dom-client.development.js:17469:41)
      at renderRootSync (node_modules/react-dom/cjs/react-dom-client.development.js:17450:11)
      at performWorkOnRoot (node_modules/react-dom/cjs/react-dom-client.development.js:16583:35)
      at performWorkOnRootViaSchedulerTask (node_modules/react-dom/cjs/react-dom-client.development.js:18957:7)
      at flushActQueue (node_modules/react/cjs/react.development.js:590:34)
      at process.env.NODE_ENV.exports.act (node_modules/react/cjs/react.development.js:884:10)
      at node_modules/@testing-library/react/dist/act-compat.js:46:25
      at renderRoot (node_modules/@testing-library/react/dist/pure.js:189:26)
      at render (node_modules/@testing-library/react/dist/pure.js:291:10)
      at Object.<anonymous> (src/components/Roadmap/RoadmapPlayer.test.tsx:29:11)

  ● RoadmapPlayer › renders cards

    TypeError: Cannot read properties of undefined (reading '0')

      16 |   const [progress, setProgress] = useState(0);
      17 |   
    > 18 |   const currentSlide = roadmapSlides[currentSlideIndex];
         |                                     ^
      19 |   const totalSlides = roadmapSlides.length;
      20 |
      21 |   // Handle slide timing (simulation)

      at RoadmapPlayer (src/components/Roadmap/RoadmapPlayer.tsx:18:37)
      at Object.react_stack_bottom_frame (node_modules/react-dom/cjs/react-dom-client.development.js:25904:20)
      at renderWithHooks (node_modules/react-dom/cjs/react-dom-client.development.js:7662:22)
      at updateFunctionComponent (node_modules/react-dom/cjs/react-dom-client.development.js:10166:19)
      at beginWork (node_modules/react-dom/cjs/react-dom-client.development.js:11778:18)
      at runWithFiberInDEV (node_modules/react-dom/cjs/react-dom-client.development.js:874:13)
      at performUnitOfWork (node_modules/react-dom/cjs/react-dom-client.development.js:17641:22)
      at workLoopSync (node_modules/react-dom/cjs/react-dom-client.development.js:17469:41)
      at renderRootSync (node_modules/react-dom/cjs/react-dom-client.development.js:17450:11)
      at performWorkOnRoot (node_modules/react-dom/cjs/react-dom-client.development.js:16583:35)
      at performWorkOnRootViaSchedulerTask (node_modules/react-dom/cjs/react-dom-client.development.js:18957:7)
      at flushActQueue (node_modules/react/cjs/react.development.js:590:34)
      at process.env.NODE_ENV.exports.act (node_modules/react/cjs/react.development.js:884:10)
      at node_modules/@testing-library/react/dist/act-compat.js:46:25
      at renderRoot (node_modules/@testing-library/react/dist/pure.js:189:26)
      at render (node_modules/@testing-library/react/dist/pure.js:291:10)
      at Object.<anonymous> (src/components/Roadmap/RoadmapPlayer.test.tsx:34:11)

  ● RoadmapPlayer › shows completed status

    TypeError: Cannot read properties of undefined (reading '0')

      16 |   const [progress, setProgress] = useState(0);
      17 |   
    > 18 |   const currentSlide = roadmapSlides[currentSlideIndex];
         |                                     ^
      19 |   const totalSlides = roadmapSlides.length;
      20 |
      21 |   // Handle slide timing (simulation)

      at RoadmapPlayer (src/components/Roadmap/RoadmapPlayer.tsx:18:37)
      at Object.react_stack_bottom_frame (node_modules/react-dom/cjs/react-dom-client.development.js:25904:20)
      at renderWithHooks (node_modules/react-dom/cjs/react-dom-client.development.js:7662:22)
      at updateFunctionComponent (node_modules/react-dom/cjs/react-dom-client.development.js:10166:19)
      at beginWork (node_modules/react-dom/cjs/react-dom-client.development.js:11778:18)
      at runWithFiberInDEV (node_modules/react-dom/cjs/react-dom-client.development.js:874:13)
      at performUnitOfWork (node_modules/react-dom/cjs/react-dom-client.development.js:17641:22)
      at workLoopSync (node_modules/react-dom/cjs/react-dom-client.development.js:17469:41)
      at renderRootSync (node_modules/react-dom/cjs/react-dom-client.development.js:17450:11)
      at performWorkOnRoot (node_modules/react-dom/cjs/react-dom-client.development.js:16583:35)
      at performWorkOnRootViaSchedulerTask (node_modules/react-dom/cjs/react-dom-client.development.js:18957:7)
      at flushActQueue (node_modules/react/cjs/react.development.js:590:34)
      at process.env.NODE_ENV.exports.act (node_modules/react/cjs/react.development.js:884:10)
      at node_modules/@testing-library/react/dist/act-compat.js:46:25
      at renderRoot (node_modules/@testing-library/react/dist/pure.js:189:26)
      at render (node_modules/@testing-library/react/dist/pure.js:291:10)
      at Object.<anonymous> (src/components/Roadmap/RoadmapPlayer.test.tsx:40:11)

  ● RoadmapPlayer › renders expand button

    TypeError: Cannot read properties of undefined (reading '0')

      16 |   const [progress, setProgress] = useState(0);
      17 |   
    > 18 |   const currentSlide = roadmapSlides[currentSlideIndex];
         |                                     ^
      19 |   const totalSlides = roadmapSlides.length;
      20 |
      21 |   // Handle slide timing (simulation)

      at RoadmapPlayer (src/components/Roadmap/RoadmapPlayer.tsx:18:37)
      at Object.react_stack_bottom_frame (node_modules/react-dom/cjs/react-dom-client.development.js:25904:20)
      at renderWithHooks (node_modules/react-dom/cjs/react-dom-client.development.js:7662:22)
      at updateFunctionComponent (node_modules/react-dom/cjs/react-dom-client.development.js:10166:19)
      at beginWork (node_modules/react-dom/cjs/react-dom-client.development.js:11778:18)
      at runWithFiberInDEV (node_modules/react-dom/cjs/react-dom-client.development.js:874:13)
      at performUnitOfWork (node_modules/react-dom/cjs/react-dom-client.development.js:17641:22)
      at workLoopSync (node_modules/react-dom/cjs/react-dom-client.development.js:17469:41)
      at renderRootSync (node_modules/react-dom/cjs/react-dom-client.development.js:17450:11)
      at performWorkOnRoot (node_modules/react-dom/cjs/react-dom-client.development.js:16583:35)
      at performWorkOnRootViaSchedulerTask (node_modules/react-dom/cjs/react-dom-client.development.js:18957:7)
      at flushActQueue (node_modules/react/cjs/react.development.js:590:34)
      at process.env.NODE_ENV.exports.act (node_modules/react/cjs/react.development.js:884:10)
      at node_modules/@testing-library/react/dist/act-compat.js:46:25
      at renderRoot (node_modules/@testing-library/react/dist/pure.js:189:26)
      at render (node_modules/@testing-library/react/dist/pure.js:291:10)
      at Object.<anonymous> (src/components/Roadmap/RoadmapPlayer.test.tsx:45:11)

FAIL src/context/UserProvider.test.tsx
  ● UserProvider › provides user from sync fetch

    TypeError: fetchCurrentUserSync.mockReturnValue is not a function

      34 |     // This test will use mocked fetchCurrentUserSync
      35 |     const { fetchCurrentUserSync } = require('@/services/user-service');
    > 36 |     fetchCurrentUserSync.mockReturnValue({ user: mockUser, subscription: mockSubscription });
         |                          ^
      37 |
      38 |     render(
      39 |       <UserProvider>

      at Object.mockReturnValue (src/context/UserProvider.test.tsx:36:26)

FAIL src/context/UserContext.test.tsx
  ● UserContext › provides user data

    ReferenceError: useContext is not defined

      22 |   it('provides user data', () => {
      23 |     const TestComponent = () => {
    > 24 |       const { user } = useContext(UserContext);
         |                        ^
      25 |       return <div>{user?.name}</div>;
      26 |     };
      27 |

      at useContext (src/context/UserContext.test.tsx:24:24)
      at Object.react_stack_bottom_frame (node_modules/react-dom/cjs/react-dom-client.development.js:25904:20)
      at renderWithHooks (node_modules/react-dom/cjs/react-dom-client.development.js:7662:22)
      at updateFunctionComponent (node_modules/react-dom/cjs/react-dom-client.development.js:10166:19)
      at beginWork (node_modules/react-dom/cjs/react-dom-client.development.js:11778:18)
      at runWithFiberInDEV (node_modules/react-dom/cjs/react-dom-client.development.js:874:13)
      at performUnitOfWork (node_modules/react-dom/cjs/react-dom-client.development.js:17641:22)
      at workLoopSync (node_modules/react-dom/cjs/react-dom-client.development.js:17469:41)
      at renderRootSync (node_modules/react-dom/cjs/react-dom-client.development.js:17450:11)
      at performWorkOnRoot (node_modules/react-dom/cjs/react-dom-client.development.js:16583:35)
      at performWorkOnRootViaSchedulerTask (node_modules/react-dom/cjs/react-dom-client.development.js:18957:7)
      at flushActQueue (node_modules/react/cjs/react.development.js:590:34)
      at process.env.NODE_ENV.exports.act (node_modules/react/cjs/react.development.js:884:10)
      at node_modules/@testing-library/react/dist/act-compat.js:46:25
      at renderRoot (node_modules/@testing-library/react/dist/pure.js:189:26)
      at render (node_modules/@testing-library/react/dist/pure.js:291:10)
      at renderWithContext (src/context/UserContext.test.tsx:14:16)
      at Object.renderWithContext (src/context/UserContext.test.tsx:28:5)

FAIL src/context/AuthContext.test.tsx
  ● Console

    console.error
      An update to AuthProvider inside a test was not wrapped in act(...).
      
      When testing, code that causes React state updates should be wrapped into act(...):
      
      act(() => {
        /* fire events that update state */
      });
      /* assert on the output */
      
      This ensures that you're testing the behavior the user would see in the browser. Learn more at https://react.dev/link/wrap-tests-with-act

      25 |       }
      26 |       setUser(session?.user ?? null);
    > 27 |       setLoading(false);
         |       ^
      28 |     };
      29 |
      30 |     const { data: listener } = supabase.auth.onAuthStateChange((_event, session) => {

      at node_modules/react-dom/cjs/react-dom-client.development.js:18758:19
      at runWithFiberInDEV (node_modules/react-dom/cjs/react-dom-client.development.js:874:13)
      at warnIfUpdatesNotWrappedWithActDEV (node_modules/react-dom/cjs/react-dom-client.development.js:18757:9)
      at scheduleUpdateOnFiber (node_modules/react-dom/cjs/react-dom-client.development.js:16409:11)
      at dispatchSetStateInternal (node_modules/react-dom/cjs/react-dom-client.development.js:9170:13)
      at dispatchSetState (node_modules/react-dom/cjs/react-dom-client.development.js:9127:7)
      at setLoading (src/context/AuthContext.tsx:27:7)

  ● AuthContext › provides initial loading state

    TypeError: Cannot read properties of undefined (reading 'subscription')

      36 |
      37 |     return () => {
    > 38 |       listener.subscription.unsubscribe();
         |                ^
      39 |     };
      40 |   }, []);
      41 |

      at subscription (src/context/AuthContext.tsx:38:16)
      at Object.react_stack_bottom_frame (node_modules/react-dom/cjs/react-dom-client.development.js:26001:13)
      at runWithFiberInDEV (node_modules/react-dom/cjs/react-dom-client.development.js:874:13)
      at commitHookEffectListUnmount (node_modules/react-dom/cjs/react-dom-client.development.js:13316:17)
      at commitHookPassiveUnmountEffects (node_modules/react-dom/cjs/react-dom-client.development.js:13347:11)
      at commitPassiveUnmountEffectsInsideOfDeletedTree_begin (node_modules/react-dom/cjs/react-dom-client.development.js:16264:13)
      at recursivelyTraversePassiveUnmountEffects (node_modules/react-dom/cjs/react-dom-client.development.js:16085:13)
      at commitPassiveUnmountOnFiber (node_modules/react-dom/cjs/react-dom-client.development.js:16127:11)
      at flushPassiveEffects (node_modules/react-dom/cjs/react-dom-client.development.js:18428:9)
      at flushPendingEffects (node_modules/react-dom/cjs/react-dom-client.development.js:18358:14)
      at flushSpawnedWork (node_modules/react-dom/cjs/react-dom-client.development.js:18323:44)
      at commitRoot (node_modules/react-dom/cjs/react-dom-client.development.js:17955:9)
      at performWorkOnRoot (node_modules/react-dom/cjs/react-dom-client.development.js:16667:15)
      at performSyncWorkOnRoot (node_modules/react-dom/cjs/react-dom-client.development.js:18972:7)
      at flushSyncWorkAcrossRoots_impl (node_modules/react-dom/cjs/react-dom-client.development.js:18814:21)
      at flushSyncWork$1 (node_modules/react-dom/cjs/react-dom-client.development.js:16898:12)
      at ReactDOMRoot.process.env.NODE_ENV.ReactDOMHydrationRoot.unmount.ReactDOMRoot.unmount [as unmount] (node_modules/react-dom/cjs/react-dom-client.development.js:27911:11)
      at Object.unmount (node_modules/@testing-library/react/dist/pure.js:163:12)
      at node_modules/@testing-library/react/dist/pure.js:307:12
      at node_modules/@testing-library/react/dist/act-compat.js:47:24
      at process.env.NODE_ENV.exports.act (node_modules/react/cjs/react.development.js:814:22)
      at node_modules/@testing-library/react/dist/act-compat.js:46:25
      at node_modules/@testing-library/react/dist/pure.js:306:28
          at Array.forEach (<anonymous>)
      at cleanup (node_modules/@testing-library/react/dist/pure.js:302:22)
      at Object.<anonymous> (node_modules/@testing-library/react/dist/index.js:28:25)

  ● AuthContext › supabase auth getSession is called on mount

    TypeError: Cannot read properties of undefined (reading 'subscription')

      36 |
      37 |     return () => {
    > 38 |       listener.subscription.unsubscribe();
         |                ^
      39 |     };
      40 |   }, []);
      41 |

      at subscription (src/context/AuthContext.tsx:38:16)
      at Object.react_stack_bottom_frame (node_modules/react-dom/cjs/react-dom-client.development.js:26001:13)
      at runWithFiberInDEV (node_modules/react-dom/cjs/react-dom-client.development.js:874:13)
      at commitHookEffectListUnmount (node_modules/react-dom/cjs/react-dom-client.development.js:13316:17)
      at commitHookPassiveUnmountEffects (node_modules/react-dom/cjs/react-dom-client.development.js:13347:11)
      at commitPassiveUnmountEffectsInsideOfDeletedTree_begin (node_modules/react-dom/cjs/react-dom-client.development.js:16264:13)
      at recursivelyTraversePassiveUnmountEffects (node_modules/react-dom/cjs/react-dom-client.development.js:16085:13)
      at commitPassiveUnmountOnFiber (node_modules/react-dom/cjs/react-dom-client.development.js:16127:11)
      at flushPassiveEffects (node_modules/react-dom/cjs/react-dom-client.development.js:18428:9)
      at flushPendingEffects (node_modules/react-dom/cjs/react-dom-client.development.js:18358:14)
      at flushSpawnedWork (node_modules/react-dom/cjs/react-dom-client.development.js:18323:44)
      at commitRoot (node_modules/react-dom/cjs/react-dom-client.development.js:17955:9)
      at performWorkOnRoot (node_modules/react-dom/cjs/react-dom-client.development.js:16667:15)
      at performSyncWorkOnRoot (node_modules/react-dom/cjs/react-dom-client.development.js:18972:7)
      at flushSyncWorkAcrossRoots_impl (node_modules/react-dom/cjs/react-dom-client.development.js:18814:21)
      at flushSyncWork$1 (node_modules/react-dom/cjs/react-dom-client.development.js:16898:12)
      at ReactDOMRoot.process.env.NODE_ENV.ReactDOMHydrationRoot.unmount.ReactDOMRoot.unmount [as unmount] (node_modules/react-dom/cjs/react-dom-client.development.js:27911:11)
      at Object.unmount (node_modules/@testing-library/react/dist/pure.js:163:12)
      at node_modules/@testing-library/react/dist/pure.js:307:12
      at node_modules/@testing-library/react/dist/act-compat.js:47:24
      at process.env.NODE_ENV.exports.act (node_modules/react/cjs/react.development.js:814:22)
      at node_modules/@testing-library/react/dist/act-compat.js:46:25
      at node_modules/@testing-library/react/dist/pure.js:306:28
          at Array.forEach (<anonymous>)
      at cleanup (node_modules/@testing-library/react/dist/pure.js:302:22)
      at Object.<anonymous> (node_modules/@testing-library/react/dist/index.js:28:25)

FAIL src/components/Wizard/ScratchWizard.test.tsx
  ● ScratchWizard › renders scratch wizard title

    Element type is invalid: expected a string (for built-in components) or a class/function (for composite components) but got: undefined. You likely forgot to export your component from the file it's defined in, or you might have mixed up default and named imports.

    Check the render method of `WizardLayout`.

       9 | describe('ScratchWizard', () => {
      10 |   it('renders scratch wizard title', () => {
    > 11 |     render(<ScratchWizard />);
         |           ^
      12 |     expect(screen.getByText('Start from Scratch')).toBeInTheDocument();
      13 |   });
      14 |

      at createFiberFromTypeAndProps (node_modules/react-dom/cjs/react-dom-client.development.js:5021:28)
      at createFiberFromElement (node_modules/react-dom/cjs/react-dom-client.development.js:5035:14)
      at createChild (node_modules/react-dom/cjs/react-dom-client.development.js:6338:26)
      at reconcileChildrenArray (node_modules/react-dom/cjs/react-dom-client.development.js:6670:25)
      at reconcileChildFibersImpl (node_modules/react-dom/cjs/react-dom-client.development.js:6993:30)
      at node_modules/react-dom/cjs/react-dom-client.development.js:7098:33
      at reconcileChildren (node_modules/react-dom/cjs/react-dom-client.development.js:9701:13)
      at beginWork (node_modules/react-dom/cjs/react-dom-client.development.js:12049:13)
      at runWithFiberInDEV (node_modules/react-dom/cjs/react-dom-client.development.js:874:13)
      at performUnitOfWork (node_modules/react-dom/cjs/react-dom-client.development.js:17641:22)
      at workLoopSync (node_modules/react-dom/cjs/react-dom-client.development.js:17469:41)
      at renderRootSync (node_modules/react-dom/cjs/react-dom-client.development.js:17450:11)
      at performWorkOnRoot (node_modules/react-dom/cjs/react-dom-client.development.js:16583:35)
      at performWorkOnRootViaSchedulerTask (node_modules/react-dom/cjs/react-dom-client.development.js:18957:7)
      at flushActQueue (node_modules/react/cjs/react.development.js:590:34)
      at process.env.NODE_ENV.exports.act (node_modules/react/cjs/react.development.js:884:10)
      at node_modules/@testing-library/react/dist/act-compat.js:46:25
      at renderRoot (node_modules/@testing-library/react/dist/pure.js:189:26)
      at render (node_modules/@testing-library/react/dist/pure.js:291:10)
      at Object.<anonymous> (src/components/Wizard/ScratchWizard.test.tsx:11:11)

  ● ScratchWizard › renders slide layout options

    Element type is invalid: expected a string (for built-in components) or a class/function (for composite components) but got: undefined. You likely forgot to export your component from the file it's defined in, or you might have mixed up default and named imports.

    Check the render method of `WizardLayout`.

      14 |
      15 |   it('renders slide layout options', () => {
    > 16 |     render(<ScratchWizard />);
         |           ^
      17 |     expect(screen.getByText('Blank slide')).toBeInTheDocument();
      18 |     expect(screen.getByText('Title + Content')).toBeInTheDocument();
      19 |     expect(screen.getByText('Avatar + Text')).toBeInTheDocument();

      at createFiberFromTypeAndProps (node_modules/react-dom/cjs/react-dom-client.development.js:5021:28)
      at createFiberFromElement (node_modules/react-dom/cjs/react-dom-client.development.js:5035:14)
      at createChild (node_modules/react-dom/cjs/react-dom-client.development.js:6338:26)
      at reconcileChildrenArray (node_modules/react-dom/cjs/react-dom-client.development.js:6670:25)
      at reconcileChildFibersImpl (node_modules/react-dom/cjs/react-dom-client.development.js:6993:30)
      at node_modules/react-dom/cjs/react-dom-client.development.js:7098:33
      at reconcileChildren (node_modules/react-dom/cjs/react-dom-client.development.js:9701:13)
      at beginWork (node_modules/react-dom/cjs/react-dom-client.development.js:12049:13)
      at runWithFiberInDEV (node_modules/react-dom/cjs/react-dom-client.development.js:874:13)
      at performUnitOfWork (node_modules/react-dom/cjs/react-dom-client.development.js:17641:22)
      at workLoopSync (node_modules/react-dom/cjs/react-dom-client.development.js:17469:41)
      at renderRootSync (node_modules/react-dom/cjs/react-dom-client.development.js:17450:11)
      at performWorkOnRoot (node_modules/react-dom/cjs/react-dom-client.development.js:16583:35)
      at performWorkOnRootViaSchedulerTask (node_modules/react-dom/cjs/react-dom-client.development.js:18957:7)
      at flushActQueue (node_modules/react/cjs/react.development.js:590:34)
      at process.env.NODE_ENV.exports.act (node_modules/react/cjs/react.development.js:884:10)
      at node_modules/@testing-library/react/dist/act-compat.js:46:25
      at renderRoot (node_modules/@testing-library/react/dist/pure.js:189:26)
      at render (node_modules/@testing-library/react/dist/pure.js:291:10)
      at Object.<anonymous> (src/components/Wizard/ScratchWizard.test.tsx:16:11)

  ● ScratchWizard › renders create button

    Element type is invalid: expected a string (for built-in components) or a class/function (for composite components) but got: undefined. You likely forgot to export your component from the file it's defined in, or you might have mixed up default and named imports.

    Check the render method of `WizardLayout`.

      22 |
      23 |   it('renders create button', () => {
    > 24 |     render(<ScratchWizard />);
         |           ^
      25 |     expect(screen.getByText('Create')).toBeInTheDocument();
      26 |   });
      27 | });

      at createFiberFromTypeAndProps (node_modules/react-dom/cjs/react-dom-client.development.js:5021:28)
      at createFiberFromElement (node_modules/react-dom/cjs/react-dom-client.development.js:5035:14)
      at createChild (node_modules/react-dom/cjs/react-dom-client.development.js:6338:26)
      at reconcileChildrenArray (node_modules/react-dom/cjs/react-dom-client.development.js:6670:25)
      at reconcileChildFibersImpl (node_modules/react-dom/cjs/react-dom-client.development.js:6993:30)
      at node_modules/react-dom/cjs/react-dom-client.development.js:7098:33
      at reconcileChildren (node_modules/react-dom/cjs/react-dom-client.development.js:9701:13)
      at beginWork (node_modules/react-dom/cjs/react-dom-client.development.js:12049:13)
      at runWithFiberInDEV (node_modules/react-dom/cjs/react-dom-client.development.js:874:13)
      at performUnitOfWork (node_modules/react-dom/cjs/react-dom-client.development.js:17641:22)
      at workLoopSync (node_modules/react-dom/cjs/react-dom-client.development.js:17469:41)
      at renderRootSync (node_modules/react-dom/cjs/react-dom-client.development.js:17450:11)
      at performWorkOnRoot (node_modules/react-dom/cjs/react-dom-client.development.js:16583:35)
      at performWorkOnRootViaSchedulerTask (node_modules/react-dom/cjs/react-dom-client.development.js:18957:7)
      at flushActQueue (node_modules/react/cjs/react.development.js:590:34)
      at process.env.NODE_ENV.exports.act (node_modules/react/cjs/react.development.js:884:10)
      at node_modules/@testing-library/react/dist/act-compat.js:46:25
      at renderRoot (node_modules/@testing-library/react/dist/pure.js:189:26)
      at render (node_modules/@testing-library/react/dist/pure.js:291:10)
      at Object.<anonymous> (src/components/Wizard/ScratchWizard.test.tsx:24:11)

FAIL src/constants/routes.test.ts
  ● routes constant › exports all expected routes

    expect(received).toBeDefined()

    Received: undefined

      3 | describe('routes constant', () => {
      4 |   it('exports all expected routes', () => {
    > 5 |     expect(routes).toBeDefined();
        |                    ^
      6 |     expect(typeof routes).toBe('object');
      7 |     expect(routes.DASHBOARD).toBe('/');
      8 |     expect(routes.PROJECTS).toBe('/projects');

      at Object.toBeDefined (src/constants/routes.test.ts:5:20)

  ● routes constant › has all required route properties

    expect(received).toHaveProperty(path)

    Matcher error: received value must not be null nor undefined

    Received has value: undefined

      17 |     ];
      18 |     requiredRoutes.forEach(route => {
    > 19 |       expect(routes).toHaveProperty(route);
         |                      ^
      20 |     });
      21 |   });
      22 |

      at toHaveProperty (src/constants/routes.test.ts:19:22)
          at Array.forEach (<anonymous>)
      at Object.forEach (src/constants/routes.test.ts:18:20)

  ● routes constant › route values start with forward slash

    TypeError: Cannot convert undefined or null to object
        at Object.values (<anonymous>)

      22 |
      23 |   it('route values start with forward slash', () => {
    > 24 |     Object.values(routes).forEach(value => {
         |            ^
      25 |       expect(value).toMatch(/^\//);
      26 |     });
      27 |   });

      at Object.values (src/constants/routes.test.ts:24:12)

FAIL src/lib/getAuthenticatedUser.test.ts
  ● Test suite failed to run

    ReferenceError: Request is not defined

      18 |
      19 |   return null;
    > 20 | }
         |  ^
      21 |
      22 | export async function getAuthenticatedUser(request: Request) {
      23 |   const authHeader = request.headers.get('Authorization');

      at Object.Request (node_modules/next/src/server/web/spec-extension/request.ts:14:34)
      at Object.<anonymous> (node_modules/next/server.js:2:16)
      at Object.<anonymous> (src/lib/auth-guard.ts:20:17)
      at Object.<anonymous> (src/lib/getAuthenticatedUser.test.ts:6:20)

FAIL src/components/Wizard/TutorialVideo.test.tsx
  ● TutorialVideo › renders video player

    TypeError: Cannot read properties of undefined (reading 'match')

      14 | /** Extract YouTube video ID from watch or embed URLs */
      15 | function getYouTubeId(url: string): string | null {
    > 16 |   const match = url.match(
         |                     ^
      17 |     /(?:youtube\.com\/(?:watch\?(?:.*&)?v=|embed\/)|youtu\.be\/)([A-Za-z0-9_-]{11})/
      18 |   )
      19 |   return match ? match[1] : null

      at match (src/components/Wizard/TutorialVideo.tsx:16:21)
      at getYouTubeId (src/components/Wizard/TutorialVideo.tsx:24:16)
      at Object.react_stack_bottom_frame (node_modules/react-dom/cjs/react-dom-client.development.js:25904:20)
      at renderWithHooks (node_modules/react-dom/cjs/react-dom-client.development.js:7662:22)
      at updateFunctionComponent (node_modules/react-dom/cjs/react-dom-client.development.js:10166:19)
      at beginWork (node_modules/react-dom/cjs/react-dom-client.development.js:11778:18)
      at runWithFiberInDEV (node_modules/react-dom/cjs/react-dom-client.development.js:874:13)
      at performUnitOfWork (node_modules/react-dom/cjs/react-dom-client.development.js:17641:22)
      at workLoopSync (node_modules/react-dom/cjs/react-dom-client.development.js:17469:41)
      at renderRootSync (node_modules/react-dom/cjs/react-dom-client.development.js:17450:11)
      at performWorkOnRoot (node_modules/react-dom/cjs/react-dom-client.development.js:16583:35)
      at performWorkOnRootViaSchedulerTask (node_modules/react-dom/cjs/react-dom-client.development.js:18957:7)
      at flushActQueue (node_modules/react/cjs/react.development.js:590:34)
      at process.env.NODE_ENV.exports.act (node_modules/react/cjs/react.development.js:884:10)
      at node_modules/@testing-library/react/dist/act-compat.js:46:25
      at renderRoot (node_modules/@testing-library/react/dist/pure.js:189:26)
      at render (node_modules/@testing-library/react/dist/pure.js:291:10)
      at Object.<anonymous> (src/components/Wizard/TutorialVideo.test.tsx:11:11)

  ● TutorialVideo › renders video title

    TypeError: Cannot read properties of undefined (reading 'match')

      14 | /** Extract YouTube video ID from watch or embed URLs */
      15 | function getYouTubeId(url: string): string | null {
    > 16 |   const match = url.match(
         |                     ^
      17 |     /(?:youtube\.com\/(?:watch\?(?:.*&)?v=|embed\/)|youtu\.be\/)([A-Za-z0-9_-]{11})/
      18 |   )
      19 |   return match ? match[1] : null

      at match (src/components/Wizard/TutorialVideo.tsx:16:21)
      at getYouTubeId (src/components/Wizard/TutorialVideo.tsx:24:16)
      at Object.react_stack_bottom_frame (node_modules/react-dom/cjs/react-dom-client.development.js:25904:20)
      at renderWithHooks (node_modules/react-dom/cjs/react-dom-client.development.js:7662:22)
      at updateFunctionComponent (node_modules/react-dom/cjs/react-dom-client.development.js:10166:19)
      at beginWork (node_modules/react-dom/cjs/react-dom-client.development.js:11778:18)
      at runWithFiberInDEV (node_modules/react-dom/cjs/react-dom-client.development.js:874:13)
      at performUnitOfWork (node_modules/react-dom/cjs/react-dom-client.development.js:17641:22)
      at workLoopSync (node_modules/react-dom/cjs/react-dom-client.development.js:17469:41)
      at renderRootSync (node_modules/react-dom/cjs/react-dom-client.development.js:17450:11)
      at performWorkOnRoot (node_modules/react-dom/cjs/react-dom-client.development.js:16583:35)
      at performWorkOnRootViaSchedulerTask (node_modules/react-dom/cjs/react-dom-client.development.js:18957:7)
      at flushActQueue (node_modules/react/cjs/react.development.js:590:34)
      at process.env.NODE_ENV.exports.act (node_modules/react/cjs/react.development.js:884:10)
      at node_modules/@testing-library/react/dist/act-compat.js:46:25
      at renderRoot (node_modules/@testing-library/react/dist/pure.js:189:26)
      at render (node_modules/@testing-library/react/dist/pure.js:291:10)
      at Object.<anonymous> (src/components/Wizard/TutorialVideo.test.tsx:16:11)

  ● TutorialVideo › renders back button

    TypeError: Cannot read properties of undefined (reading 'match')

      14 | /** Extract YouTube video ID from watch or embed URLs */
      15 | function getYouTubeId(url: string): string | null {
    > 16 |   const match = url.match(
         |                     ^
      17 |     /(?:youtube\.com\/(?:watch\?(?:.*&)?v=|embed\/)|youtu\.be\/)([A-Za-z0-9_-]{11})/
      18 |   )
      19 |   return match ? match[1] : null

      at match (src/components/Wizard/TutorialVideo.tsx:16:21)
      at getYouTubeId (src/components/Wizard/TutorialVideo.tsx:24:16)
      at Object.react_stack_bottom_frame (node_modules/react-dom/cjs/react-dom-client.development.js:25904:20)
      at renderWithHooks (node_modules/react-dom/cjs/react-dom-client.development.js:7662:22)
      at updateFunctionComponent (node_modules/react-dom/cjs/react-dom-client.development.js:10166:19)
      at beginWork (node_modules/react-dom/cjs/react-dom-client.development.js:11778:18)
      at runWithFiberInDEV (node_modules/react-dom/cjs/react-dom-client.development.js:874:13)
      at performUnitOfWork (node_modules/react-dom/cjs/react-dom-client.development.js:17641:22)
      at workLoopSync (node_modules/react-dom/cjs/react-dom-client.development.js:17469:41)
      at renderRootSync (node_modules/react-dom/cjs/react-dom-client.development.js:17450:11)
      at performWorkOnRoot (node_modules/react-dom/cjs/react-dom-client.development.js:16583:35)
      at performWorkOnRootViaSchedulerTask (node_modules/react-dom/cjs/react-dom-client.development.js:18957:7)
      at flushActQueue (node_modules/react/cjs/react.development.js:590:34)
      at process.env.NODE_ENV.exports.act (node_modules/react/cjs/react.development.js:884:10)
      at node_modules/@testing-library/react/dist/act-compat.js:46:25
      at renderRoot (node_modules/@testing-library/react/dist/pure.js:189:26)
      at render (node_modules/@testing-library/react/dist/pure.js:291:10)
      at Object.<anonymous> (src/components/Wizard/TutorialVideo.test.tsx:21:11)

FAIL src/app/api/ingest/route.test.ts
  ● Test suite failed to run

    ReferenceError: Request is not defined

      4 |
      5 | jest.mock('@/lib/supabase');
    > 6 |
        | ^
      7 | describe('POST /api/ingest', () => {
      8 |   beforeEach(() => {
      9 |     jest.clearAllMocks();

      at Object.Request (node_modules/next/src/server/web/spec-extension/request.ts:14:34)
      at Object.<anonymous> (node_modules/next/server.js:2:16)
      at Object.<anonymous> (src/app/api/ingest/route.test.ts:6:17)

FAIL src/app/presentations/page.test.tsx
  ● Presentations Page › renders goal selection component

    TestingLibraryElementError: Unable to find an element by: [data-testid="goal-selection"]

    Ignored nodes: comments, script, style
    [36m<body>[39m
      [36m<div>[39m
        [36m<div[39m
          [33mclass[39m=[32m"container"[39m
        [36m>[39m
          [36m<h1[39m
            [33mclass[39m=[32m"title"[39m
          [36m>[39m
            [0mPresentations[0m
          [36m</h1>[39m
          [36m<p[39m
            [33mclass[39m=[32m"description"[39m
          [36m>[39m
            [0mAll your presentations in one place[0m
          [36m</p>[39m
          [36m<div[39m
            [33mclass[39m=[32m"badge"[39m
          [36m>[39m
            [0mComing Soon[0m
          [36m</div>[39m
        [36m</div>[39m
      [36m</div>[39m
    [36m</body>[39m

      12 |   it('renders goal selection component', () => {
      13 |     render(<Page />);
    > 14 |     expect(screen.getByTestId('goal-selection')).toBeInTheDocument();
         |                   ^
      15 |   });
      16 | });

      at Object.getElementError (node_modules/@testing-library/dom/dist/config.js:37:19)
      at node_modules/@testing-library/dom/dist/query-helpers.js:76:38
      at node_modules/@testing-library/dom/dist/query-helpers.js:52:17
      at node_modules/@testing-library/dom/dist/query-helpers.js:95:19
      at Object.getByTestId (src/app/presentations/page.test.tsx:14:19)

FAIL src/constants/config.test.ts
  ● config constant › exports config object

    expect(received).toBeDefined()

    Received: undefined

      3 | describe('config constant', () => {
      4 |   it('exports config object', () => {
    > 5 |     expect(config).toBeDefined();
        |                    ^
      6 |     expect(typeof config).toBe('object');
      7 |   });
      8 |

      at Object.toBeDefined (src/constants/config.test.ts:5:20)

  ● config constant › has appName

    TypeError: Cannot read properties of undefined (reading 'appName')

       8 |
       9 |   it('has appName', () => {
    > 10 |     expect(config.appName).toBe('PitchAvatar');
         |                   ^
      11 |   });
      12 |
      13 |   it('has defaultValues', () => {

      at Object.appName (src/constants/config.test.ts:10:19)

  ● config constant › has defaultValues

    TypeError: Cannot read properties of undefined (reading 'defaultValues')

      12 |
      13 |   it('has defaultValues', () => {
    > 14 |     expect(config.defaultValues).toBeDefined();
         |                   ^
      15 |     expect(config.defaultValues.language).toBe('English');
      16 |   });
      17 | });

      at Object.defaultValues (src/constants/config.test.ts:14:19)

FAIL src/components/Layout/ClientWidgets.test.tsx
  ● Console

    console.error
      An update to ForwardRef(LoadableComponent) inside a test was not wrapped in act(...).
      
      When testing, code that causes React state updates should be wrapped into act(...):
      
      act(() => {
        /* fire events that update state */
      });
      /* assert on the output */
      
      This ensures that you're testing the behavior the user would see in the browser. Learn more at https://react.dev/link/wrap-tests-with-act

      at node_modules/react-dom/cjs/react-dom-client.development.js:18758:19
      at runWithFiberInDEV (node_modules/react-dom/cjs/react-dom-client.development.js:874:13)
      at warnIfUpdatesNotWrappedWithActDEV (node_modules/react-dom/cjs/react-dom-client.development.js:18757:9)
      at scheduleUpdateOnFiber (node_modules/react-dom/cjs/react-dom-client.development.js:16409:11)
      at forceStoreRerender (node_modules/react-dom/cjs/react-dom-client.development.js:8262:24)
      at node_modules/react-dom/cjs/react-dom-client.development.js:8247:11
      at callback (node_modules/next/src/shared/lib/loadable.shared-runtime.tsx:235:48)
          at Set.forEach (<anonymous>)
      at LoadableSubscription.forEach (node_modules/next/src/shared/lib/loadable.shared-runtime.tsx:235:21)
      at _update (node_modules/next/src/shared/lib/loadable.shared-runtime.tsx:217:14)

    console.error
      An update to ForwardRef(LoadableComponent) inside a test was not wrapped in act(...).
      
      When testing, code that causes React state updates should be wrapped into act(...):
      
      act(() => {
        /* fire events that update state */
      });
      /* assert on the output */
      
      This ensures that you're testing the behavior the user would see in the browser. Learn more at https://react.dev/link/wrap-tests-with-act

      at node_modules/react-dom/cjs/react-dom-client.development.js:18758:19
      at runWithFiberInDEV (node_modules/react-dom/cjs/react-dom-client.development.js:874:13)
      at warnIfUpdatesNotWrappedWithActDEV (node_modules/react-dom/cjs/react-dom-client.development.js:18757:9)
      at scheduleUpdateOnFiber (node_modules/react-dom/cjs/react-dom-client.development.js:16409:11)
      at forceStoreRerender (node_modules/react-dom/cjs/react-dom-client.development.js:8262:24)
      at node_modules/react-dom/cjs/react-dom-client.development.js:8247:11
      at callback (node_modules/next/src/shared/lib/loadable.shared-runtime.tsx:235:48)
          at Set.forEach (<anonymous>)
      at LoadableSubscription.forEach (node_modules/next/src/shared/lib/loadable.shared-runtime.tsx:235:21)
      at _update (node_modules/next/src/shared/lib/loadable.shared-runtime.tsx:217:14)

  ● ClientWidgets › renders children

    TestingLibraryElementError: Unable to find an element by: [data-testid="child"]

    Ignored nodes: comments, script, style
    [36m<body>[39m
      [36m<div />[39m
    [36m</body>[39m

      10 |       </ClientWidgets>
      11 |     );
    > 12 |     expect(screen.getByTestId('child')).toBeInTheDocument();
         |                   ^
      13 |   });
      14 | });

      at Object.getElementError (node_modules/@testing-library/dom/dist/config.js:37:19)
      at node_modules/@testing-library/dom/dist/query-helpers.js:76:38
      at node_modules/@testing-library/dom/dist/query-helpers.js:52:17
      at node_modules/@testing-library/dom/dist/query-helpers.js:95:19
      at Object.getByTestId (src/components/Layout/ClientWidgets.test.tsx:12:19)

FAIL src/services/mock-data.test.ts
  ● mock-data › generateData › generates unique ids for each item

    TypeError: (0 , _mockdata.generateData) is not a function

      4 |   describe('generateData', () => {
      5 |     it('generates unique ids for each item', () => {
    > 6 |       const result = generateData(5);
        |                                  ^
      7 |       const ids = result.items.map(item => item.id);
      8 |       expect(new Set(ids).size).toBe(5);
      9 |     });

      at Object.<anonymous> (src/services/mock-data.test.ts:6:34)

  ● mock-data › generateData › generates correct number of items

    TypeError: (0 , _mockdata.generateData) is not a function

      10 |
      11 |     it('generates correct number of items', () => {
    > 12 |       const result = generateData(10);
         |                                  ^
      13 |       expect(result.items).toHaveLength(10);
      14 |     });
      15 |

      at Object.<anonymous> (src/services/mock-data.test.ts:12:34)

  ● mock-data › generateData › has pagination metadata

    TypeError: (0 , _mockdata.generateData) is not a function

      15 |
      16 |     it('has pagination metadata', () => {
    > 17 |       const result = generateData(5);
         |                                  ^
      18 |       expect(result).toHaveProperty('total');
      19 |       expect(result).toHaveProperty('page');
      20 |       expect(result).toHaveProperty('pageSize');

      at Object.<anonymous> (src/services/mock-data.test.ts:17:34)

  ● mock-data › generateData › each item has required fields

    TypeError: (0 , _mockdata.generateData) is not a function

      22 |
      23 |     it('each item has required fields', () => {
    > 24 |       const result = generateData(3);
         |                                  ^
      25 |       result.items.forEach(item => {
      26 |         expect(item).toHaveProperty('id');
      27 |         expect(item).toHaveProperty('name');

      at Object.<anonymous> (src/services/mock-data.test.ts:24:34)

